07-16 14:07:38.381  3869  5402 I SurfaceFlinger: createSurf start. lock debugging [Surface(name=AppWindowToken{e9e4e1 token=Token{2727e48 ActivityRecord{f9790eb u0 com.android.todolist/.ListActivity t23735}}})/@0x9e94c45 - animation-leash]
07-16 14:07:38.382  3869  5402 I SurfaceFlinger: id=23817 createSurf (0x0),-1 flag=80004, Surface(name=AppWindowToken{e9e4e1 token=Token{2727e48 ActivityRecord{f9790eb u0 com.android.todolist/.ListActivity t23735}}})/@0x9e94c45 - animation-leash#0
07-16 14:07:38.382  4311  4345 D WindowManager: makeSurface duration=1 leash=Surface(name=Surface(name=AppWindowToken{e9e4e1 token=Token{2727e48 ActivityRecord{f9790eb u0 com.android.todolist/.ListActivity t23735}}})/@0x9e94c45 - animation-leash)/@0x3d7d178
07-16 14:07:38.400  4311  4355 D GameSDKService: MultiWindowEventListener.onFocusStackChanged(): com.android.todolist
07-16 14:07:38.400  4311  4355 D GameManagerService: MultiWindowEventListener.onFocusStackChanged(), state=0, top=ComponentInfo{com.android.todolist/com.android.todolist.ListActivity}
07-16 14:07:38.403  4311  4346 V WindowManager: Relayout Window{22ec3d5 u0 com.android.todolist/com.android.todolist.ListActivity}: viewVisibility=4 req=720x1560
07-16 14:07:38.413 23268 23558 I SAMSUNGPAY: [Hint_bl] isHomePackageRunning topPkgName = com.android.todolist, topClsName = com.android.todolist.ListActivity, return false , se : false
07-16 14:07:38.417  4311  4353 D CodecSolution: isMaxAspectPackageEx: com.android.todolist : false(0)
07-16 14:07:38.420  4311  4355 D GameManagerService: noteResumeComponent(), resumeComponent: com.android.todolist
07-16 14:07:38.420  4311  4355 D GamePkgDataHelper: getSosPolicy(). com.android.todolist
07-16 14:07:38.420  4311  4607 D GameManagerService: handleForegroundChange(). pkgName: com.android.todolist, clsName: com.android.todolist.ListActivity,FgActivityName:com.android.todolist/.ListActivity,userID:0
07-16 14:07:38.420  4311  4607 D GameManagerService:   handleForegroundChange(). set mFgApp: com.android.todolist
07-16 14:07:38.421  4311  4607 D GameManagerService: notifyResumePause(). pkg: com.android.todolist, type: 4, isMinimized: false, isTunableApp: false
07-16 14:07:38.421  4311  4355 D GameManagerService: identifyGamePackage. com.android.todolist, mCurrentUserId: 0, callerUserId: 0
07-16 14:07:38.422  4311  4355 D GamePkgDataHelper: getGamePkgData(). com.android.todolist
07-16 14:07:38.423  4311  8297 D GamePkgDataHelper: getSosPolicy(). com.android.todolist
07-16 14:07:38.444  4311  4346 D GameManagerService: identifyForegroundApp. com.android.todolist, mCurrentUserId: 0, callerUserId: 0
07-16 14:07:38.445  4311  4346 D GamePkgDataHelper: getGamePkgData(). com.android.todolist
07-16 14:07:38.452  4311  4346 D GameManagerService: identifyGamePackage. com.android.todolist, mCurrentUserId: 0, callerUserId: 0
07-16 14:07:38.452  4311  4346 D GamePkgDataHelper: getGamePkgData(). com.android.todolist
07-16 14:07:38.483  4311  8297 V WindowManager: Relayout Window{22ec3d5 u0 com.android.todolist/com.android.todolist.ListActivity}: viewVisibility=0 req=720x1560
07-16 14:07:38.487  3869  5402 I SurfaceFlinger: createSurf start. lock debugging [com.android.todolist/com.android.todolist.ListActivity$_26005]
07-16 14:07:38.488  3869  5402 I SurfaceFlinger: id=23819 createSurf (720x1560),1 flag=404, com.android.todolist/com.android.todolist.ListActivity$_26005#0
07-16 14:07:38.489  4311  8297 D WindowManager: makeSurface duration=1 name=com.android.todolist/com.android.todolist.ListActivity$_26005
07-16 14:07:38.491  4311  8297 V WindowManager: Changing focus from null to Window{22ec3d5 u0 com.android.todolist/com.android.todolist.ListActivity} displayId=0 Callers=com.android.server.wm.RootWindowContainer.updateFocusedWindowLocked:203 com.android.server.wm.WindowManagerService.updateFocusedWindowLocked:6107 com.android.server.wm.WindowManagerService.relayoutWindow:2554 com.android.server.wm.Session.relayout:202 android.view.IWindowSession$Stub.onTransact:708 com.android.server.wm.Session.onTransact:142 
07-16 14:07:38.525  4311  4346 I WindowManager: Reparenting to original parent: Surface(name=Task=23735)/@0x2954c8d, destroyLeash=true, surface=Surface(name=AppWindowToken{e9e4e1 token=Token{2727e48 ActivityRecord{f9790eb u0 com.android.todolist/.ListActivity t23735}}})/@0x9e94c45
07-16 14:07:38.531  3869  4295 I Layer   : id=23763 removeFromCurrentState 22ec3d5 com.android.todolist/com.android.todolist.ListActivity#0 (125)
07-16 14:07:38.531  3869  4295 I Layer   : id=23759 removeFromCurrentState AppWindowToken{e9e4e1 token=Token{2727e48 ActivityRecord{f9790eb u0 com.android.todolist/.ListActivity t23735}}}#0 (125)
07-16 14:07:38.532  3869  4295 I Layer   : id=23817 removeFromCurrentState Surface(name=AppWindowToken{e9e4e1 token=Token{2727e48 ActivityRecord{f9790eb u0 com.android.todolist/.ListActivity t23735}}})/@0x9e94c45 - animation-leash#0 (125)
07-16 14:07:38.532  3869  4295 I Layer   : id=23819 removeFromCurrentState com.android.todolist/com.android.todolist.ListActivity$_26005#0 (125)
07-16 14:07:38.540  3869  3869 E Layer   : [Surface(name=AppWindowToken{e9e4e1 token=Token{2727e48 ActivityRecord{f9790eb u0 com.android.todolist/.ListActivity t23735}}})/@0x9e94c45 - animation-leash#0] No local sync point found
07-16 14:07:38.540  3869  3869 E Layer   : [Surface(name=AppWindowToken{e9e4e1 token=Token{2727e48 ActivityRecord{f9790eb u0 com.android.todolist/.ListActivity t23735}}})/@0x9e94c45 - animation-leash#0] No local sync point found
07-16 14:07:38.543  4311  4665 D MdnieScenarioControlService:  packageName : com.android.todolist    className : com.android.todolist.ListActivity
07-16 14:07:38.567  3869  3935 I SurfaceFlinger: id=23817 Removed Surface(name=AppWindowToken{e9e4e1 token=Token{2727e48 ActivityRecord{f9790eb u0 com.android.todolist/.ListActivity t23735}}})/@0x9e94c45 - animation-leash#0 (125)
07-16 14:07:38.573  3869  3869 I Layer   : id=23817[1] Destroyed Surface(name=AppWindowToken{e9e4e1 token=Token{2727e48 ActivityRecord{f9790eb u0 com.android.todolist/.ListActivity t23735}}})/@0x9e94c45 - animation-leash#0
07-16 14:07:38.577  4311 13793 D WindowManager: finishDrawingWindow: Window{22ec3d5 u0 com.android.todolist/com.android.todolist.ListActivity} mDrawState=DRAW_PENDING
07-16 14:07:38.586 26005 26005 V InputMethodManager: Starting input: tba=com.android.todolist ic=null mNaviBarColor -855310 mIsGetNaviBarColorSuccess true , NavVisible : true , NavTrans : false
07-16 14:07:38.614  3869  3869 I SurfaceFlinger:      DEVICE | 0x7bc41ce700 | 0002 | RGBA_8888 |   0.0    0.0  720.0 1560.0 |    0    0  720 1560 | com.android.todolist/com.android.todolist.ListActivity$_26005#0
07-16 14:07:38.644  4311  4353 D CodecSolution: isMaxAspectPackageEx: com.android.todolist : false(0)
07-16 14:07:38.647 23268 23558 I SAMSUNGPAY: [Hint_bl] isHomePackageRunning topPkgName = com.android.todolist, topClsName = com.android.todolist.ListActivity, return false , se : false
07-16 14:07:38.657  4311  4356 I WindowManager: Reparenting to original parent: Surface(name=AppWindowToken{e9e4e1 token=Token{2727e48 ActivityRecord{f9790eb u0 com.android.todolist/.ListActivity t23735}}})/@0x9e94c45, destroyLeash=true, surface=Surface(name=9acffea SnapshotStartingWindow for taskId=23735)/@0x73f493e
07-16 14:07:38.677  3869  3869 I SurfaceFlinger:      DEVICE | 0x7bc41ce700 | 0002 | RGBA_8888 |   0.0    0.0  720.0 1560.0 |    0    0  720 1560 | com.android.todolist/com.android.todolist.ListActivity$_26005#0
07-16 14:07:38.749  4311  4589 W WifiTransportLayerUtils: getApplicationCategory - IOException com.android.todolist
07-16 14:07:38.770  4311  4665 D MdnieScenarioControlService:  packageName : com.android.todolist    className : com.android.todolist.ListActivity
07-16 14:07:39.902  4311  4607 D GameManagerService: handleForegroundChange(). pkgName: com.android.todolist, clsName: com.android.todolist.ListActivity,FgActivityName:com.android.todolist/.ListActivity,userID:0
07-16 14:07:44.454  4311 17996 D GameManagerService: identifyGamePackage. com.android.todolist, mCurrentUserId: 0, callerUserId: 0
07-16 14:07:44.454  4311 17996 D GamePkgDataHelper: getGamePkgData(). com.android.todolist
07-16 14:08:28.951  3869  3869 I SurfaceFlinger:      DEVICE | 0x7bc41ce480 | 0002 | RGBA_8888 |   0.0    0.0  720.0 1560.0 |    0    0  720 1560 | com.android.todolist/com.android.todolist.ListActivity$_26005#0
07-16 14:08:31.709  3869  3869 I SurfaceFlinger:      CLIENT | 0x7bc41ce480 | 0002 | RGBA_8888 |   0.0    0.0  720.0 1560.0 |    0    0  720 1560 | com.android.todolist/com.android.todolist.ListActivity$_26005#0
07-16 14:10:14.585  4311  4353 V WindowManager: Changing focus from Window{22ec3d5 u0 com.android.todolist/com.android.todolist.ListActivity} to null displayId=0 Callers=com.android.server.wm.RootWindowContainer.updateFocusedWindowLocked:203 com.android.server.wm.WindowManagerService.updateFocusedWindowLocked:6107 com.android.server.wm.ActivityDisplay.setFocusedApp:1529 com.android.server.wm.ActivityTaskManagerService.setResumedActivityUncheckLocked:6719 com.android.server.wm.ActivityRecord.moveFocusableActivityToTop:1810 com.android.server.wm.ActivityStack.moveTaskToFrontLocked:5557 
07-16 14:10:14.682  4311  4356 I WindowManager: Reparenting to leash, surface=Surface(name=AppWindowToken{e9e4e1 token=Token{2727e48 ActivityRecord{f9790eb u0 com.android.todolist/.ListActivity t23735}}})/@0x9e94c45
07-16 14:10:14.683  3869  3935 I SurfaceFlinger: createSurf start. lock debugging [Surface(name=AppWindowToken{e9e4e1 token=Token{2727e48 ActivityRecord{f9790eb u0 com.android.todolist/.ListActivity t23735}}})/@0x9e94c45 - animation-leash]
07-16 14:10:14.684  3869  3935 I SurfaceFlinger: id=23826 createSurf (0x0),-1 flag=80004, Surface(name=AppWindowToken{e9e4e1 token=Token{2727e48 ActivityRecord{f9790eb u0 com.android.todolist/.ListActivity t23735}}})/@0x9e94c45 - animation-leash#0
07-16 14:10:14.685  4311  4356 D WindowManager: makeSurface duration=2 leash=Surface(name=Surface(name=AppWindowToken{e9e4e1 token=Token{2727e48 ActivityRecord{f9790eb u0 com.android.todolist/.ListActivity t23735}}})/@0x9e94c45 - animation-leash)/@0x853d2d9
07-16 14:10:14.737  3869  3869 I SurfaceFlinger:      DEVICE | 0x7bc41ce700 | 0002 | RGBA_8888 |   0.0    0.0  720.0 1560.0 |    0    0  720 1560 | com.android.todolist/com.android.todolist.ListActivity$_26005#0
07-16 14:10:14.783  3869  3869 I SurfaceFlinger:      CLIENT | 0x7bc41ce700 | 0002 | RGBA_8888 |   0.0    0.0  720.0 1560.0 |    1    4  719 1556 | com.android.todolist/com.android.todolist.ListActivity$_26005#0
07-16 14:10:14.864  4311 13719 I WindowManager: Reparenting to original parent: Surface(name=Task=23735)/@0x2954c8d, destroyLeash=true, surface=Surface(name=AppWindowToken{e9e4e1 token=Token{2727e48 ActivityRecord{f9790eb u0 com.android.todolist/.ListActivity t23735}}})/@0x9e94c45
07-16 14:10:14.864  4311 13719 V WindowManager: Setting visibility of Window{22ec3d5 u0 com.android.todolist/com.android.todolist.ListActivity}: false, caller=com.android.server.wm.WindowContainer.sendAppVisibilityToClients:640 com.android.server.wm.AppWindowToken.setClientHidden:621 com.android.server.wm.AppWindowToken.onAnimationFinished:3516 com.android.server.wm.-$$Lambda$yVRF8YoeNdTa8GR1wDStVsHu8xM.run:2 com.android.server.wm.SurfaceAnimator.lambda$getFinishedCallback$0$SurfaceAnimator:100 
07-16 14:10:14.869  3869  4295 I Layer   : id=23826 removeFromCurrentState Surface(name=AppWindowToken{e9e4e1 token=Token{2727e48 ActivityRecord{f9790eb u0 com.android.todolist/.ListActivity t23735}}})/@0x9e94c45 - animation-leash#0 (121)
07-16 14:10:14.881  3869  3869 E Layer   : [Surface(name=AppWindowToken{e9e4e1 token=Token{2727e48 ActivityRecord{f9790eb u0 com.android.todolist/.ListActivity t23735}}})/@0x9e94c45 - animation-leash#0] No local sync point found
07-16 14:10:14.890  3869  4295 E BufferQueueProducer: [com.android.todolist/com.android.todolist.ListActivity$_26005#0] disconnect: not connected (req=1)
07-16 14:10:14.895  4311 13796 V WindowManager: Relayout Window{22ec3d5 u0 com.android.todolist/com.android.todolist.ListActivity}: viewVisibility=8 req=720x1560
07-16 14:10:14.954  4311 13796 V WindowManager: Relayout Window{22ec3d5 u0 com.android.todolist/com.android.todolist.ListActivity}: viewVisibility=8 req=720x1560
07-16 14:10:14.977  4311 13796 E WindowManager: win=Window{22ec3d5 u0 com.android.todolist/com.android.todolist.ListActivity} destroySurfaces: appStopped=true win.mWindowRemovalAllowed=false win.mRemoveOnExit=false win.mViewVisibility=8 caller=com.android.server.wm.AppWindowToken.destroySurfaces:1199 com.android.server.wm.AppWindowToken.destroySurfaces:1180 com.android.server.wm.AppWindowToken.notifyAppStopped:1235 com.android.server.wm.ActivityRecord.activityStoppedLocked:2597 com.android.server.wm.ActivityTaskManagerService.activityStopped:2380 android.app.IActivityTaskManager$Stub.onTransact:2180 android.os.Binder.execTransactInternal:1056 
07-16 14:10:14.977  4311 13796 I WindowManager: Destroying surface Surface(name=com.android.todolist/com.android.todolist.ListActivity$_26005)/@0xd7b39fe called by com.android.server.wm.WindowStateAnimator.destroySurface:1734 com.android.server.wm.WindowStateAnimator.destroySurfaceLocked:693 com.android.server.wm.WindowState.destroySurfaceUnchecked:3482 com.android.server.wm.WindowState.destroySurface:3456 com.android.server.wm.AppWindowToken.destroySurfaces:1199 com.android.server.wm.AppWindowToken.destroySurfaces:1180 com.android.server.wm.AppWindowToken.notifyAppStopped:1235 com.android.server.wm.ActivityRecord.activityStoppedLocked:2597 
07-16 14:10:14.978  3869  3928 I Layer   : id=23819 removeFromCurrentState com.android.todolist/com.android.todolist.ListActivity$_26005#0 (121)
07-16 14:10:14.985  3869  4295 I SurfaceFlinger: id=23819 Removed com.android.todolist/com.android.todolist.ListActivity$_26005#0 (121)
07-16 14:10:14.997  3869  3869 I Layer   : id=23819[1] Destroyed com.android.todolist/com.android.todolist.ListActivity$_26005#0
07-16 14:13:40.690 30221 30248 I SmProvider: makeValuesForFasUpdate contentValues=package_name=com.android.todolist extras=0 uid=10263 level=1 resetTime=1626433814586
07-16 14:27:05.871  4311 13717 I ActivityTaskManager: START u0 {act=android.intent.action.MAIN cat=[android.intent.category.LAUNCHER] flg=0x10200000 cmp=com.android.todolist/.MainActivity bnds=[26,918][191,1162]} from uid 10086
07-16 14:27:05.894  4311  4355 D GameSDKService: MultiWindowEventListener.onFocusStackChanged(), state=0, top=ComponentInfo{com.android.todolist/com.android.todolist.ListActivity}
07-16 14:27:05.895  4311  4355 D GameSDKService: MultiWindowEventListener.onFocusStackChanged(): com.android.todolist
07-16 14:27:05.895  4311  4355 D GameManagerService: MultiWindowEventListener.onFocusStackChanged(), state=0, top=ComponentInfo{com.android.todolist/com.android.todolist.ListActivity}
07-16 14:27:05.910  4311  4704 V WindowManager: Setting visibility of Window{22ec3d5 u0 com.android.todolist/com.android.todolist.ListActivity}: true, caller=com.android.server.wm.WindowContainer.sendAppVisibilityToClients:640 com.android.server.wm.AppWindowToken.setClientHidden:621 com.android.server.wm.AppWindowToken.setVisibility:717 com.android.server.wm.ActivityRecord.setVisibility:2135 com.android.server.wm.ActivityStack.resumeTopActivityInnerLocked:3376 
07-16 14:27:05.918  4311  4704 D MARsPolicyManager: onPackageResumedFG pkgName = com.android.todolist, userId = 0
07-16 14:27:05.935  4311 13717 I WindowManager: Reparenting to leash, surface=Surface(name=AppWindowToken{e9e4e1 token=Token{2727e48 ActivityRecord{f9790eb u0 com.android.todolist/.ListActivity t23735}}})/@0x9e94c45
07-16 14:27:05.935  3869  3928 I SurfaceFlinger: createSurf start. lock debugging [Surface(name=AppWindowToken{e9e4e1 token=Token{2727e48 ActivityRecord{f9790eb u0 com.android.todolist/.ListActivity t23735}}})/@0x9e94c45 - animation-leash]
07-16 14:27:05.935  3869  3928 I SurfaceFlinger: id=23878 createSurf (0x0),-1 flag=80004, Surface(name=AppWindowToken{e9e4e1 token=Token{2727e48 ActivityRecord{f9790eb u0 com.android.todolist/.ListActivity t23735}}})/@0x9e94c45 - animation-leash#0
07-16 14:27:05.936  4311 13717 D WindowManager: makeSurface duration=1 leash=Surface(name=Surface(name=AppWindowToken{e9e4e1 token=Token{2727e48 ActivityRecord{f9790eb u0 com.android.todolist/.ListActivity t23735}}})/@0x9e94c45 - animation-leash)/@0x977b339
07-16 14:27:05.948  4311  4492 V WindowManager: Relayout Window{22ec3d5 u0 com.android.todolist/com.android.todolist.ListActivity}: viewVisibility=4 req=720x1560
07-16 14:27:05.957  4311  4355 D GameManagerService: noteResumeComponent(), resumeComponent: com.android.todolist
07-16 14:27:05.957  4311  4355 D GamePkgDataHelper: getSosPolicy(). com.android.todolist
07-16 14:27:05.957  4311  4607 D GameManagerService: handleForegroundChange(). pkgName: com.android.todolist, clsName: com.android.todolist.ListActivity,FgActivityName:com.android.todolist/.ListActivity,userID:0
07-16 14:27:05.957  4311  4607 D GameManagerService:   handleForegroundChange(). set mFgApp: com.android.todolist
07-16 14:27:05.957  4311  4607 D GameManagerService: notifyResumePause(). pkg: com.android.todolist, type: 4, isMinimized: false, isTunableApp: false
07-16 14:27:05.958  4311  4355 D GameManagerService: identifyGamePackage. com.android.todolist, mCurrentUserId: 0, callerUserId: 0
07-16 14:27:05.958  4311  4355 D GamePkgDataHelper: getGamePkgData(). com.android.todolist
07-16 14:27:05.961  4311  4704 D GamePkgDataHelper: getSosPolicy(). com.android.todolist
07-16 14:27:05.965  4311  4704 D GameManagerService: identifyForegroundApp. com.android.todolist, mCurrentUserId: 0, callerUserId: 0
07-16 14:27:05.965  4311  4704 D GamePkgDataHelper: getGamePkgData(). com.android.todolist
07-16 14:27:05.966 23268 23558 I SAMSUNGPAY: [Hint_bl] isHomePackageRunning topPkgName = com.android.todolist, topClsName = com.android.todolist.ListActivity, return false , se : false
07-16 14:27:05.970  4311  4353 D CodecSolution: isMaxAspectPackageEx: com.android.todolist : false(0)
07-16 14:27:05.975  4311  4704 D GameManagerService: identifyGamePackage. com.android.todolist, mCurrentUserId: 0, callerUserId: 0
07-16 14:27:05.975  4311  4704 D GamePkgDataHelper: getGamePkgData(). com.android.todolist
07-16 14:27:06.012  4311  4704 V WindowManager: Relayout Window{22ec3d5 u0 com.android.todolist/com.android.todolist.ListActivity}: viewVisibility=0 req=720x1560
07-16 14:27:06.015  3869  4295 I SurfaceFlinger: createSurf start. lock debugging [com.android.todolist/com.android.todolist.ListActivity$_26005]
07-16 14:27:06.015  3869  4295 I SurfaceFlinger: id=23880 createSurf (720x1560),1 flag=404, com.android.todolist/com.android.todolist.ListActivity$_26005#0
07-16 14:27:06.017  4311  4704 D WindowManager: makeSurface duration=3 name=com.android.todolist/com.android.todolist.ListActivity$_26005
07-16 14:27:06.018  4311  4704 V WindowManager: Changing focus from null to Window{22ec3d5 u0 com.android.todolist/com.android.todolist.ListActivity} displayId=0 Callers=com.android.server.wm.RootWindowContainer.updateFocusedWindowLocked:203 com.android.server.wm.WindowManagerService.updateFocusedWindowLocked:6107 com.android.server.wm.WindowManagerService.relayoutWindow:2554 com.android.server.wm.Session.relayout:202 android.view.IWindowSession$Stub.onTransact:708 com.android.server.wm.Session.onTransact:142 
07-16 14:27:06.067  4311  4704 D WindowManager: finishDrawingWindow: Window{22ec3d5 u0 com.android.todolist/com.android.todolist.ListActivity} mDrawState=DRAW_PENDING
07-16 14:27:06.084 26005 26005 V InputMethodManager: Starting input: tba=com.android.todolist ic=null mNaviBarColor -855310 mIsGetNaviBarColorSuccess true , NavVisible : true , NavTrans : false
07-16 14:27:06.090  4311  4856 I WindowManager: Reparenting to original parent: Surface(name=Task=23735)/@0x2954c8d, destroyLeash=true, surface=Surface(name=AppWindowToken{e9e4e1 token=Token{2727e48 ActivityRecord{f9790eb u0 com.android.todolist/.ListActivity t23735}}})/@0x9e94c45
07-16 14:27:06.097  3869  3869 I SurfaceFlinger:      CLIENT | 0x7ba594b000 | 0002 | RGBA_8888 |   0.0    0.0  720.0 1560.0 |    0    0  720 1560 | com.android.todolist/com.android.todolist.ListActivity$_26005#0
07-16 14:27:06.105  3869  5053 I Layer   : id=23880 removeFromCurrentState com.android.todolist/com.android.todolist.ListActivity$_26005#0 (128)
07-16 14:27:06.105  3869  5053 I Layer   : id=23763 removeFromCurrentState 22ec3d5 com.android.todolist/com.android.todolist.ListActivity#0 (128)
07-16 14:27:06.106  3869  5053 I Layer   : id=23759 removeFromCurrentState AppWindowToken{e9e4e1 token=Token{2727e48 ActivityRecord{f9790eb u0 com.android.todolist/.ListActivity t23735}}}#0 (128)
07-16 14:27:06.106  3869  5053 I Layer   : id=23878 removeFromCurrentState Surface(name=AppWindowToken{e9e4e1 token=Token{2727e48 ActivityRecord{f9790eb u0 com.android.todolist/.ListActivity t23735}}})/@0x9e94c45 - animation-leash#0 (128)
07-16 14:27:06.109  4311  4665 D MdnieScenarioControlService:  packageName : com.android.todolist    className : com.android.todolist.ListActivity
07-16 14:27:06.116  3869  3869 E Layer   : [Surface(name=AppWindowToken{e9e4e1 token=Token{2727e48 ActivityRecord{f9790eb u0 com.android.todolist/.ListActivity t23735}}})/@0x9e94c45 - animation-leash#0] No local sync point found
07-16 14:27:06.124  3869  3869 I SurfaceFlinger:      DEVICE | 0x7ba594b3c0 | 0002 | RGBA_8888 |   0.0    0.0  720.0 1560.0 |    0    0  720 1560 | com.android.todolist/com.android.todolist.ListActivity$_26005#0
07-16 14:27:06.129  3869  3935 I SurfaceFlinger: id=23878 Removed Surface(name=AppWindowToken{e9e4e1 token=Token{2727e48 ActivityRecord{f9790eb u0 com.android.todolist/.ListActivity t23735}}})/@0x9e94c45 - animation-leash#0 (128)
07-16 14:27:06.133  3869  3869 I Layer   : id=23878[1] Destroyed Surface(name=AppWindowToken{e9e4e1 token=Token{2727e48 ActivityRecord{f9790eb u0 com.android.todolist/.ListActivity t23735}}})/@0x9e94c45 - animation-leash#0
07-16 14:27:06.162  4311  4356 I WindowManager: Reparenting to original parent: Surface(name=AppWindowToken{e9e4e1 token=Token{2727e48 ActivityRecord{f9790eb u0 com.android.todolist/.ListActivity t23735}}})/@0x9e94c45, destroyLeash=true, surface=Surface(name=ceff032 SnapshotStartingWindow for taskId=23735)/@0x6f44ed7
07-16 14:27:06.174  3869  3869 I SurfaceFlinger:      DEVICE | 0x7ba594b3c0 | 0002 | RGBA_8888 |   0.0    0.0  720.0 1560.0 |    0    0  720 1560 | com.android.todolist/com.android.todolist.ListActivity$_26005#0
07-16 14:27:06.194  4311  4353 D CodecSolution: isMaxAspectPackageEx: com.android.todolist : false(0)
07-16 14:27:06.199 23268 23558 I SAMSUNGPAY: [Hint_bl] isHomePackageRunning topPkgName = com.android.todolist, topClsName = com.android.todolist.ListActivity, return false , se : false
07-16 14:27:06.233  4311  4589 W WifiTransportLayerUtils: getApplicationCategory - IOException com.android.todolist
07-16 14:27:06.323  4311  4665 D MdnieScenarioControlService:  packageName : com.android.todolist    className : com.android.todolist.ListActivity
07-16 14:27:07.397  4311  4607 D GameManagerService: handleForegroundChange(). pkgName: com.android.todolist, clsName: com.android.todolist.ListActivity,FgActivityName:com.android.todolist/.ListActivity,userID:0
07-16 14:27:11.965  4311 17996 D GameManagerService: identifyGamePackage. com.android.todolist, mCurrentUserId: 0, callerUserId: 0
07-16 14:27:11.965  4311 17996 D GamePkgDataHelper: getGamePkgData(). com.android.todolist
07-16 14:29:00.099  4311 13727 V WindowManager: Changing focus from Window{22ec3d5 u0 com.android.todolist/com.android.todolist.ListActivity} to null displayId=0 Callers=com.android.server.wm.RootWindowContainer.updateFocusedWindowLocked:203 com.android.server.wm.WindowManagerService.updateFocusedWindowLocked:6107 com.android.server.wm.ActivityDisplay.setFocusedApp:1529 com.android.server.wm.ActivityTaskManagerService.setResumedActivityUncheckLocked:6719 com.android.server.wm.ActivityRecord.moveFocusableActivityToTop:1810 com.android.server.wm.ActivityStack.moveTaskToFrontLocked:5557 
07-16 14:29:00.132  5116 13432 D RecommendedItemsProvider: <RecentApps> : (3) [{com.android.todolist/com.android.todolist.MainActivity} / UserHandle{0}, {org.telegram.messenger/org.telegram.ui.LaunchActivity} / UserHandle{0}, {com.android.chrome/org.chromium.chrome.browser.customtabs.CustomTabActivity} / UserHandle{0}]
07-16 14:29:00.132  5116 13432 D RecommendedItemsProvider: <Excludings> : (3) [{org.telegram.messenger/org.telegram.ui.LaunchActivity} / UserHandle{0}, {com.android.todolist/com.android.todolist.MainActivity} / UserHandle{0}, {com.android.chrome/org.chromium.chrome.browser.customtabs.CustomTabActivity} / UserHandle{0}]
07-16 14:29:00.167  5116 13432 D RunestoneHelper: getAppsByUsagePattern of com.android.todolist
07-16 14:29:00.210  4311  4356 I WindowManager: Reparenting to leash, surface=Surface(name=AppWindowToken{e9e4e1 token=Token{2727e48 ActivityRecord{f9790eb u0 com.android.todolist/.ListActivity t23735}}})/@0x9e94c45
07-16 14:29:00.211  3869  3928 I SurfaceFlinger: createSurf start. lock debugging [Surface(name=AppWindowToken{e9e4e1 token=Token{2727e48 ActivityRecord{f9790eb u0 com.android.todolist/.ListActivity t23735}}})/@0x9e94c45 - animation-leash]
07-16 14:29:00.212  3869  3928 I SurfaceFlinger: id=23883 createSurf (0x0),-1 flag=80004, Surface(name=AppWindowToken{e9e4e1 token=Token{2727e48 ActivityRecord{f9790eb u0 com.android.todolist/.ListActivity t23735}}})/@0x9e94c45 - animation-leash#0
07-16 14:29:00.213  4311  4356 D WindowManager: makeSurface duration=3 leash=Surface(name=Surface(name=AppWindowToken{e9e4e1 token=Token{2727e48 ActivityRecord{f9790eb u0 com.android.todolist/.ListActivity t23735}}})/@0x9e94c45 - animation-leash)/@0xc8270f5
07-16 14:29:00.214  5116 13757 I AppIconSolution: return adaptive icon for com.android.todolist
07-16 14:29:00.313  3869  3869 I SurfaceFlinger:      CLIENT | 0x7ba594b3c0 | 0002 | RGBA_8888 |   0.0    0.0  720.0 1560.0 |    1    2  719 1557 | com.android.todolist/com.android.todolist.ListActivity$_26005#0
07-16 14:29:00.451  3869  5402 I SurfaceFlinger: id=23826 Removed Surface(name=AppWindowToken{e9e4e1 token=Token{2727e48 ActivityRecord{f9790eb u0 com.android.todolist/.ListActivity t23735}}})/@0x9e94c45 - animation-leash#0 (123)
07-16 14:29:00.462  3869  3869 I Layer   : id=23826[1] Destroyed Surface(name=AppWindowToken{e9e4e1 token=Token{2727e48 ActivityRecord{f9790eb u0 com.android.todolist/.ListActivity t23735}}})/@0x9e94c45 - animation-leash#0
07-16 14:29:00.646  4311 13727 I WindowManager: Reparenting to original parent: Surface(name=Task=23735)/@0x2954c8d, destroyLeash=true, surface=Surface(name=AppWindowToken{e9e4e1 token=Token{2727e48 ActivityRecord{f9790eb u0 com.android.todolist/.ListActivity t23735}}})/@0x9e94c45
07-16 14:29:00.647  4311 13727 V WindowManager: Setting visibility of Window{22ec3d5 u0 com.android.todolist/com.android.todolist.ListActivity}: false, caller=com.android.server.wm.WindowContainer.sendAppVisibilityToClients:640 com.android.server.wm.AppWindowToken.setClientHidden:621 com.android.server.wm.AppWindowToken.onAnimationFinished:3516 com.android.server.wm.-$$Lambda$yVRF8YoeNdTa8GR1wDStVsHu8xM.run:2 com.android.server.wm.SurfaceAnimator.lambda$getFinishedCallback$0$SurfaceAnimator:100 
07-16 14:29:00.651  3869  5402 I Layer   : id=23883 removeFromCurrentState Surface(name=AppWindowToken{e9e4e1 token=Token{2727e48 ActivityRecord{f9790eb u0 com.android.todolist/.ListActivity t23735}}})/@0x9e94c45 - animation-leash#0 (117)
07-16 14:29:00.661  3869  3869 E Layer   : [Surface(name=AppWindowToken{e9e4e1 token=Token{2727e48 ActivityRecord{f9790eb u0 com.android.todolist/.ListActivity t23735}}})/@0x9e94c45 - animation-leash#0] No local sync point found
07-16 14:29:00.661  3869  3869 E Layer   : [Surface(name=AppWindowToken{e9e4e1 token=Token{2727e48 ActivityRecord{f9790eb u0 com.android.todolist/.ListActivity t23735}}})/@0x9e94c45 - animation-leash#0] No local sync point found
07-16 14:29:00.667  3869  5053 E BufferQueueProducer: [com.android.todolist/com.android.todolist.ListActivity$_26005#0] disconnect: not connected (req=1)
07-16 14:29:00.668  4311 13727 V WindowManager: Relayout Window{22ec3d5 u0 com.android.todolist/com.android.todolist.ListActivity}: viewVisibility=8 req=720x1560
07-16 14:29:00.729  4311 13727 V WindowManager: Relayout Window{22ec3d5 u0 com.android.todolist/com.android.todolist.ListActivity}: viewVisibility=8 req=720x1560
07-16 14:29:00.748  4311  4856 E WindowManager: win=Window{22ec3d5 u0 com.android.todolist/com.android.todolist.ListActivity} destroySurfaces: appStopped=true win.mWindowRemovalAllowed=false win.mRemoveOnExit=false win.mViewVisibility=8 caller=com.android.server.wm.AppWindowToken.destroySurfaces:1199 com.android.server.wm.AppWindowToken.destroySurfaces:1180 com.android.server.wm.AppWindowToken.notifyAppStopped:1235 com.android.server.wm.ActivityRecord.activityStoppedLocked:2597 com.android.server.wm.ActivityTaskManagerService.activityStopped:2380 android.app.IActivityTaskManager$Stub.onTransact:2180 android.os.Binder.execTransactInternal:1056 
07-16 14:29:00.748  4311  4856 I WindowManager: Destroying surface Surface(name=com.android.todolist/com.android.todolist.ListActivity$_26005)/@0x7a7319a called by com.android.server.wm.WindowStateAnimator.destroySurface:1734 com.android.server.wm.WindowStateAnimator.destroySurfaceLocked:693 com.android.server.wm.WindowState.destroySurfaceUnchecked:3482 com.android.server.wm.WindowState.destroySurface:3456 com.android.server.wm.AppWindowToken.destroySurfaces:1199 com.android.server.wm.AppWindowToken.destroySurfaces:1180 com.android.server.wm.AppWindowToken.notifyAppStopped:1235 com.android.server.wm.ActivityRecord.activityStoppedLocked:2597 
07-16 14:29:00.748  3869  5402 I Layer   : id=23880 removeFromCurrentState com.android.todolist/com.android.todolist.ListActivity$_26005#0 (117)
07-16 14:29:00.749  3869  5402 I SurfaceFlinger: id=23880 Removed com.android.todolist/com.android.todolist.ListActivity$_26005#0 (117)
07-16 14:29:00.760  3869  3869 I Layer   : id=23880[1] Destroyed com.android.todolist/com.android.todolist.ListActivity$_26005#0
07-16 14:33:51.206 32071 32088 I SmProvider: makeValuesForFasUpdate contentValues=package_name=com.android.todolist extras=0 uid=10263 level=1 resetTime=1626434940100
