07-16 00:04:18.584 23165 23165 E AndroidRuntime: Process: com.android.todolist, PID: 23165
07-16 00:04:18.584 23165 23165 E AndroidRuntime: java.lang.RuntimeException: Unable to start activity ComponentInfo{com.android.todolist/com.android.todolist.ListActivity}: java.lang.IndexOutOfBoundsException: Index: 0, Size: 0
07-16 00:04:18.584 23165 23165 E AndroidRuntime: 	at com.android.todolist.ListActivity.onCreate(ListActivity.kt:40)
07-16 13:47:44.619  4311  4610 I ApplicationPolicy: isApplicationExternalStorageWhitelisted:com.android.todolist user:0
07-16 13:47:44.619  4311  4610 D ActivityManager: package  com.android.todolist, user - 0 is SDcard whitelisted
07-16 13:47:44.619  4311  4610 I ApplicationPolicy: isApplicationExternalStorageBlacklisted:com.android.todolist user:0
07-16 13:47:44.620  4311  4610 I ApplicationPolicy: isApplicationExternalStorageBlacklisted:com.android.todolist user:0
07-16 13:47:44.644  4311  4364 I ActivityManager: Start proc 26005:com.android.todolist/u0a263 for activelaunch {com.android.todolist/com.android.todolist.MainActivity}
07-16 13:47:44.687  4311 13719 I ActivityTaskManager: START u0 {act=android.intent.action.MAIN cat=[android.intent.category.LAUNCHER] flg=0x10200000 cmp=com.android.todolist/.MainActivity bnds=[26,918][191,1162]} from uid 10086
07-16 13:47:44.724  4311  4355 D GameSDKService: MultiWindowEventListener.onFocusStackChanged(), state=0, top=ComponentInfo{com.android.todolist/com.android.todolist.MainActivity}
07-16 13:47:44.730  4311  4356 D PhoneWindow: forceLight changed to true [Splash Screen com.android.todolist] from com.android.internal.policy.PhoneWindow.updateForceLightNavigationBar:4238 com.android.internal.policy.DecorView.updateColorViews:1494 com.android.internal.policy.PhoneWindow.dispatchWindowAttributesChanged:3216 android.view.Window.setFlags:1148 com.android.internal.policy.PhoneWindow.generateLayout:2444 
07-16 13:47:44.734  4311  4355 D GameSDKService: MultiWindowEventListener.onFocusStackChanged(): com.android.todolist
07-16 13:47:44.734  4311  4355 D GameManagerService: MultiWindowEventListener.onFocusStackChanged(), state=0, top=ComponentInfo{com.android.todolist/com.android.todolist.MainActivity}
07-16 13:47:44.735  3869  5053 I SurfaceFlinger: createSurf start. lock debugging [a262b03 Splash Screen com.android.todolist]
07-16 13:47:44.736  3869  5053 I SurfaceFlinger: id=23635 createSurf (0x0),-1 flag=80004, a262b03 Splash Screen com.android.todolist#0
07-16 13:47:44.744  4311 13719 I ActivityManager: DSS OFF for com.android.todolist
07-16 13:47:44.746  4311  4356 V WindowManager: Relayout Window{a262b03 u0 Splash Screen com.android.todolist}: viewVisibility=0 req=720x1560
07-16 13:47:44.749  3869  5053 I SurfaceFlinger: createSurf start. lock debugging [Splash Screen com.android.todolist]
07-16 13:47:44.750  3869  5053 I SurfaceFlinger: id=23636 createSurf (720x1560),1 flag=404, Splash Screen com.android.todolist#0
07-16 13:47:44.751  4311  4356 D WindowManager: makeSurface duration=2 name=Splash Screen com.android.todolist
07-16 13:47:44.760  4311 13719 D GamePkgDataHelper: notifyAppCreate(), pkgName: com.android.todolist, sendRet: true
07-16 13:47:44.760  4311  4607 D GamePkgDataHelper: getGamePkgData(). com.android.todolist
07-16 13:47:44.761  4311  4607 D GameManagerService: handleMessage(), MSG_APP_CREATE. ignore. pkgName: com.android.todolist
07-16 13:47:44.762  4311 13719 D MARsPolicyManager: onPackageResumedFG pkgName = com.android.todolist, userId = 0
07-16 13:47:44.775  4311  4356 D WindowManager: finishDrawingWindow: Window{a262b03 u0 Splash Screen com.android.todolist} mDrawState=DRAW_PENDING
07-16 13:47:44.777  4311  4353 D CodecSolution: isMaxAspectPackageEx: com.android.todolist : false(0)
07-16 13:47:44.781  4311  4356 V WindowManager: performShow on Window{a262b03 u0 Splash Screen com.android.todolist}: mDrawState=READY_TO_SHOW readyForDisplay=false starting=true during animation: policyVis=true parentHidden=false tok.hiddenRequested=false tok.hidden=true animating=true tok animating=true Callers=com.android.server.wm.WindowState.performShowLocked:4660 com.android.server.wm.WindowStateAnimator.commitFinishDrawingLocked:380 com.android.server.wm.DisplayContent.lambda$new$8$DisplayContent:948 com.android.server.wm.-$$Lambda$DisplayContent$qxt4izS31fb0LF2uo_OF9DMa7gc.accept:4 
07-16 13:47:44.784  4311  4356 I WindowManager: Reparenting to leash, surface=Surface(name=AppWindowToken{117fc1a token=Token{a23fac5 ActivityRecord{2396d3c u0 com.android.todolist/.MainActivity t23735}}})/@0xc1279b1
07-16 13:47:44.785  3869  5053 I SurfaceFlinger: createSurf start. lock debugging [Surface(name=AppWindowToken{117fc1a token=Token{a23fac5 ActivityRecord{2396d3c u0 com.android.todolist/.MainActivity t23735}}})/@0xc1279b1 - animation-leash]
07-16 13:47:44.785  3869  5053 I SurfaceFlinger: id=23638 createSurf (0x0),-1 flag=80004, Surface(name=AppWindowToken{117fc1a token=Token{a23fac5 ActivityRecord{2396d3c u0 com.android.todolist/.MainActivity t23735}}})/@0xc1279b1 - animation-leash#0
07-16 13:47:44.786  4311  4356 D WindowManager: makeSurface duration=2 leash=Surface(name=Surface(name=AppWindowToken{117fc1a token=Token{a23fac5 ActivityRecord{2396d3c u0 com.android.todolist/.MainActivity t23735}}})/@0xc1279b1 - animation-leash)/@0x970f775
07-16 13:47:44.791  4311  4353 D WindowManager: setSystemUiVisibility: displayId=0, vis=0x8018, fullVis=0x0, dockVis=0x0, win=Window{a262b03 u0 Splash Screen com.android.todolist}
07-16 13:47:44.797 23268 23558 I SAMSUNGPAY: [Hint_bl] isHomePackageRunning topPkgName = com.android.todolist, topClsName = com.android.todolist.MainActivity, return false , se : false
07-16 13:47:44.801  4311  5424 D GameManagerService: identifyGamePackage. com.android.todolist, mCurrentUserId: 0, callerUserId: 0
07-16 13:47:44.801  4311  5424 D GamePkgDataHelper: getGamePkgData(). com.android.todolist
07-16 13:47:44.803  4311  4355 D GameManagerService: noteResumeComponent(), resumeComponent: com.android.todolist
07-16 13:47:44.803  4311  4355 D GamePkgDataHelper: getSosPolicy(). com.android.todolist
07-16 13:47:44.803  4311  4607 D GameManagerService: handleForegroundChange(). pkgName: com.android.todolist, clsName: com.android.todolist.MainActivity,FgActivityName:com.android.todolist/.MainActivity,userID:0
07-16 13:47:44.803  4311  4607 D GameManagerService:   handleForegroundChange(). set mFgApp: com.android.todolist
07-16 13:47:44.803  4311  4607 D GameManagerService: notifyResumePause(). pkg: com.android.todolist, type: 4, isMinimized: false, isTunableApp: false
07-16 13:47:44.804  4311  4356 D WindowManager: finishDrawingWindow: Window{a262b03 u0 Splash Screen com.android.todolist} mDrawState=HAS_DRAWN
07-16 13:47:44.804  4311  4355 D GameManagerService: identifyGamePackage. com.android.todolist, mCurrentUserId: 0, callerUserId: 0
07-16 13:47:44.804  4311  4355 D GamePkgDataHelper: getGamePkgData(). com.android.todolist
07-16 13:47:44.806  4311  5809 D GamePkgDataHelper: getSosPolicy(). com.android.todolist
07-16 13:47:44.832  3869  3869 I SurfaceFlinger:      CLIENT | 0x7bc7c69980 | 0002 | RGBA_8888 |   0.0    0.0  720.0 1560.0 |    7  129  637 1493 | Splash Screen com.android.todolist#0
07-16 13:47:44.899  4311  4665 D MdnieScenarioControlService:  packageName : com.android.todolist    className : com.android.todolist.MainActivity
07-16 13:47:44.922  4311  5809 I WindowManager: Reparenting to original parent: Surface(name=Task=23735)/@0x2954c8d, destroyLeash=true, surface=Surface(name=AppWindowToken{117fc1a token=Token{a23fac5 ActivityRecord{2396d3c u0 com.android.todolist/.MainActivity t23735}}})/@0xc1279b1
07-16 13:47:44.928  3869  4295 I Layer   : id=23638 removeFromCurrentState Surface(name=AppWindowToken{117fc1a token=Token{a23fac5 ActivityRecord{2396d3c u0 com.android.todolist/.MainActivity t23735}}})/@0xc1279b1 - animation-leash#0 (111)
07-16 13:47:44.938  3869  3869 E Layer   : [Surface(name=AppWindowToken{117fc1a token=Token{a23fac5 ActivityRecord{2396d3c u0 com.android.todolist/.MainActivity t23735}}})/@0xc1279b1 - animation-leash#0] No local sync point found
07-16 13:47:44.949  3869  3869 I SurfaceFlinger:      DEVICE | 0x7bc7c69980 | 0002 | RGBA_8888 |   0.0    0.0  720.0 1560.0 |    0    0  720 1560 | Splash Screen com.android.todolist#0
07-16 13:47:44.953  3869  5402 I SurfaceFlinger: id=23638 Removed Surface(name=AppWindowToken{117fc1a token=Token{a23fac5 ActivityRecord{2396d3c u0 com.android.todolist/.MainActivity t23735}}})/@0xc1279b1 - animation-leash#0 (111)
07-16 13:47:44.954  3869  3869 I Layer   : id=23638[1] Destroyed Surface(name=AppWindowToken{117fc1a token=Token{a23fac5 ActivityRecord{2396d3c u0 com.android.todolist/.MainActivity t23735}}})/@0xc1279b1 - animation-leash#0
07-16 13:47:45.055  4311  4589 W WifiTransportLayerUtils: getApplicationCategory - IOException com.android.todolist
07-16 13:47:45.266  3869  5402 I SurfaceFlinger: createSurf start. lock debugging [c943d47 com.android.todolist/com.android.todolist.MainActivity]
07-16 13:47:45.267  3869  5402 I SurfaceFlinger: id=23640 createSurf (0x0),-1 flag=80004, c943d47 com.android.todolist/com.android.todolist.MainActivity#0
07-16 13:47:45.315  4311  5809 V WindowManager: Relayout Window{c943d47 u0 com.android.todolist/com.android.todolist.MainActivity}: viewVisibility=0 req=720x1560
07-16 13:47:45.318  3869  5402 I SurfaceFlinger: createSurf start. lock debugging [com.android.todolist/com.android.todolist.MainActivity$_26005]
07-16 13:47:45.318  3869  5402 I SurfaceFlinger: id=23641 createSurf (720x1560),1 flag=404, com.android.todolist/com.android.todolist.MainActivity$_26005#0
07-16 13:47:45.319  4311  5809 D WindowManager: makeSurface duration=2 name=com.android.todolist/com.android.todolist.MainActivity$_26005
07-16 13:47:45.320  4311  5809 V WindowManager: Changing focus from null to Window{c943d47 u0 com.android.todolist/com.android.todolist.MainActivity} displayId=0 Callers=com.android.server.wm.RootWindowContainer.updateFocusedWindowLocked:203 com.android.server.wm.WindowManagerService.updateFocusedWindowLocked:6107 com.android.server.wm.WindowManagerService.relayoutWindow:2554 com.android.server.wm.Session.relayout:202 android.view.IWindowSession$Stub.onTransact:708 com.android.server.wm.Session.onTransact:142 
07-16 13:47:45.473  4311  5809 D WindowManager: finishDrawingWindow: Window{c943d47 u0 com.android.todolist/com.android.todolist.MainActivity} mDrawState=DRAW_PENDING
07-16 13:47:45.489  4311  4356 I WindowManager: Reparenting to leash, surface=Surface(name=a262b03 Splash Screen com.android.todolist)/@0x7735455
07-16 13:47:45.490  3869  5402 I SurfaceFlinger: createSurf start. lock debugging [Surface(name=a262b03 Splash Screen com.android.todolist)/@0x7735455 - animation-leash]
07-16 13:47:45.490  3869  5402 I SurfaceFlinger: id=23642 createSurf (0x0),-1 flag=80004, Surface(name=a262b03 Splash Screen com.android.todolist)/@0x7735455 - animation-leash#0
07-16 13:47:45.491  4311  4356 D WindowManager: makeSurface duration=1 leash=Surface(name=Surface(name=a262b03 Splash Screen com.android.todolist)/@0x7735455 - animation-leash)/@0xe8afe6a
07-16 13:47:45.550  3869  3869 I SurfaceFlinger:      CLIENT | 0x7bc41cc900 | 0002 | RGBA_8888 |   0.0    0.0  720.0 1560.0 |    0    0  720 1560 | com.android.todolist/com.android.todolist.MainActivity$_26005#0
07-16 13:47:45.550  3869  3869 I SurfaceFlinger:      CLIENT | 0x7bc7c69980 | 0002 | RGBA_8888 |   0.0    0.0  720.0 1560.0 |    0    0  720 1560 | Splash Screen com.android.todolist#0
07-16 13:47:45.554  4311  4356 I WindowManager: Reparenting to original parent: Surface(name=AppWindowToken{117fc1a token=Token{a23fac5 ActivityRecord{2396d3c u0 com.android.todolist/.MainActivity t23735}}})/@0xc1279b1, destroyLeash=true, surface=Surface(name=a262b03 Splash Screen com.android.todolist)/@0x7735455
07-16 13:47:45.556  4311  4356 E WindowManager: win=Window{a262b03 u0 Splash Screen com.android.todolist EXITING} destroySurfaces: appStopped=false win.mWindowRemovalAllowed=true win.mRemoveOnExit=true win.mViewVisibility=0 caller=com.android.server.wm.AppWindowToken.destroySurfaces:1199 com.android.server.wm.AppWindowToken.destroySurfaces:1180 com.android.server.wm.WindowState.onExitAnimationDone:5030 com.android.server.wm.WindowStateAnimator.onAnimationFinished:287 com.android.server.wm.WindowState.onAnimationFinished:5471 com.android.server.wm.-$$Lambda$yVRF8YoeNdTa8GR1wDStVsHu8xM.run:2 com.android.server.wm.SurfaceAnimator.lambda$getFinishedCallback$0$SurfaceAnimator:100 
07-16 13:47:45.557  4311  4356 I WindowManager: Destroying surface Surface(name=Splash Screen com.android.todolist)/@0xbe1e0d1 called by com.android.server.wm.WindowStateAnimator.destroySurface:1734 com.android.server.wm.WindowStateAnimator.destroySurfaceLocked:693 com.android.server.wm.WindowState.destroySurfaceUnchecked:3482 com.android.server.wm.WindowState.destroySurface:3456 com.android.server.wm.AppWindowToken.destroySurfaces:1199 com.android.server.wm.AppWindowToken.destroySurfaces:1180 com.android.server.wm.WindowState.onExitAnimationDone:5030 com.android.server.wm.WindowStateAnimator.onAnimationFinished:287 
07-16 13:47:45.557  3869  5402 I Layer   : id=23636 removeFromCurrentState Splash Screen com.android.todolist#0 (111)
07-16 13:47:45.562  3869  5402 I Layer   : id=23635 removeFromCurrentState a262b03 Splash Screen com.android.todolist#0 (111)
07-16 13:47:45.562  3869  5402 I Layer   : id=23642 removeFromCurrentState Surface(name=a262b03 Splash Screen com.android.todolist)/@0x7735455 - animation-leash#0 (111)
07-16 13:47:45.565  3869  4295 I SurfaceFlinger: id=23635 Removed a262b03 Splash Screen com.android.todolist#0 (111)
07-16 13:47:45.565  3869  4295 I SurfaceFlinger: id=23642 Removed Surface(name=a262b03 Splash Screen com.android.todolist)/@0x7735455 - animation-leash#0 (111)
07-16 13:47:45.565  3869  4295 I SurfaceFlinger: id=23636 Removed Splash Screen com.android.todolist#0 (111)
07-16 13:47:45.570  3869  3869 I Layer   : id=23642[1] Destroyed Surface(name=a262b03 Splash Screen com.android.todolist)/@0x7735455 - animation-leash#0
07-16 13:47:45.570  3869  3869 I Layer   : id=23635[1] Destroyed a262b03 Splash Screen com.android.todolist#0
07-16 13:47:45.574  3869  3869 I Layer   : id=23636[1] Destroyed Splash Screen com.android.todolist#0
07-16 13:47:45.578  3869  3869 I SurfaceFlinger:      DEVICE | 0x7bc41cc900 | 0002 | RGBA_8888 |   0.0    0.0  720.0 1560.0 |    0    0  720 1560 | com.android.todolist/com.android.todolist.MainActivity$_26005#0
07-16 13:47:45.589 26005 26005 V InputMethodManager: Starting input: tba=com.android.todolist ic=null mNaviBarColor -855310 mIsGetNaviBarColorSuccess true , NavVisible : true , NavTrans : false
07-16 13:47:45.605 26005 26005 V InputMethodManager: Starting input: tba=com.android.todolist ic=null mNaviBarColor -855310 mIsGetNaviBarColorSuccess true , NavVisible : true , NavTrans : false
07-16 13:47:45.646  4311  4353 D CodecSolution: isMaxAspectPackageEx: com.android.todolist : false(0)
07-16 13:47:45.652 23268 23558 I SAMSUNGPAY: [Hint_bl] isHomePackageRunning topPkgName = com.android.todolist, topClsName = com.android.todolist.MainActivity, return false , se : false
07-16 13:47:45.775  4311  4665 D MdnieScenarioControlService:  packageName : com.android.todolist    className : com.android.todolist.MainActivity
07-16 13:47:46.236  4311  4607 D GameManagerService: handleForegroundChange(). pkgName: com.android.todolist, clsName: com.android.todolist.MainActivity,FgActivityName:com.android.todolist/.MainActivity,userID:0
07-16 13:47:50.813  4311 17996 D GameManagerService: identifyGamePackage. com.android.todolist, mCurrentUserId: 0, callerUserId: 0
07-16 13:47:50.813  4311 17996 D GamePkgDataHelper: getGamePkgData(). com.android.todolist
07-16 13:48:44.741  3869  3869 I SurfaceFlinger:      DEVICE | 0x7bc41cc680 | 0002 | RGBA_8888 |   0.0    0.0  720.0 1560.0 |    0    0  720 1560 | com.android.todolist/com.android.todolist.MainActivity$_26005#0
07-16 13:48:47.513  3869  3869 I SurfaceFlinger:      CLIENT | 0x7bc41cc680 | 0002 | RGBA_8888 |   0.0    0.0  720.0 1560.0 |    0    0  720 1560 | com.android.todolist/com.android.todolist.MainActivity$_26005#0
07-16 13:49:01.349  4311  4353 V WindowManager: Changing focus from Window{c943d47 u0 com.android.todolist/com.android.todolist.MainActivity} to null displayId=0 Callers=com.android.server.wm.RootWindowContainer.updateFocusedWindowLocked:203 com.android.server.wm.WindowManagerService.updateFocusedWindowLocked:6107 com.android.server.wm.ActivityDisplay.setFocusedApp:1529 com.android.server.wm.ActivityTaskManagerService.setResumedActivityUncheckLocked:6719 com.android.server.wm.ActivityRecord.moveFocusableActivityToTop:1810 com.android.server.wm.ActivityStack.moveTaskToFrontLocked:5557 
07-16 13:49:01.452  4311  4356 I WindowManager: Reparenting to leash, surface=Surface(name=AppWindowToken{117fc1a token=Token{a23fac5 ActivityRecord{2396d3c u0 com.android.todolist/.MainActivity t23735}}})/@0xc1279b1
07-16 13:49:01.453  3869  5402 I SurfaceFlinger: createSurf start. lock debugging [Surface(name=AppWindowToken{117fc1a token=Token{a23fac5 ActivityRecord{2396d3c u0 com.android.todolist/.MainActivity t23735}}})/@0xc1279b1 - animation-leash]
07-16 13:49:01.453  3869  5402 I SurfaceFlinger: id=23648 createSurf (0x0),-1 flag=80004, Surface(name=AppWindowToken{117fc1a token=Token{a23fac5 ActivityRecord{2396d3c u0 com.android.todolist/.MainActivity t23735}}})/@0xc1279b1 - animation-leash#0
07-16 13:49:01.453  4311  4356 D WindowManager: makeSurface duration=1 leash=Surface(name=Surface(name=AppWindowToken{117fc1a token=Token{a23fac5 ActivityRecord{2396d3c u0 com.android.todolist/.MainActivity t23735}}})/@0xc1279b1 - animation-leash)/@0x9684370
07-16 13:49:01.456  3869  3869 I SurfaceFlinger:      DEVICE | 0x7bc41cc680 | 0002 | RGBA_8888 |   0.0    0.0  720.0 1560.0 |    0    0  720 1560 | com.android.todolist/com.android.todolist.MainActivity$_26005#0
07-16 13:49:01.532  3869  3869 I SurfaceFlinger:      CLIENT | 0x7bc41cc680 | 0002 | RGBA_8888 |   0.0    0.0  720.0 1560.0 |    2    6  718 1554 | com.android.todolist/com.android.todolist.MainActivity$_26005#0
07-16 13:49:01.603  4311  4345 I WindowManager: Reparenting to original parent: Surface(name=Task=23735)/@0x2954c8d, destroyLeash=true, surface=Surface(name=AppWindowToken{117fc1a token=Token{a23fac5 ActivityRecord{2396d3c u0 com.android.todolist/.MainActivity t23735}}})/@0xc1279b1
07-16 13:49:01.604  4311  4345 V WindowManager: Setting visibility of Window{c943d47 u0 com.android.todolist/com.android.todolist.MainActivity}: false, caller=com.android.server.wm.WindowContainer.sendAppVisibilityToClients:640 com.android.server.wm.AppWindowToken.setClientHidden:621 com.android.server.wm.AppWindowToken.onAnimationFinished:3516 com.android.server.wm.-$$Lambda$yVRF8YoeNdTa8GR1wDStVsHu8xM.run:2 com.android.server.wm.SurfaceAnimator.lambda$getFinishedCallback$0$SurfaceAnimator:100 
07-16 13:49:01.610  3869  5402 I Layer   : id=23648 removeFromCurrentState Surface(name=AppWindowToken{117fc1a token=Token{a23fac5 ActivityRecord{2396d3c u0 com.android.todolist/.MainActivity t23735}}})/@0xc1279b1 - animation-leash#0 (109)
07-16 13:49:01.617  3869  3869 E Layer   : [Surface(name=AppWindowToken{117fc1a token=Token{a23fac5 ActivityRecord{2396d3c u0 com.android.todolist/.MainActivity t23735}}})/@0xc1279b1 - animation-leash#0] No local sync point found
07-16 13:49:01.617  3869  3869 E Layer   : [Surface(name=AppWindowToken{117fc1a token=Token{a23fac5 ActivityRecord{2396d3c u0 com.android.todolist/.MainActivity t23735}}})/@0xc1279b1 - animation-leash#0] No local sync point found
07-16 13:49:01.625  3869  5402 E BufferQueueProducer: [com.android.todolist/com.android.todolist.MainActivity$_26005#0] disconnect: not connected (req=1)
07-16 13:49:01.627  4311  4345 V WindowManager: Relayout Window{c943d47 u0 com.android.todolist/com.android.todolist.MainActivity}: viewVisibility=8 req=720x1560
07-16 13:49:01.659  4311  4345 V WindowManager: Relayout Window{c943d47 u0 com.android.todolist/com.android.todolist.MainActivity}: viewVisibility=8 req=720x1560
07-16 13:49:01.673  4311  4345 E WindowManager: win=Window{c943d47 u0 com.android.todolist/com.android.todolist.MainActivity} destroySurfaces: appStopped=true win.mWindowRemovalAllowed=false win.mRemoveOnExit=false win.mViewVisibility=8 caller=com.android.server.wm.AppWindowToken.destroySurfaces:1199 com.android.server.wm.AppWindowToken.destroySurfaces:1180 com.android.server.wm.AppWindowToken.notifyAppStopped:1235 com.android.server.wm.ActivityRecord.activityStoppedLocked:2597 com.android.server.wm.ActivityTaskManagerService.activityStopped:2380 android.app.IActivityTaskManager$Stub.onTransact:2180 android.os.Binder.execTransactInternal:1056 
07-16 13:49:01.673  4311  4345 I WindowManager: Destroying surface Surface(name=com.android.todolist/com.android.todolist.MainActivity$_26005)/@0x66b72e8 called by com.android.server.wm.WindowStateAnimator.destroySurface:1734 com.android.server.wm.WindowStateAnimator.destroySurfaceLocked:693 com.android.server.wm.WindowState.destroySurfaceUnchecked:3482 com.android.server.wm.WindowState.destroySurface:3456 com.android.server.wm.AppWindowToken.destroySurfaces:1199 com.android.server.wm.AppWindowToken.destroySurfaces:1180 com.android.server.wm.AppWindowToken.notifyAppStopped:1235 com.android.server.wm.ActivityRecord.activityStoppedLocked:2597 
07-16 13:49:01.674  3869  5053 I Layer   : id=23641 removeFromCurrentState com.android.todolist/com.android.todolist.MainActivity$_26005#0 (109)
07-16 13:49:01.674  3869  5053 I SurfaceFlinger: id=23641 Removed com.android.todolist/com.android.todolist.MainActivity$_26005#0 (109)
07-16 13:49:01.684  3869  3869 I Layer   : id=23641[1] Destroyed com.android.todolist/com.android.todolist.MainActivity$_26005#0
07-16 13:50:40.964  4311  5424 I ActivityTaskManager: START u0 {act=android.intent.action.MAIN cat=[android.intent.category.LAUNCHER] flg=0x10200000 cmp=com.android.todolist/.MainActivity bnds=[26,918][191,1162]} from uid 10086
07-16 13:50:40.979  4311  4355 D GameSDKService: MultiWindowEventListener.onFocusStackChanged(), state=0, top=ComponentInfo{com.android.todolist/com.android.todolist.MainActivity}
07-16 13:50:40.989  4311  4345 V WindowManager: Setting visibility of Window{c943d47 u0 com.android.todolist/com.android.todolist.MainActivity}: true, caller=com.android.server.wm.WindowContainer.sendAppVisibilityToClients:640 com.android.server.wm.AppWindowToken.setClientHidden:621 com.android.server.wm.AppWindowToken.setVisibility:717 com.android.server.wm.ActivityRecord.setVisibility:2135 com.android.server.wm.ActivityStack.resumeTopActivityInnerLocked:3376 
07-16 13:50:40.993  4311  4345 D MARsPolicyManager: onPackageResumedFG pkgName = com.android.todolist, userId = 0
07-16 13:50:40.999  4311 13659 V WindowManager: Relayout Window{c943d47 u0 com.android.todolist/com.android.todolist.MainActivity}: viewVisibility=4 req=720x1560
07-16 13:50:41.003  4311 13659 I WindowManager: Reparenting to leash, surface=Surface(name=AppWindowToken{117fc1a token=Token{a23fac5 ActivityRecord{2396d3c u0 com.android.todolist/.MainActivity t23735}}})/@0xc1279b1
07-16 13:50:41.003  3869  4295 I SurfaceFlinger: createSurf start. lock debugging [Surface(name=AppWindowToken{117fc1a token=Token{a23fac5 ActivityRecord{2396d3c u0 com.android.todolist/.MainActivity t23735}}})/@0xc1279b1 - animation-leash]
07-16 13:50:41.003  3869  4295 I SurfaceFlinger: id=23668 createSurf (0x0),-1 flag=80004, Surface(name=AppWindowToken{117fc1a token=Token{a23fac5 ActivityRecord{2396d3c u0 com.android.todolist/.MainActivity t23735}}})/@0xc1279b1 - animation-leash#0
07-16 13:50:41.003  4311 13659 D WindowManager: makeSurface duration=1 leash=Surface(name=Surface(name=AppWindowToken{117fc1a token=Token{a23fac5 ActivityRecord{2396d3c u0 com.android.todolist/.MainActivity t23735}}})/@0xc1279b1 - animation-leash)/@0x56d30fd
07-16 13:50:41.019  4311  4355 D GameSDKService: MultiWindowEventListener.onFocusStackChanged(): com.android.todolist
07-16 13:50:41.019  4311  4355 D GameManagerService: MultiWindowEventListener.onFocusStackChanged(), state=0, top=ComponentInfo{com.android.todolist/com.android.todolist.MainActivity}
07-16 13:50:41.023  4311  4355 D GameManagerService: noteResumeComponent(), resumeComponent: com.android.todolist
07-16 13:50:41.023  4311  4355 D GamePkgDataHelper: getSosPolicy(). com.android.todolist
07-16 13:50:41.023  4311  4607 D GameManagerService: handleForegroundChange(). pkgName: com.android.todolist, clsName: com.android.todolist.MainActivity,FgActivityName:com.android.todolist/.MainActivity,userID:0
07-16 13:50:41.024  4311  4607 D GameManagerService:   handleForegroundChange(). set mFgApp: com.android.todolist
07-16 13:50:41.024  4311  4607 D GameManagerService: notifyResumePause(). pkg: com.android.todolist, type: 4, isMinimized: false, isTunableApp: false
07-16 13:50:41.026  4311  4355 D GameManagerService: identifyGamePackage. com.android.todolist, mCurrentUserId: 0, callerUserId: 0
07-16 13:50:41.026  4311  4355 D GamePkgDataHelper: getGamePkgData(). com.android.todolist
07-16 13:50:41.028  4311 13659 D GamePkgDataHelper: getSosPolicy(). com.android.todolist
07-16 13:50:41.036  4311 13719 V WindowManager: Relayout Window{c943d47 u0 com.android.todolist/com.android.todolist.MainActivity}: viewVisibility=0 req=720x1560
07-16 13:50:41.038 23268 23558 I SAMSUNGPAY: [Hint_bl] isHomePackageRunning topPkgName = com.android.todolist, topClsName = com.android.todolist.MainActivity, return false , se : false
07-16 13:50:41.041  3869  3928 I SurfaceFlinger: createSurf start. lock debugging [com.android.todolist/com.android.todolist.MainActivity$_26005]
07-16 13:50:41.041  3869  3928 I SurfaceFlinger: id=23670 createSurf (720x1560),1 flag=404, com.android.todolist/com.android.todolist.MainActivity$_26005#0
07-16 13:50:41.043  4311 13719 D WindowManager: makeSurface duration=2 name=com.android.todolist/com.android.todolist.MainActivity$_26005
07-16 13:50:41.044  4311 13719 V WindowManager: Changing focus from null to Window{c943d47 u0 com.android.todolist/com.android.todolist.MainActivity} displayId=0 Callers=com.android.server.wm.RootWindowContainer.updateFocusedWindowLocked:203 com.android.server.wm.WindowManagerService.updateFocusedWindowLocked:6107 com.android.server.wm.WindowManagerService.relayoutWindow:2554 com.android.server.wm.Session.relayout:202 android.view.IWindowSession$Stub.onTransact:708 com.android.server.wm.Session.onTransact:142 
07-16 13:50:41.045  4311  4353 D CodecSolution: isMaxAspectPackageEx: com.android.todolist : false(0)
07-16 13:50:41.071  4311 13758 D WindowManager: finishDrawingWindow: Window{c943d47 u0 com.android.todolist/com.android.todolist.MainActivity} mDrawState=DRAW_PENDING
07-16 13:50:41.083 26005 26005 V InputMethodManager: Starting input: tba=com.android.todolist ic=null mNaviBarColor -855310 mIsGetNaviBarColorSuccess true , NavVisible : true , NavTrans : false
07-16 13:50:41.110  3869  3869 I SurfaceFlinger:      CLIENT | 0x7bc40a5980 | 0002 | RGBA_8888 |   0.0    0.0  720.0 1560.0 |    1   32  699 1543 | com.android.todolist/com.android.todolist.MainActivity$_26005#0
07-16 13:50:41.142  4311  4356 I WindowManager: Reparenting to original parent: Surface(name=AppWindowToken{117fc1a token=Token{a23fac5 ActivityRecord{2396d3c u0 com.android.todolist/.MainActivity t23735}}})/@0xc1279b1, destroyLeash=true, surface=Surface(name=6a11566 SnapshotStartingWindow for taskId=23735)/@0xef294bb
07-16 13:50:41.147  4311  4345 I WindowManager: Reparenting to original parent: Surface(name=Task=23735)/@0x2954c8d, destroyLeash=true, surface=Surface(name=AppWindowToken{117fc1a token=Token{a23fac5 ActivityRecord{2396d3c u0 com.android.todolist/.MainActivity t23735}}})/@0xc1279b1
07-16 13:50:41.160  3869  3935 I Layer   : id=23668 removeFromCurrentState Surface(name=AppWindowToken{117fc1a token=Token{a23fac5 ActivityRecord{2396d3c u0 com.android.todolist/.MainActivity t23735}}})/@0xc1279b1 - animation-leash#0 (115)
07-16 13:50:41.162  3869  4295 I SurfaceFlinger: id=23668 Removed Surface(name=AppWindowToken{117fc1a token=Token{a23fac5 ActivityRecord{2396d3c u0 com.android.todolist/.MainActivity t23735}}})/@0xc1279b1 - animation-leash#0 (115)
07-16 13:50:41.164  4311  4665 D MdnieScenarioControlService:  packageName : com.android.todolist    className : com.android.todolist.MainActivity
07-16 13:50:41.174  3869  3869 I SurfaceFlinger:      CLIENT | 0x7bc40a5e80 | 0002 | RGBA_8888 |   0.0    0.0  720.0 1560.0 |    0    0  720 1560 | com.android.todolist/com.android.todolist.MainActivity$_26005#0
07-16 13:50:41.176  3869  3869 I Layer   : id=23668[1] Destroyed Surface(name=AppWindowToken{117fc1a token=Token{a23fac5 ActivityRecord{2396d3c u0 com.android.todolist/.MainActivity t23735}}})/@0xc1279b1 - animation-leash#0
07-16 13:50:41.186  3869  3869 I SurfaceFlinger:      DEVICE | 0x7bc40a5e80 | 0002 | RGBA_8888 |   0.0    0.0  720.0 1560.0 |    0    0  720 1560 | com.android.todolist/com.android.todolist.MainActivity$_26005#0
07-16 13:50:41.222  4311  4353 D CodecSolution: isMaxAspectPackageEx: com.android.todolist : false(0)
07-16 13:50:41.222  4311  4589 W WifiTransportLayerUtils: getApplicationCategory - IOException com.android.todolist
07-16 13:50:41.232 23268 23558 I SAMSUNGPAY: [Hint_bl] isHomePackageRunning topPkgName = com.android.todolist, topClsName = com.android.todolist.MainActivity, return false , se : false
07-16 13:50:41.350  4311  4665 D MdnieScenarioControlService:  packageName : com.android.todolist    className : com.android.todolist.MainActivity
07-16 13:50:42.521  4311  4607 D GameManagerService: handleForegroundChange(). pkgName: com.android.todolist, clsName: com.android.todolist.MainActivity,FgActivityName:com.android.todolist/.MainActivity,userID:0
07-16 13:50:47.058  4311 17996 D GameManagerService: identifyGamePackage. com.android.todolist, mCurrentUserId: 0, callerUserId: 0
07-16 13:50:47.058  4311 17996 D GamePkgDataHelper: getGamePkgData(). com.android.todolist
07-16 13:50:47.130  3869  5402 I SurfaceFlinger: createSurf start. lock debugging [39a528b com.android.todolist/com.android.todolist.MainActivity]
07-16 13:50:47.130  3869  5402 I SurfaceFlinger: id=23672 createSurf (0x0),-1 flag=80004, 39a528b com.android.todolist/com.android.todolist.MainActivity#0
07-16 13:50:47.132  4311 13733 V WindowManager: Changing focus from Window{c943d47 u0 com.android.todolist/com.android.todolist.MainActivity} to Window{39a528b u0 com.android.todolist/com.android.todolist.MainActivity} displayId=0 Callers=com.android.server.wm.RootWindowContainer.updateFocusedWindowLocked:203 com.android.server.wm.WindowManagerService.updateFocusedWindowLocked:6107 com.android.server.wm.WindowManagerService.addWindow:1822 com.android.server.wm.Session.addToDisplay:167 android.view.IWindowSession$Stub.onTransact:549 com.android.server.wm.Session.onTransact:142 
07-16 13:50:47.173  4311 13733 V WindowManager: Relayout Window{39a528b u0 com.android.todolist/com.android.todolist.MainActivity}: viewVisibility=0 req=683x389
07-16 13:50:47.180  3869  5402 I SurfaceFlinger: createSurf start. lock debugging [com.android.todolist/com.android.todolist.MainActivity$_26005]
07-16 13:50:47.180  3869  5402 I SurfaceFlinger: id=23673 createSurf (795x501),1 flag=4, com.android.todolist/com.android.todolist.MainActivity$_26005#1
07-16 13:50:47.181  4311 13733 D WindowManager: makeSurface duration=2 name=com.android.todolist/com.android.todolist.MainActivity$_26005
07-16 13:50:47.232  4311 13733 D WindowManager: finishDrawingWindow: Window{39a528b u0 com.android.todolist/com.android.todolist.MainActivity} mDrawState=DRAW_PENDING
07-16 13:50:47.244  4311  4356 I WindowManager: Reparenting to leash, surface=Surface(name=39a528b com.android.todolist/com.android.todolist.MainActivity)/@0x59d9826
07-16 13:50:47.244  3869  5402 I SurfaceFlinger: createSurf start. lock debugging [Surface(name=39a528b com.android.todolist/com.android.todolist.MainActivity)/@0x59d9826 - animation-leash]
07-16 13:50:47.245 26005 26005 D EmergencyMode: [EmergencyManager] android createPackageContext successful: com.android.todolist
07-16 13:50:47.245  3869  5402 I SurfaceFlinger: id=23674 createSurf (0x0),-1 flag=80004, Surface(name=39a528b com.android.todolist/com.android.todolist.MainActivity)/@0x59d9826 - animation-leash#0
07-16 13:50:47.245  4311  4356 D WindowManager: makeSurface duration=1 leash=Surface(name=Surface(name=39a528b com.android.todolist/com.android.todolist.MainActivity)/@0x59d9826 - animation-leash)/@0xbd98c67
07-16 13:50:47.250 26005 26005 V InputMethodManager: Starting input: tba=com.android.todolist ic=null mNaviBarColor -855310 mIsGetNaviBarColorSuccess true , NavVisible : true , NavTrans : false
07-16 13:50:47.261  4311  4353 D WindowManager: setSystemUiVisibility: displayId=0, vis=0x8008, fullVis=0x0, dockVis=0x0, win=Window{39a528b u0 com.android.todolist/com.android.todolist.MainActivity}
07-16 13:50:47.293  3869  3869 I SurfaceFlinger:      DEVICE | 0x7bc40a5980 | 0002 | RGBA_8888 |   0.0    0.0  720.0 1560.0 |    0    0  720 1560 | com.android.todolist/com.android.todolist.MainActivity$_26005#0
07-16 13:50:47.293  3869  3869 I SurfaceFlinger:      DEVICE | 0x7bc41cbc80 | 0000 | RGBA_8888 |  38.0    0.0  758.0  501.0 |    0  514  720 1015 | com.android.todolist/com.android.todolist.MainActivity$_26005#1
07-16 13:50:47.405  4311  4356 I WindowManager: Reparenting to original parent: Surface(name=AppWindowToken{117fc1a token=Token{a23fac5 ActivityRecord{2396d3c u0 com.android.todolist/.MainActivity t23735}}})/@0xc1279b1, destroyLeash=true, surface=Surface(name=39a528b com.android.todolist/com.android.todolist.MainActivity)/@0x59d9826
07-16 13:50:47.409  3869  3935 I Layer   : id=23674 removeFromCurrentState Surface(name=39a528b com.android.todolist/com.android.todolist.MainActivity)/@0x59d9826 - animation-leash#0 (116)
07-16 13:50:47.413  3869  3935 I SurfaceFlinger: id=23674 Removed Surface(name=39a528b com.android.todolist/com.android.todolist.MainActivity)/@0x59d9826 - animation-leash#0 (116)
07-16 13:50:47.420  3869  3869 I Layer   : id=23674[1] Destroyed Surface(name=39a528b com.android.todolist/com.android.todolist.MainActivity)/@0x59d9826 - animation-leash#0
07-16 13:50:49.143 26005 26005 V InputMethodManager: Starting input: tba=com.android.todolist ic=com.android.internal.widget.EditableInputConnection@b83867 mNaviBarColor -855310 mIsGetNaviBarColorSuccess true , NavVisible : true , NavTrans : false
07-16 13:50:49.153 26005 26005 D InputMethodManager: SSI - flag : 0 Pid : 26005 view : com.android.todolist
07-16 13:50:49.413 26210 26210 D [SPAF]StructureParser: Parsing structure for ComponentInfo{com.android.todolist/com.android.todolist.MainActivity}
07-16 13:50:49.701  4311  4353 D WindowManager: setSystemUiVisibility: displayId=0, vis=0x8018, fullVis=0x0, dockVis=0x0, win=Window{39a528b u0 com.android.todolist/com.android.todolist.MainActivity}
07-16 13:50:49.704  4311  5424 I WindowManager: Reparenting to leash, surface=Surface(name=39a528b com.android.todolist/com.android.todolist.MainActivity)/@0x59d9826
07-16 13:50:49.705  3869  3935 I SurfaceFlinger: createSurf start. lock debugging [Surface(name=39a528b com.android.todolist/com.android.todolist.MainActivity)/@0x59d9826 - animation-leash]
07-16 13:50:49.705  3869  3935 I SurfaceFlinger: id=23678 createSurf (0x0),-1 flag=80004, Surface(name=39a528b com.android.todolist/com.android.todolist.MainActivity)/@0x59d9826 - animation-leash#0
07-16 13:50:49.706  4311  5424 D WindowManager: makeSurface duration=1 leash=Surface(name=Surface(name=39a528b com.android.todolist/com.android.todolist.MainActivity)/@0x59d9826 - animation-leash)/@0xd3a4f6a
07-16 13:50:49.734  4311 13733 V WindowManager: Relayout Window{c943d47 u0 com.android.todolist/com.android.todolist.MainActivity}: viewVisibility=0 req=720x1560
07-16 13:50:49.859  3869  3869 I SurfaceFlinger:      DEVICE | 0x7bc40a5e80 | 0002 | RGBA_8888 |   0.0    0.0  720.0 1560.0 |    0    0  720 1560 | com.android.todolist/com.android.todolist.MainActivity$_26005#0
07-16 13:50:49.859  3869  3869 I SurfaceFlinger:      DEVICE | 0x7bc41cbc80 | 0000 | RGBA_8888 |  38.0    0.0  758.0  501.0 |    0  272  720  774 | com.android.todolist/com.android.todolist.MainActivity$_26005#1
07-16 13:50:50.119  4311  4356 I WindowManager: Reparenting to original parent: Surface(name=AppWindowToken{117fc1a token=Token{a23fac5 ActivityRecord{2396d3c u0 com.android.todolist/.MainActivity t23735}}})/@0xc1279b1, destroyLeash=true, surface=Surface(name=39a528b com.android.todolist/com.android.todolist.MainActivity)/@0x59d9826
07-16 13:50:50.140  3869  5402 I Layer   : id=23678 removeFromCurrentState Surface(name=39a528b com.android.todolist/com.android.todolist.MainActivity)/@0x59d9826 - animation-leash#0 (115)
07-16 13:50:50.143  3869  5402 I SurfaceFlinger: id=23678 Removed Surface(name=39a528b com.android.todolist/com.android.todolist.MainActivity)/@0x59d9826 - animation-leash#0 (115)
07-16 13:50:50.151  3869  3869 I Layer   : id=23678[1] Destroyed Surface(name=39a528b com.android.todolist/com.android.todolist.MainActivity)/@0x59d9826 - animation-leash#0
07-16 13:50:50.892  3869  3869 I SurfaceFlinger:      DEVICE | 0x7bc40a5e80 | 0002 | RGBA_8888 |   0.0    0.0  720.0 1560.0 |    0    0  720 1560 | com.android.todolist/com.android.todolist.MainActivity$_26005#0
07-16 13:50:50.892  3869  3869 I SurfaceFlinger:      DEVICE | 0x7bc40a4bc0 | 0000 | RGBA_8888 |  38.0    0.0  758.0  501.0 |    0  221  720  722 | com.android.todolist/com.android.todolist.MainActivity$_26005#1
07-16 13:50:52.797  3869  5402 E BufferQueueProducer: [com.android.todolist/com.android.todolist.MainActivity$_26005#1] disconnect: not connected (req=1)
07-16 13:50:52.801  4311  5424 I WindowManager: Reparenting to leash, surface=Surface(name=39a528b com.android.todolist/com.android.todolist.MainActivity)/@0x59d9826
07-16 13:50:52.801  3869  5402 I SurfaceFlinger: createSurf start. lock debugging [Surface(name=39a528b com.android.todolist/com.android.todolist.MainActivity)/@0x59d9826 - animation-leash]
07-16 13:50:52.802  3869  5402 I SurfaceFlinger: id=23683 createSurf (0x0),-1 flag=80004, Surface(name=39a528b com.android.todolist/com.android.todolist.MainActivity)/@0x59d9826 - animation-leash#0
07-16 13:50:52.803  4311  5424 D WindowManager: makeSurface duration=2 leash=Surface(name=Surface(name=39a528b com.android.todolist/com.android.todolist.MainActivity)/@0x59d9826 - animation-leash)/@0xaab024b
07-16 13:50:52.811  4311  5424 V WindowManager: Changing focus from Window{39a528b u0 com.android.todolist/com.android.todolist.MainActivity EXITING} to Window{c943d47 u0 com.android.todolist/com.android.todolist.MainActivity} displayId=0 Callers=com.android.server.wm.RootWindowContainer.updateFocusedWindowLocked:203 com.android.server.wm.WindowManagerService.updateFocusedWindowLocked:6107 com.android.server.wm.WindowState.setupWindowForRemoveOnExit:2441 com.android.server.wm.WindowState.removeIfPossible:2410 com.android.server.wm.WindowState.removeIfPossible:2297 com.android.server.wm.WindowManagerService.removeWindow:2024 
07-16 13:50:52.816  4311 13733 E InputDispatcher: Window handle Window{39a528b u0 com.android.todolist/com.android.todolist.MainActivity} has no registered input channel
07-16 13:50:52.833  4311  5424 E InputDispatcher: Window handle Window{39a528b u0 com.android.todolist/com.android.todolist.MainActivity} has no registered input channel
07-16 13:50:52.869 26005 26005 V InputMethodManager: Starting input: tba=com.android.todolist ic=null mNaviBarColor -855310 mIsGetNaviBarColorSuccess true , NavVisible : true , NavTrans : false
07-16 13:50:52.908  3869  3869 I SurfaceFlinger:      DEVICE | 0x7bc40a5e80 | 0002 | RGBA_8888 |   0.0    0.0  720.0 1560.0 |    0    0  720 1560 | com.android.todolist/com.android.todolist.MainActivity$_26005#0
07-16 13:50:52.908  3869  3869 I SurfaceFlinger:      DEVICE | 0x7bc41cbc80 | 0000 | RGBA_8888 |  38.0    0.0  758.0  501.0 |    0  221  720  722 | com.android.todolist/com.android.todolist.MainActivity$_26005#1
07-16 13:50:52.982  4311  4356 I WindowManager: Reparenting to original parent: Surface(name=AppWindowToken{117fc1a token=Token{a23fac5 ActivityRecord{2396d3c u0 com.android.todolist/.MainActivity t23735}}})/@0xc1279b1, destroyLeash=true, surface=Surface(name=39a528b com.android.todolist/com.android.todolist.MainActivity)/@0x59d9826
07-16 13:50:52.983  4311  4356 E WindowManager: win=Window{39a528b u0 com.android.todolist/com.android.todolist.MainActivity EXITING} destroySurfaces: appStopped=false win.mWindowRemovalAllowed=true win.mRemoveOnExit=true win.mViewVisibility=0 caller=com.android.server.wm.AppWindowToken.destroySurfaces:1199 com.android.server.wm.AppWindowToken.destroySurfaces:1180 com.android.server.wm.WindowState.onExitAnimationDone:5030 com.android.server.wm.WindowStateAnimator.onAnimationFinished:287 com.android.server.wm.WindowState.onAnimationFinished:5471 com.android.server.wm.-$$Lambda$yVRF8YoeNdTa8GR1wDStVsHu8xM.run:2 com.android.server.wm.SurfaceAnimator.lambda$getFinishedCallback$0$SurfaceAnimator:100 
07-16 13:50:52.983  4311  4356 I WindowManager: Destroying surface Surface(name=com.android.todolist/com.android.todolist.MainActivity$_26005)/@0x3e76fc3 called by com.android.server.wm.WindowStateAnimator.destroySurface:1734 com.android.server.wm.WindowStateAnimator.destroySurfaceLocked:693 com.android.server.wm.WindowState.destroySurfaceUnchecked:3482 com.android.server.wm.WindowState.destroySurface:3456 com.android.server.wm.AppWindowToken.destroySurfaces:1199 com.android.server.wm.AppWindowToken.destroySurfaces:1180 com.android.server.wm.WindowState.onExitAnimationDone:5030 com.android.server.wm.WindowStateAnimator.onAnimationFinished:287 
07-16 13:50:52.984  3869  5053 I Layer   : id=23673 removeFromCurrentState com.android.todolist/com.android.todolist.MainActivity$_26005#1 (116)
07-16 13:50:52.992  3869  5053 I Layer   : id=23672 removeFromCurrentState 39a528b com.android.todolist/com.android.todolist.MainActivity#0 (116)
07-16 13:50:52.992  3869  5053 I Layer   : id=23683 removeFromCurrentState Surface(name=39a528b com.android.todolist/com.android.todolist.MainActivity)/@0x59d9826 - animation-leash#0 (116)
07-16 13:50:52.992  3869  3869 I SurfaceFlinger:      DEVICE | 0x7bc40a5980 | 0002 | RGBA_8888 |   0.0    0.0  720.0 1560.0 |    0    0  720 1560 | com.android.todolist/com.android.todolist.MainActivity$_26005#0
07-16 13:50:52.994  3869  3928 I SurfaceFlinger: id=23683 Removed Surface(name=39a528b com.android.todolist/com.android.todolist.MainActivity)/@0x59d9826 - animation-leash#0 (116)
07-16 13:50:52.994  3869  3928 I SurfaceFlinger: id=23673 Removed com.android.todolist/com.android.todolist.MainActivity$_26005#1 (116)
07-16 13:50:52.999  3869  3869 I Layer   : id=23683[1] Destroyed Surface(name=39a528b com.android.todolist/com.android.todolist.MainActivity)/@0x59d9826 - animation-leash#0
07-16 13:50:53.000  3869  3869 I Layer   : id=23673[1] Destroyed com.android.todolist/com.android.todolist.MainActivity$_26005#1
07-16 13:50:53.012  3869  3869 I SurfaceFlinger:      DEVICE | 0x7bc40a5e80 | 0002 | RGBA_8888 |   0.0    0.0  720.0 1560.0 |    0    0  720 1560 | com.android.todolist/com.android.todolist.MainActivity$_26005#0
07-16 13:50:53.113  4311 13758 V WindowManager: Relayout Window{c943d47 u0 com.android.todolist/com.android.todolist.MainActivity}: viewVisibility=0 req=720x1560
07-16 13:50:53.224  3869  3869 I SurfaceFlinger:      DEVICE | 0x7bc40a5980 | 0002 | RGBA_8888 |   0.0    0.0  720.0 1560.0 |    0    0  720 1560 | com.android.todolist/com.android.todolist.MainActivity$_26005#0
07-16 13:50:54.373  3869  5053 I SurfaceFlinger: createSurf start. lock debugging [4cc0104 com.android.todolist/com.android.todolist.MainActivity]
07-16 13:50:54.373  3869  5053 I SurfaceFlinger: id=23686 createSurf (0x0),-1 flag=80004, 4cc0104 com.android.todolist/com.android.todolist.MainActivity#0
07-16 13:50:54.374  4311 13629 V WindowManager: Changing focus from Window{c943d47 u0 com.android.todolist/com.android.todolist.MainActivity} to Window{4cc0104 u0 com.android.todolist/com.android.todolist.MainActivity} displayId=0 Callers=com.android.server.wm.RootWindowContainer.updateFocusedWindowLocked:203 com.android.server.wm.WindowManagerService.updateFocusedWindowLocked:6107 com.android.server.wm.WindowManagerService.addWindow:1822 com.android.server.wm.Session.addToDisplay:167 android.view.IWindowSession$Stub.onTransact:549 com.android.server.wm.Session.onTransact:142 
07-16 13:50:54.408  4311 13629 V WindowManager: Relayout Window{4cc0104 u0 com.android.todolist/com.android.todolist.MainActivity}: viewVisibility=0 req=683x389
07-16 13:50:54.414  3869  3928 I SurfaceFlinger: createSurf start. lock debugging [com.android.todolist/com.android.todolist.MainActivity$_26005]
07-16 13:50:54.415  3869  3928 I SurfaceFlinger: id=23687 createSurf (795x501),1 flag=4, com.android.todolist/com.android.todolist.MainActivity$_26005#1
07-16 13:50:54.416  4311 13629 D WindowManager: makeSurface duration=2 name=com.android.todolist/com.android.todolist.MainActivity$_26005
07-16 13:50:54.457  4311 13758 D WindowManager: finishDrawingWindow: Window{4cc0104 u0 com.android.todolist/com.android.todolist.MainActivity} mDrawState=DRAW_PENDING
07-16 13:50:54.462  4311  4356 I WindowManager: Reparenting to leash, surface=Surface(name=4cc0104 com.android.todolist/com.android.todolist.MainActivity)/@0x43d6ed
07-16 13:50:54.462  3869  4295 I SurfaceFlinger: createSurf start. lock debugging [Surface(name=4cc0104 com.android.todolist/com.android.todolist.MainActivity)/@0x43d6ed - animation-leash]
07-16 13:50:54.463  3869  4295 I SurfaceFlinger: id=23688 createSurf (0x0),-1 flag=80004, Surface(name=4cc0104 com.android.todolist/com.android.todolist.MainActivity)/@0x43d6ed - animation-leash#0
07-16 13:50:54.464  4311  4356 D WindowManager: makeSurface duration=2 leash=Surface(name=Surface(name=4cc0104 com.android.todolist/com.android.todolist.MainActivity)/@0x43d6ed - animation-leash)/@0xace922
07-16 13:50:54.465 26005 26005 V InputMethodManager: Starting input: tba=com.android.todolist ic=null mNaviBarColor -855310 mIsGetNaviBarColorSuccess true , NavVisible : true , NavTrans : false
07-16 13:50:54.477  4311  4353 D WindowManager: setSystemUiVisibility: displayId=0, vis=0x8008, fullVis=0x0, dockVis=0x0, win=Window{4cc0104 u0 com.android.todolist/com.android.todolist.MainActivity}
07-16 13:50:54.520  3869  3869 I SurfaceFlinger:      DEVICE | 0x7bc40a5e80 | 0002 | RGBA_8888 |   0.0    0.0  720.0 1560.0 |    0    0  720 1560 | com.android.todolist/com.android.todolist.MainActivity$_26005#0
07-16 13:50:54.520  3869  3869 I SurfaceFlinger:      DEVICE | 0x7bc41cf380 | 0000 | RGBA_8888 |  38.0    0.0  758.0  501.0 |    0  514  720 1015 | com.android.todolist/com.android.todolist.MainActivity$_26005#1
07-16 13:50:54.631  4311  4356 I WindowManager: Reparenting to original parent: Surface(name=AppWindowToken{117fc1a token=Token{a23fac5 ActivityRecord{2396d3c u0 com.android.todolist/.MainActivity t23735}}})/@0xc1279b1, destroyLeash=true, surface=Surface(name=4cc0104 com.android.todolist/com.android.todolist.MainActivity)/@0x43d6ed
07-16 13:50:54.638  3869  5053 I Layer   : id=23688 removeFromCurrentState Surface(name=4cc0104 com.android.todolist/com.android.todolist.MainActivity)/@0x43d6ed - animation-leash#0 (116)
07-16 13:50:54.641  3869  4295 I SurfaceFlinger: id=23688 Removed Surface(name=4cc0104 com.android.todolist/com.android.todolist.MainActivity)/@0x43d6ed - animation-leash#0 (116)
07-16 13:50:54.647  3869  3869 I Layer   : id=23688[1] Destroyed Surface(name=4cc0104 com.android.todolist/com.android.todolist.MainActivity)/@0x43d6ed - animation-leash#0
07-16 13:50:55.389 26005 26005 V InputMethodManager: Starting input: tba=com.android.todolist ic=com.android.internal.widget.EditableInputConnection@225acb1 mNaviBarColor -855310 mIsGetNaviBarColorSuccess true , NavVisible : true , NavTrans : false
07-16 13:50:55.401 26005 26005 D InputMethodManager: SSI - flag : 0 Pid : 26005 view : com.android.todolist
07-16 13:50:55.463 26210 26210 D [SPAF]StructureParser: Parsing structure for ComponentInfo{com.android.todolist/com.android.todolist.MainActivity}
07-16 13:50:55.537  4311  4353 D WindowManager: setSystemUiVisibility: displayId=0, vis=0x8018, fullVis=0x0, dockVis=0x0, win=Window{4cc0104 u0 com.android.todolist/com.android.todolist.MainActivity}
07-16 13:50:55.539  4311  4345 I WindowManager: Reparenting to leash, surface=Surface(name=4cc0104 com.android.todolist/com.android.todolist.MainActivity)/@0x43d6ed
07-16 13:50:55.539  3869  4295 I SurfaceFlinger: createSurf start. lock debugging [Surface(name=4cc0104 com.android.todolist/com.android.todolist.MainActivity)/@0x43d6ed - animation-leash]
07-16 13:50:55.540  3869  4295 I SurfaceFlinger: id=23692 createSurf (0x0),-1 flag=80004, Surface(name=4cc0104 com.android.todolist/com.android.todolist.MainActivity)/@0x43d6ed - animation-leash#0
07-16 13:50:55.541  4311  4345 D WindowManager: makeSurface duration=2 leash=Surface(name=Surface(name=4cc0104 com.android.todolist/com.android.todolist.MainActivity)/@0x43d6ed - animation-leash)/@0x9c45164
07-16 13:50:55.592  4311 13629 V WindowManager: Relayout Window{c943d47 u0 com.android.todolist/com.android.todolist.MainActivity}: viewVisibility=0 req=720x1560
07-16 13:50:55.637  3869  3869 I SurfaceFlinger:      DEVICE | 0x7bc40a6380 | 0002 | RGBA_8888 |   0.0    0.0  720.0 1560.0 |    0    0  720 1560 | com.android.todolist/com.android.todolist.MainActivity$_26005#0
07-16 13:50:55.637  3869  3869 I SurfaceFlinger:      DEVICE | 0x7bc41cf380 | 0000 | RGBA_8888 |  38.0    0.0  758.0  501.0 |    0  338  720  840 | com.android.todolist/com.android.todolist.MainActivity$_26005#1
