07-16 13:50:55.946  4311  4356 I WindowManager: Reparenting to original parent: Surface(name=AppWindowToken{117fc1a token=Token{a23fac5 ActivityRecord{2396d3c u0 com.android.todolist/.MainActivity t23735}}})/@0xc1279b1, destroyLeash=true, surface=Surface(name=4cc0104 com.android.todolist/com.android.todolist.MainActivity)/@0x43d6ed
07-16 13:50:55.966  3869  3928 I Layer   : id=23692 removeFromCurrentState Surface(name=4cc0104 com.android.todolist/com.android.todolist.MainActivity)/@0x43d6ed - animation-leash#0 (116)
07-16 13:50:55.969  3869  3928 I SurfaceFlinger: id=23692 Removed Surface(name=4cc0104 com.android.todolist/com.android.todolist.MainActivity)/@0x43d6ed - animation-leash#0 (116)
07-16 13:50:55.980  3869  3869 I Layer   : id=23692[1] Destroyed Surface(name=4cc0104 com.android.todolist/com.android.todolist.MainActivity)/@0x43d6ed - animation-leash#0
07-16 13:50:56.453  3869  3869 I SurfaceFlinger:      DEVICE | 0x7bc40a5e80 | 0002 | RGBA_8888 |   0.0    0.0  720.0 1560.0 |    0    0  720 1560 | com.android.todolist/com.android.todolist.MainActivity$_26005#0
07-16 13:50:56.453  3869  3869 I SurfaceFlinger:      DEVICE | 0x7bc41cf380 | 0000 | RGBA_8888 |  38.0    0.0  758.0  501.0 |    0  221  720  722 | com.android.todolist/com.android.todolist.MainActivity$_26005#1
07-16 13:50:57.387  4311  4311 D GameManagerService: identifyGamePackage. com.android.todolist, mCurrentUserId: 0, callerUserId: 0
07-16 13:50:57.387  4311  4311 D GamePkgDataHelper: getGamePkgData(). com.android.todolist
07-16 13:50:57.551  4311  4311 D GameManagerService: identifyGamePackage. com.android.todolist, mCurrentUserId: 0, callerUserId: 0
07-16 13:50:57.552  4311  4311 D GamePkgDataHelper: getGamePkgData(). com.android.todolist
07-16 13:50:58.415  3869  5053 E BufferQueueProducer: [com.android.todolist/com.android.todolist.MainActivity$_26005#1] disconnect: not connected (req=1)
07-16 13:50:58.418  4311  4345 I WindowManager: Reparenting to leash, surface=Surface(name=4cc0104 com.android.todolist/com.android.todolist.MainActivity)/@0x43d6ed
07-16 13:50:58.418  3869  5053 I SurfaceFlinger: createSurf start. lock debugging [Surface(name=4cc0104 com.android.todolist/com.android.todolist.MainActivity)/@0x43d6ed - animation-leash]
07-16 13:50:58.419  3869  5053 I SurfaceFlinger: id=23697 createSurf (0x0),-1 flag=80004, Surface(name=4cc0104 com.android.todolist/com.android.todolist.MainActivity)/@0x43d6ed - animation-leash#0
07-16 13:50:58.420  4311  4345 D WindowManager: makeSurface duration=1 leash=Surface(name=Surface(name=4cc0104 com.android.todolist/com.android.todolist.MainActivity)/@0x43d6ed - animation-leash)/@0xe90db94
07-16 13:50:58.421  4311  4345 V WindowManager: Changing focus from Window{4cc0104 u0 com.android.todolist/com.android.todolist.MainActivity EXITING} to Window{c943d47 u0 com.android.todolist/com.android.todolist.MainActivity} displayId=0 Callers=com.android.server.wm.RootWindowContainer.updateFocusedWindowLocked:203 com.android.server.wm.WindowManagerService.updateFocusedWindowLocked:6107 com.android.server.wm.WindowState.setupWindowForRemoveOnExit:2441 com.android.server.wm.WindowState.removeIfPossible:2410 com.android.server.wm.WindowState.removeIfPossible:2297 com.android.server.wm.WindowManagerService.removeWindow:2024 
07-16 13:50:58.428  4311 13629 E InputDispatcher: Window handle Window{4cc0104 u0 com.android.todolist/com.android.todolist.MainActivity} has no registered input channel
07-16 13:50:58.445  4311  4345 E InputDispatcher: Window handle Window{4cc0104 u0 com.android.todolist/com.android.todolist.MainActivity} has no registered input channel
07-16 13:50:58.476 26005 26005 V InputMethodManager: Starting input: tba=com.android.todolist ic=null mNaviBarColor -855310 mIsGetNaviBarColorSuccess true , NavVisible : true , NavTrans : false
07-16 13:50:58.519  3869  3869 I SurfaceFlinger:      DEVICE | 0x7bc40a5980 | 0002 | RGBA_8888 |   0.0    0.0  720.0 1560.0 |    0    0  720 1560 | com.android.todolist/com.android.todolist.MainActivity$_26005#0
07-16 13:50:58.519  3869  3869 I SurfaceFlinger:      DEVICE | 0x7bc41cf240 | 0000 | RGBA_8888 |  38.0    0.0  758.0  501.0 |    0  221  720  722 | com.android.todolist/com.android.todolist.MainActivity$_26005#1
07-16 13:50:58.578  4311  4356 I WindowManager: Reparenting to original parent: Surface(name=AppWindowToken{117fc1a token=Token{a23fac5 ActivityRecord{2396d3c u0 com.android.todolist/.MainActivity t23735}}})/@0xc1279b1, destroyLeash=true, surface=Surface(name=4cc0104 com.android.todolist/com.android.todolist.MainActivity)/@0x43d6ed
07-16 13:50:58.579  4311  4356 E WindowManager: win=Window{4cc0104 u0 com.android.todolist/com.android.todolist.MainActivity EXITING} destroySurfaces: appStopped=false win.mWindowRemovalAllowed=true win.mRemoveOnExit=true win.mViewVisibility=0 caller=com.android.server.wm.AppWindowToken.destroySurfaces:1199 com.android.server.wm.AppWindowToken.destroySurfaces:1180 com.android.server.wm.WindowState.onExitAnimationDone:5030 com.android.server.wm.WindowStateAnimator.onAnimationFinished:287 com.android.server.wm.WindowState.onAnimationFinished:5471 com.android.server.wm.-$$Lambda$yVRF8YoeNdTa8GR1wDStVsHu8xM.run:2 com.android.server.wm.SurfaceAnimator.lambda$getFinishedCallback$0$SurfaceAnimator:100 
07-16 13:50:58.579  4311  4356 I WindowManager: Destroying surface Surface(name=com.android.todolist/com.android.todolist.MainActivity$_26005)/@0x7d4092c called by com.android.server.wm.WindowStateAnimator.destroySurface:1734 com.android.server.wm.WindowStateAnimator.destroySurfaceLocked:693 com.android.server.wm.WindowState.destroySurfaceUnchecked:3482 com.android.server.wm.WindowState.destroySurface:3456 com.android.server.wm.AppWindowToken.destroySurfaces:1199 com.android.server.wm.AppWindowToken.destroySurfaces:1180 com.android.server.wm.WindowState.onExitAnimationDone:5030 com.android.server.wm.WindowStateAnimator.onAnimationFinished:287 
07-16 13:50:58.579  3869  5402 I Layer   : id=23687 removeFromCurrentState com.android.todolist/com.android.todolist.MainActivity$_26005#1 (117)
07-16 13:50:58.585  3869  5402 I Layer   : id=23686 removeFromCurrentState 4cc0104 com.android.todolist/com.android.todolist.MainActivity#0 (117)
07-16 13:50:58.585  3869  5402 I Layer   : id=23697 removeFromCurrentState Surface(name=4cc0104 com.android.todolist/com.android.todolist.MainActivity)/@0x43d6ed - animation-leash#0 (117)
07-16 13:50:58.597  3869  5402 I SurfaceFlinger: id=23697 Removed Surface(name=4cc0104 com.android.todolist/com.android.todolist.MainActivity)/@0x43d6ed - animation-leash#0 (118)
07-16 13:50:58.597  3869  5402 I SurfaceFlinger: id=23687 Removed com.android.todolist/com.android.todolist.MainActivity$_26005#1 (118)
07-16 13:50:58.603  3869  3869 I SurfaceFlinger:      DEVICE | 0x7bc40a6380 | 0002 | RGBA_8888 |   0.0    0.0  720.0 1560.0 |    0    0  720 1560 | com.android.todolist/com.android.todolist.MainActivity$_26005#0
07-16 13:50:58.610  3869  3869 I Layer   : id=23697[1] Destroyed Surface(name=4cc0104 com.android.todolist/com.android.todolist.MainActivity)/@0x43d6ed - animation-leash#0
07-16 13:50:58.611  3869  3869 I Layer   : id=23687[1] Destroyed com.android.todolist/com.android.todolist.MainActivity$_26005#1
07-16 13:50:58.655  4311  4345 V WindowManager: Relayout Window{c943d47 u0 com.android.todolist/com.android.todolist.MainActivity}: viewVisibility=0 req=720x1560
07-16 13:50:58.785  3869  3869 I SurfaceFlinger:      DEVICE | 0x7bc40a6380 | 0002 | RGBA_8888 |   0.0    0.0  720.0 1560.0 |    0    0  720 1560 | com.android.todolist/com.android.todolist.MainActivity$_26005#0
07-16 13:51:01.945  4311  4855 I ActivityTaskManager: START u0 {cmp=com.android.todolist/.ListActivity (has extras)} from uid 10263
07-16 13:51:01.957  3869  4295 I SurfaceFlinger: createSurf start. lock debugging [AppWindowToken{ce9b3f4 token=Token{30a1c7 ActivityRecord{ef82706 u0 com.android.todolist/.ListActivity t23735}}}]
07-16 13:51:01.957  3869  4295 I SurfaceFlinger: id=23701 createSurf (0x0),-1 flag=80004, AppWindowToken{ce9b3f4 token=Token{30a1c7 ActivityRecord{ef82706 u0 com.android.todolist/.ListActivity t23735}}}#0
07-16 13:51:01.975  4311  4369 V MARsPolicyManager: onAlertToastWindowStarted pkgName = com.android.todolist, userId = 0
07-16 13:51:01.988  4311 13758 D GamePkgDataHelper: notifyAppCreate(), pkgName: com.android.todolist, sendRet: true
07-16 13:51:01.988  4311  4607 D GamePkgDataHelper: getGamePkgData(). com.android.todolist
07-16 13:51:01.988  4311  4607 D GameManagerService: handleMessage(), MSG_APP_CREATE. ignore. pkgName: com.android.todolist
07-16 13:51:01.992  4311 13758 V WindowManager: Changing focus from Window{c943d47 u0 com.android.todolist/com.android.todolist.MainActivity} to null displayId=0 Callers=com.android.server.wm.RootWindowContainer.updateFocusedWindowLocked:203 com.android.server.wm.WindowManagerService.updateFocusedWindowLocked:6107 com.android.server.wm.ActivityDisplay.setFocusedApp:1529 com.android.server.wm.ActivityTaskManagerService.setResumedActivityUncheckLocked:6719 com.android.server.wm.ActivityStack.onActivityStateChanged:642 com.android.server.wm.TaskRecord.onActivityStateChanged:2216 
07-16 13:51:01.993  4311 13758 D MARsPolicyManager: onPackageResumedFG pkgName = com.android.todolist, userId = 0
07-16 13:51:02.013  4311  4355 D GameManagerService: noteResumeComponent(), resumeComponent: com.android.todolist
07-16 13:51:02.013  4311  4607 D GameManagerService: handleForegroundChange(). pkgName: com.android.todolist, clsName: com.android.todolist.ListActivity,FgActivityName:com.android.todolist/.ListActivity,userID:0
07-16 13:51:02.077  3869  3869 I SurfaceFlinger:      DEVICE | 0x7bc40a5e80 | 0002 | RGBA_8888 |   0.0    0.0  720.0 1560.0 |    0    0  720 1560 | com.android.todolist/com.android.todolist.MainActivity$_26005#0
07-16 13:51:02.153  3869  5402 I SurfaceFlinger: createSurf start. lock debugging [d7eb151 com.android.todolist/com.android.todolist.ListActivity]
07-16 13:51:02.153  3869  5402 I SurfaceFlinger: id=23705 createSurf (0x0),-1 flag=80004, d7eb151 com.android.todolist/com.android.todolist.ListActivity#0
07-16 13:51:02.183  4311 13758 V WindowManager: Relayout Window{d7eb151 u0 com.android.todolist/com.android.todolist.ListActivity}: viewVisibility=0 req=720x1560
07-16 13:51:02.185  3869  4295 I SurfaceFlinger: createSurf start. lock debugging [com.android.todolist/com.android.todolist.ListActivity$_26005]
07-16 13:51:02.186  3869  4295 I SurfaceFlinger: id=23706 createSurf (720x1560),1 flag=404, com.android.todolist/com.android.todolist.ListActivity$_26005#0
07-16 13:51:02.187  4311 13758 D WindowManager: makeSurface duration=2 name=com.android.todolist/com.android.todolist.ListActivity$_26005
07-16 13:51:02.188  4311 13758 V WindowManager: Changing focus from null to Window{d7eb151 u0 com.android.todolist/com.android.todolist.ListActivity} displayId=0 Callers=com.android.server.wm.RootWindowContainer.updateFocusedWindowLocked:203 com.android.server.wm.WindowManagerService.updateFocusedWindowLocked:6107 com.android.server.wm.WindowManagerService.relayoutWindow:2554 com.android.server.wm.Session.relayout:202 android.view.IWindowSession$Stub.onTransact:708 com.android.server.wm.Session.onTransact:142 
07-16 13:51:02.188  4311  4353 D WindowManager: setSystemUiVisibility: displayId=0, vis=0x8018, fullVis=0x0, dockVis=0x0, win=Window{d7eb151 u0 com.android.todolist/com.android.todolist.ListActivity}
07-16 13:51:02.221  4311 13758 D WindowManager: finishDrawingWindow: Window{d7eb151 u0 com.android.todolist/com.android.todolist.ListActivity} mDrawState=DRAW_PENDING
07-16 13:51:02.227  4311  4356 I WindowManager: Reparenting to leash, surface=Surface(name=AppWindowToken{117fc1a token=Token{a23fac5 ActivityRecord{2396d3c u0 com.android.todolist/.MainActivity t23735}}})/@0xc1279b1
07-16 13:51:02.227  3869  5053 I SurfaceFlinger: createSurf start. lock debugging [Surface(name=AppWindowToken{117fc1a token=Token{a23fac5 ActivityRecord{2396d3c u0 com.android.todolist/.MainActivity t23735}}})/@0xc1279b1 - animation-leash]
07-16 13:51:02.227  3869  5053 I SurfaceFlinger: id=23707 createSurf (0x0),-1 flag=80004, Surface(name=AppWindowToken{117fc1a token=Token{a23fac5 ActivityRecord{2396d3c u0 com.android.todolist/.MainActivity t23735}}})/@0xc1279b1 - animation-leash#0
07-16 13:51:02.228  4311  4356 D WindowManager: makeSurface duration=1 leash=Surface(name=Surface(name=AppWindowToken{117fc1a token=Token{a23fac5 ActivityRecord{2396d3c u0 com.android.todolist/.MainActivity t23735}}})/@0xc1279b1 - animation-leash)/@0x5381b53
07-16 13:51:02.229  3869  5053 I SurfaceFlinger: createSurf start. lock debugging [Surface(name=AppWindowToken{117fc1a token=Token{a23fac5 ActivityRecord{2396d3c u0 com.android.todolist/.MainActivity t23735}}})/@0xc1279b1 - animation-bounds]
07-16 13:51:02.229  3869  5053 I SurfaceFlinger: id=23708 createSurf (0x0),-1 flag=80004, Surface(name=AppWindowToken{117fc1a token=Token{a23fac5 ActivityRecord{2396d3c u0 com.android.todolist/.MainActivity t23735}}})/@0xc1279b1 - animation-bounds#0
07-16 13:51:02.235  4311  4356 I WindowManager: Reparenting to leash, surface=Surface(name=AppWindowToken{ce9b3f4 token=Token{30a1c7 ActivityRecord{ef82706 u0 com.android.todolist/.ListActivity t23735}}})/@0x8dbeda8
07-16 13:51:02.236  3869  5053 I SurfaceFlinger: createSurf start. lock debugging [Surface(name=AppWindowToken{ce9b3f4 token=Token{30a1c7 ActivityRecord{ef82706 u0 com.android.todolist/.ListActivity t23735}}})/@0x8dbeda8 - animation-leash]
07-16 13:51:02.236  3869  5053 I SurfaceFlinger: id=23711 createSurf (0x0),-1 flag=80004, Surface(name=AppWindowToken{ce9b3f4 token=Token{30a1c7 ActivityRecord{ef82706 u0 com.android.todolist/.ListActivity t23735}}})/@0x8dbeda8 - animation-leash#0
07-16 13:51:02.237  4311  4356 D WindowManager: makeSurface duration=1 leash=Surface(name=Surface(name=AppWindowToken{ce9b3f4 token=Token{30a1c7 ActivityRecord{ef82706 u0 com.android.todolist/.ListActivity t23735}}})/@0x8dbeda8 - animation-leash)/@0xffd90c1
07-16 13:51:02.237  3869  5053 I SurfaceFlinger: createSurf start. lock debugging [Surface(name=AppWindowToken{ce9b3f4 token=Token{30a1c7 ActivityRecord{ef82706 u0 com.android.todolist/.ListActivity t23735}}})/@0x8dbeda8 - animation-bounds]
07-16 13:51:02.237  3869  5053 I SurfaceFlinger: id=23712 createSurf (0x0),-1 flag=80004, Surface(name=AppWindowToken{ce9b3f4 token=Token{30a1c7 ActivityRecord{ef82706 u0 com.android.todolist/.ListActivity t23735}}})/@0x8dbeda8 - animation-bounds#0
07-16 13:51:02.271 26005 26005 V InputMethodManager: Starting input: tba=com.android.todolist ic=null mNaviBarColor -855310 mIsGetNaviBarColorSuccess true , NavVisible : true , NavTrans : false
07-16 13:51:02.280  3869  3869 I SurfaceFlinger:      DEVICE | 0x7bc40a6380 | 0002 | RGBA_8888 |   0.0    0.0  720.0 1560.0 |    0    0  720 1560 | com.android.todolist/com.android.todolist.MainActivity$_26005#0
07-16 13:51:02.280  3869  3869 I SurfaceFlinger:      DEVICE | 0x7bc41cb000 | 0002 | RGBA_8888 |   0.0    0.0  720.0 1195.0 |    0  364  720 1560 | com.android.todolist/com.android.todolist.ListActivity$_26005#0
07-16 13:51:02.294  3869  3869 I SurfaceFlinger:      DEVICE | 0x7bc40a6380 | 0002 | RGBA_8888 |   0.0    2.0  720.0 1560.0 |    0    0  720 1558 | com.android.todolist/com.android.todolist.MainActivity$_26005#0
07-16 13:51:02.294  3869  3869 I SurfaceFlinger:      DEVICE | 0x7bc41cc540 | 0002 | RGBA_8888 |   0.0    0.0  720.0 1211.0 |    0  348  720 1560 | com.android.todolist/com.android.todolist.ListActivity$_26005#0
07-16 13:51:02.558  4311  4356 I WindowManager: Reparenting to original parent: Surface(name=Task=23735)/@0x2954c8d, destroyLeash=true, surface=Surface(name=AppWindowToken{117fc1a token=Token{a23fac5 ActivityRecord{2396d3c u0 com.android.todolist/.MainActivity t23735}}})/@0xc1279b1
07-16 13:51:02.561  4311  4356 V WindowManager: Setting visibility of Window{c943d47 u0 com.android.todolist/com.android.todolist.MainActivity}: false, caller=com.android.server.wm.WindowContainer.sendAppVisibilityToClients:640 com.android.server.wm.AppWindowToken.setClientHidden:621 com.android.server.wm.AppWindowToken.onAnimationFinished:3516 com.android.server.wm.-$$Lambda$yVRF8YoeNdTa8GR1wDStVsHu8xM.run:2 com.android.server.wm.SurfaceAnimator.lambda$getFinishedCallback$0$SurfaceAnimator:100 
07-16 13:51:02.561  4311  4356 I WindowManager: Reparenting to original parent: Surface(name=Task=23735)/@0x2954c8d, destroyLeash=true, surface=Surface(name=AppWindowToken{ce9b3f4 token=Token{30a1c7 ActivityRecord{ef82706 u0 com.android.todolist/.ListActivity t23735}}})/@0x8dbeda8
07-16 13:51:02.562  3869  3869 I SurfaceFlinger:      DEVICE | 0x7bc41cc540 | 0002 | RGBA_8888 |   0.0    0.0  720.0 1560.0 |    0    0  720 1560 | com.android.todolist/com.android.todolist.ListActivity$_26005#0
07-16 13:51:02.565  3869  4295 I Layer   : id=23707 removeFromCurrentState Surface(name=AppWindowToken{117fc1a token=Token{a23fac5 ActivityRecord{2396d3c u0 com.android.todolist/.MainActivity t23735}}})/@0xc1279b1 - animation-leash#0 (124)
07-16 13:51:02.565  3869  4295 I Layer   : id=23701 removeFromCurrentState AppWindowToken{ce9b3f4 token=Token{30a1c7 ActivityRecord{ef82706 u0 com.android.todolist/.ListActivity t23735}}}#0 (124)
07-16 13:51:02.565  3869  4295 I Layer   : id=23711 removeFromCurrentState Surface(name=AppWindowToken{ce9b3f4 token=Token{30a1c7 ActivityRecord{ef82706 u0 com.android.todolist/.ListActivity t23735}}})/@0x8dbeda8 - animation-leash#0 (124)
07-16 13:51:02.565  3869  4295 I Layer   : id=23712 removeFromCurrentState Surface(name=AppWindowToken{ce9b3f4 token=Token{30a1c7 ActivityRecord{ef82706 u0 com.android.todolist/.ListActivity t23735}}})/@0x8dbeda8 - animation-bounds#0 (124)
07-16 13:51:02.565  3869  4295 I Layer   : id=23706 removeFromCurrentState com.android.todolist/com.android.todolist.ListActivity$_26005#0 (124)
07-16 13:51:02.565  3869  4295 I Layer   : id=23705 removeFromCurrentState d7eb151 com.android.todolist/com.android.todolist.ListActivity#0 (124)
07-16 13:51:02.565  3869  4295 I Layer   : id=23708 removeFromCurrentState Surface(name=AppWindowToken{117fc1a token=Token{a23fac5 ActivityRecord{2396d3c u0 com.android.todolist/.MainActivity t23735}}})/@0xc1279b1 - animation-bounds#0 (124)
07-16 13:51:02.565  3869  4295 I Layer   : id=23711 removeFromCurrentState Surface(name=AppWindowToken{ce9b3f4 token=Token{30a1c7 ActivityRecord{ef82706 u0 com.android.todolist/.ListActivity t23735}}})/@0x8dbeda8 - animation-leash#0 (124)
07-16 13:51:02.567  3869  5053 I SurfaceFlinger: id=23711 Removed Surface(name=AppWindowToken{ce9b3f4 token=Token{30a1c7 ActivityRecord{ef82706 u0 com.android.todolist/.ListActivity t23735}}})/@0x8dbeda8 - animation-leash#0 (124)
07-16 13:51:02.567  3869  4295 I SurfaceFlinger: id=23707 Removed Surface(name=AppWindowToken{117fc1a token=Token{a23fac5 ActivityRecord{2396d3c u0 com.android.todolist/.MainActivity t23735}}})/@0xc1279b1 - animation-leash#0 (124)
07-16 13:51:02.567  3869  4295 I SurfaceFlinger: id=23712 Removed Surface(name=AppWindowToken{ce9b3f4 token=Token{30a1c7 ActivityRecord{ef82706 u0 com.android.todolist/.ListActivity t23735}}})/@0x8dbeda8 - animation-bounds#0 (124)
07-16 13:51:02.567  3869  4295 I SurfaceFlinger: id=23708 Removed Surface(name=AppWindowToken{117fc1a token=Token{a23fac5 ActivityRecord{2396d3c u0 com.android.todolist/.MainActivity t23735}}})/@0xc1279b1 - animation-bounds#0 (124)
07-16 13:51:02.572  3869  3869 I Layer   : id=23708[1] Destroyed Surface(name=AppWindowToken{117fc1a token=Token{a23fac5 ActivityRecord{2396d3c u0 com.android.todolist/.MainActivity t23735}}})/@0xc1279b1 - animation-bounds#0
07-16 13:51:02.572  3869  3869 I Layer   : id=23707[1] Destroyed Surface(name=AppWindowToken{117fc1a token=Token{a23fac5 ActivityRecord{2396d3c u0 com.android.todolist/.MainActivity t23735}}})/@0xc1279b1 - animation-leash#0
07-16 13:51:02.572  3869  3869 I Layer   : id=23712[1] Destroyed Surface(name=AppWindowToken{ce9b3f4 token=Token{30a1c7 ActivityRecord{ef82706 u0 com.android.todolist/.ListActivity t23735}}})/@0x8dbeda8 - animation-bounds#0
07-16 13:51:02.572  3869  3869 I Layer   : id=23711[1] Destroyed Surface(name=AppWindowToken{ce9b3f4 token=Token{30a1c7 ActivityRecord{ef82706 u0 com.android.todolist/.ListActivity t23735}}})/@0x8dbeda8 - animation-leash#0
07-16 13:51:02.576  3869  4295 E BufferQueueProducer: [com.android.todolist/com.android.todolist.MainActivity$_26005#0] disconnect: not connected (req=1)
07-16 13:51:02.580  4311  4855 V WindowManager: Relayout Window{c943d47 u0 com.android.todolist/com.android.todolist.MainActivity}: viewVisibility=8 req=720x1560
07-16 13:51:02.606  4311 13758 V WindowManager: Relayout Window{c943d47 u0 com.android.todolist/com.android.todolist.MainActivity}: viewVisibility=8 req=720x1560
07-16 13:51:02.614  4311 13758 E WindowManager: win=Window{c943d47 u0 com.android.todolist/com.android.todolist.MainActivity} destroySurfaces: appStopped=true win.mWindowRemovalAllowed=false win.mRemoveOnExit=false win.mViewVisibility=8 caller=com.android.server.wm.AppWindowToken.destroySurfaces:1199 com.android.server.wm.AppWindowToken.destroySurfaces:1180 com.android.server.wm.AppWindowToken.notifyAppStopped:1235 com.android.server.wm.ActivityRecord.activityStoppedLocked:2597 com.android.server.wm.ActivityTaskManagerService.activityStopped:2380 android.app.IActivityTaskManager$Stub.onTransact:2180 android.os.Binder.execTransactInternal:1056 
07-16 13:51:02.614  4311 13758 I WindowManager: Destroying surface Surface(name=com.android.todolist/com.android.todolist.MainActivity$_26005)/@0x66e93bb called by com.android.server.wm.WindowStateAnimator.destroySurface:1734 com.android.server.wm.WindowStateAnimator.destroySurfaceLocked:693 com.android.server.wm.WindowState.destroySurfaceUnchecked:3482 com.android.server.wm.WindowState.destroySurface:3456 com.android.server.wm.AppWindowToken.destroySurfaces:1199 com.android.server.wm.AppWindowToken.destroySurfaces:1180 com.android.server.wm.AppWindowToken.notifyAppStopped:1235 com.android.server.wm.ActivityRecord.activityStoppedLocked:2597 
07-16 13:51:02.615  3869  4295 I Layer   : id=23670 removeFromCurrentState com.android.todolist/com.android.todolist.MainActivity$_26005#0 (118)
07-16 13:51:02.625  3869  4295 I SurfaceFlinger: id=23670 Removed com.android.todolist/com.android.todolist.MainActivity$_26005#0 (118)
07-16 13:51:02.639  3869  3869 I Layer   : id=23670[1] Destroyed com.android.todolist/com.android.todolist.MainActivity$_26005#0
07-16 13:51:03.950  4311 13758 I ActivityTaskManager: START u0 {cmp=com.android.todolist/.MainActivity} from uid 10263
07-16 13:51:03.960  3869  4295 I SurfaceFlinger: createSurf start. lock debugging [AppWindowToken{93ccaee token=Token{9ba3069 ActivityRecord{73e22f0 u0 com.android.todolist/.MainActivity t23735}}}]
07-16 13:51:03.961  3869  4295 I SurfaceFlinger: id=23714 createSurf (0x0),-1 flag=80004, AppWindowToken{93ccaee token=Token{9ba3069 ActivityRecord{73e22f0 u0 com.android.todolist/.MainActivity t23735}}}#0
07-16 13:51:03.984  4311  4855 W NotificationService: Toast already killed. pkg=com.android.todolist callback=android.app.ITransientNotification$Stub$Proxy@a3c6a25
07-16 13:51:03.992  4311  4345 D GamePkgDataHelper: notifyAppCreate(), pkgName: com.android.todolist, sendRet: true
07-16 13:51:03.992  4311  4607 D GamePkgDataHelper: getGamePkgData(). com.android.todolist
07-16 13:51:03.992  4311  4607 D GameManagerService: handleMessage(), MSG_APP_CREATE. ignore. pkgName: com.android.todolist
07-16 13:51:03.994  4311  4345 V WindowManager: Changing focus from Window{d7eb151 u0 com.android.todolist/com.android.todolist.ListActivity} to null displayId=0 Callers=com.android.server.wm.RootWindowContainer.updateFocusedWindowLocked:203 com.android.server.wm.WindowManagerService.updateFocusedWindowLocked:6107 com.android.server.wm.ActivityDisplay.setFocusedApp:1529 com.android.server.wm.ActivityTaskManagerService.setResumedActivityUncheckLocked:6719 com.android.server.wm.ActivityStack.onActivityStateChanged:642 com.android.server.wm.TaskRecord.onActivityStateChanged:2216 
07-16 13:51:03.995  4311  4345 D MARsPolicyManager: onPackageResumedFG pkgName = com.android.todolist, userId = 0
07-16 13:51:04.005  4311  4355 D GameManagerService: noteResumeComponent(), resumeComponent: com.android.todolist
07-16 13:51:04.005  4311  4607 D GameManagerService: handleForegroundChange(). pkgName: com.android.todolist, clsName: com.android.todolist.MainActivity,FgActivityName:com.android.todolist/.MainActivity,userID:0
07-16 13:51:04.111  3869  5402 I SurfaceFlinger: createSurf start. lock debugging [5bf6008 com.android.todolist/com.android.todolist.MainActivity]
07-16 13:51:04.111  3869  5402 I SurfaceFlinger: id=23715 createSurf (0x0),-1 flag=80004, 5bf6008 com.android.todolist/com.android.todolist.MainActivity#0
07-16 13:51:04.189  4311  4345 V WindowManager: Relayout Window{5bf6008 u0 com.android.todolist/com.android.todolist.MainActivity}: viewVisibility=0 req=720x1560
07-16 13:51:04.194  3869  5053 I SurfaceFlinger: createSurf start. lock debugging [com.android.todolist/com.android.todolist.MainActivity$_26005]
07-16 13:51:04.194  3869  5053 I SurfaceFlinger: id=23716 createSurf (720x1560),1 flag=404, com.android.todolist/com.android.todolist.MainActivity$_26005#0
07-16 13:51:04.195  4311  4345 D WindowManager: makeSurface duration=2 name=com.android.todolist/com.android.todolist.MainActivity$_26005
07-16 13:51:04.196  4311  4345 V WindowManager: Changing focus from null to Window{5bf6008 u0 com.android.todolist/com.android.todolist.MainActivity} displayId=0 Callers=com.android.server.wm.RootWindowContainer.updateFocusedWindowLocked:203 com.android.server.wm.WindowManagerService.updateFocusedWindowLocked:6107 com.android.server.wm.WindowManagerService.relayoutWindow:2554 com.android.server.wm.Session.relayout:202 android.view.IWindowSession$Stub.onTransact:708 com.android.server.wm.Session.onTransact:142 
07-16 13:51:04.197  4311  4353 D WindowManager: setSystemUiVisibility: displayId=0, vis=0x8018, fullVis=0x0, dockVis=0x0, win=Window{5bf6008 u0 com.android.todolist/com.android.todolist.MainActivity}
07-16 13:51:04.310  4311  4345 D WindowManager: finishDrawingWindow: Window{5bf6008 u0 com.android.todolist/com.android.todolist.MainActivity} mDrawState=DRAW_PENDING
07-16 13:51:04.315  4311  4356 I WindowManager: Reparenting to leash, surface=Surface(name=AppWindowToken{ce9b3f4 token=Token{30a1c7 ActivityRecord{ef82706 u0 com.android.todolist/.ListActivity t23735}}})/@0x8dbeda8
07-16 13:51:04.315  3869  5053 I SurfaceFlinger: createSurf start. lock debugging [Surface(name=AppWindowToken{ce9b3f4 token=Token{30a1c7 ActivityRecord{ef82706 u0 com.android.todolist/.ListActivity t23735}}})/@0x8dbeda8 - animation-leash]
07-16 13:51:04.316  3869  5053 I SurfaceFlinger: id=23717 createSurf (0x0),-1 flag=80004, Surface(name=AppWindowToken{ce9b3f4 token=Token{30a1c7 ActivityRecord{ef82706 u0 com.android.todolist/.ListActivity t23735}}})/@0x8dbeda8 - animation-leash#0
07-16 13:51:04.316  4311  4356 D WindowManager: makeSurface duration=1 leash=Surface(name=Surface(name=AppWindowToken{ce9b3f4 token=Token{30a1c7 ActivityRecord{ef82706 u0 com.android.todolist/.ListActivity t23735}}})/@0x8dbeda8 - animation-leash)/@0x1c63c52
07-16 13:51:04.317  3869  5053 I SurfaceFlinger: createSurf start. lock debugging [Surface(name=AppWindowToken{ce9b3f4 token=Token{30a1c7 ActivityRecord{ef82706 u0 com.android.todolist/.ListActivity t23735}}})/@0x8dbeda8 - animation-bounds]
07-16 13:51:04.317  3869  5053 I SurfaceFlinger: id=23718 createSurf (0x0),-1 flag=80004, Surface(name=AppWindowToken{ce9b3f4 token=Token{30a1c7 ActivityRecord{ef82706 u0 com.android.todolist/.ListActivity t23735}}})/@0x8dbeda8 - animation-bounds#0
07-16 13:51:04.323  4311  4356 I WindowManager: Reparenting to leash, surface=Surface(name=AppWindowToken{93ccaee token=Token{9ba3069 ActivityRecord{73e22f0 u0 com.android.todolist/.MainActivity t23735}}})/@0xa088b9b
07-16 13:51:04.323  3869  3935 I SurfaceFlinger: createSurf start. lock debugging [Surface(name=AppWindowToken{93ccaee token=Token{9ba3069 ActivityRecord{73e22f0 u0 com.android.todolist/.MainActivity t23735}}})/@0xa088b9b - animation-leash]
07-16 13:51:04.324  3869  3935 I SurfaceFlinger: id=23721 createSurf (0x0),-1 flag=80004, Surface(name=AppWindowToken{93ccaee token=Token{9ba3069 ActivityRecord{73e22f0 u0 com.android.todolist/.MainActivity t23735}}})/@0xa088b9b - animation-leash#0
07-16 13:51:04.327  4311  4356 D WindowManager: makeSurface duration=4 leash=Surface(name=Surface(name=AppWindowToken{93ccaee token=Token{9ba3069 ActivityRecord{73e22f0 u0 com.android.todolist/.MainActivity t23735}}})/@0xa088b9b - animation-leash)/@0x50edb38
07-16 13:51:04.328  3869  5402 I SurfaceFlinger: createSurf start. lock debugging [Surface(name=AppWindowToken{93ccaee token=Token{9ba3069 ActivityRecord{73e22f0 u0 com.android.todolist/.MainActivity t23735}}})/@0xa088b9b - animation-bounds]
07-16 13:51:04.329  3869  5402 I SurfaceFlinger: id=23722 createSurf (0x0),-1 flag=80004, Surface(name=AppWindowToken{93ccaee token=Token{9ba3069 ActivityRecord{73e22f0 u0 com.android.todolist/.MainActivity t23735}}})/@0xa088b9b - animation-bounds#0
07-16 13:51:04.354 26005 26005 V InputMethodManager: Starting input: tba=com.android.todolist ic=null mNaviBarColor -855310 mIsGetNaviBarColorSuccess true , NavVisible : true , NavTrans : false
07-16 13:51:04.365  3869  3869 I SurfaceFlinger:      DEVICE | 0x7bc41cb000 | 0002 | RGBA_8888 |   0.0    0.0  720.0 1560.0 |    0    0  720 1560 | com.android.todolist/com.android.todolist.ListActivity$_26005#0
07-16 13:51:04.365  3869  3869 I SurfaceFlinger:      DEVICE | 0x7bc40a4d00 | 0002 | RGBA_8888 |   0.0    0.0  720.0 1195.0 |    0  364  720 1560 | com.android.todolist/com.android.todolist.MainActivity$_26005#0
07-16 13:51:04.379  3869  3869 I SurfaceFlinger:      DEVICE | 0x7bc41cc540 | 0002 | RGBA_8888 |   0.0    2.0  720.0 1560.0 |    0    0  720 1558 | com.android.todolist/com.android.todolist.ListActivity$_26005#0
07-16 13:51:04.379  3869  3869 I SurfaceFlinger:      DEVICE | 0x7bc40a4d00 | 0002 | RGBA_8888 |   0.0    0.0  720.0 1211.0 |    0  348  720 1560 | com.android.todolist/com.android.todolist.MainActivity$_26005#0
07-16 13:51:04.479  3869  3869 I SurfaceFlinger:      CLIENT | 0x7bc41cc540 | 0002 | RGBA_8888 |   0.0   36.0  720.0 1560.0 |    0    0  720 1525 | com.android.todolist/com.android.todolist.ListActivity$_26005#0
07-16 13:51:04.479  3869  3869 I SurfaceFlinger:      CLIENT | 0x7bc40a4d00 | 0002 | RGBA_8888 |   0.0    0.0  720.0 1478.0 |    0   82  720 1560 | com.android.todolist/com.android.todolist.MainActivity$_26005#0
07-16 13:51:04.638  4311  4356 I WindowManager: Reparenting to original parent: Surface(name=Task=23735)/@0x2954c8d, destroyLeash=true, surface=Surface(name=AppWindowToken{ce9b3f4 token=Token{30a1c7 ActivityRecord{ef82706 u0 com.android.todolist/.ListActivity t23735}}})/@0x8dbeda8
07-16 13:51:04.638  4311  4356 V WindowManager: Setting visibility of Window{d7eb151 u0 com.android.todolist/com.android.todolist.ListActivity}: false, caller=com.android.server.wm.WindowContainer.sendAppVisibilityToClients:640 com.android.server.wm.AppWindowToken.setClientHidden:621 com.android.server.wm.AppWindowToken.onAnimationFinished:3516 com.android.server.wm.-$$Lambda$yVRF8YoeNdTa8GR1wDStVsHu8xM.run:2 com.android.server.wm.SurfaceAnimator.lambda$getFinishedCallback$0$SurfaceAnimator:100 
07-16 13:51:04.638  4311  4356 I WindowManager: Reparenting to original parent: Surface(name=Task=23735)/@0x2954c8d, destroyLeash=true, surface=Surface(name=AppWindowToken{93ccaee token=Token{9ba3069 ActivityRecord{73e22f0 u0 com.android.todolist/.MainActivity t23735}}})/@0xa088b9b
07-16 13:51:04.642  3869  3869 I SurfaceFlinger:      DEVICE | 0x7bc40a4d00 | 0002 | RGBA_8888 |   0.0    0.0  720.0 1560.0 |    0    0  720 1560 | com.android.todolist/com.android.todolist.MainActivity$_26005#0
07-16 13:51:04.645  3869  3935 I Layer   : id=23717 removeFromCurrentState Surface(name=AppWindowToken{ce9b3f4 token=Token{30a1c7 ActivityRecord{ef82706 u0 com.android.todolist/.ListActivity t23735}}})/@0x8dbeda8 - animation-leash#0 (123)
07-16 13:51:04.645  3869  3935 I Layer   : id=23718 removeFromCurrentState Surface(name=AppWindowToken{ce9b3f4 token=Token{30a1c7 ActivityRecord{ef82706 u0 com.android.todolist/.ListActivity t23735}}})/@0x8dbeda8 - animation-bounds#0 (123)
07-16 13:51:04.645  3869  3935 I Layer   : id=23721 removeFromCurrentState Surface(name=AppWindowToken{93ccaee token=Token{9ba3069 ActivityRecord{73e22f0 u0 com.android.todolist/.MainActivity t23735}}})/@0xa088b9b - animation-leash#0 (123)
07-16 13:51:04.645  3869  3935 I Layer   : id=23722 removeFromCurrentState Surface(name=AppWindowToken{93ccaee token=Token{9ba3069 ActivityRecord{73e22f0 u0 com.android.todolist/.MainActivity t23735}}})/@0xa088b9b - animation-bounds#0 (123)
07-16 13:51:04.646  3869  5402 I SurfaceFlinger: id=23721 Removed Surface(name=AppWindowToken{93ccaee token=Token{9ba3069 ActivityRecord{73e22f0 u0 com.android.todolist/.MainActivity t23735}}})/@0xa088b9b - animation-leash#0 (123)
07-16 13:51:04.647  3869  3935 I SurfaceFlinger: id=23718 Removed Surface(name=AppWindowToken{ce9b3f4 token=Token{30a1c7 ActivityRecord{ef82706 u0 com.android.todolist/.ListActivity t23735}}})/@0x8dbeda8 - animation-bounds#0 (123)
07-16 13:51:04.647  3869  5053 I SurfaceFlinger: id=23717 Removed Surface(name=AppWindowToken{ce9b3f4 token=Token{30a1c7 ActivityRecord{ef82706 u0 com.android.todolist/.ListActivity t23735}}})/@0x8dbeda8 - animation-leash#0 (123)
07-16 13:51:04.647  3869  5053 I SurfaceFlinger: id=23722 Removed Surface(name=AppWindowToken{93ccaee token=Token{9ba3069 ActivityRecord{73e22f0 u0 com.android.todolist/.MainActivity t23735}}})/@0xa088b9b - animation-bounds#0 (123)
07-16 13:51:04.654  3869  3869 I Layer   : id=23718[1] Destroyed Surface(name=AppWindowToken{ce9b3f4 token=Token{30a1c7 ActivityRecord{ef82706 u0 com.android.todolist/.ListActivity t23735}}})/@0x8dbeda8 - animation-bounds#0
07-16 13:51:04.654  3869  3869 I Layer   : id=23717[1] Destroyed Surface(name=AppWindowToken{ce9b3f4 token=Token{30a1c7 ActivityRecord{ef82706 u0 com.android.todolist/.ListActivity t23735}}})/@0x8dbeda8 - animation-leash#0
07-16 13:51:04.654  3869  3869 I Layer   : id=23722[1] Destroyed Surface(name=AppWindowToken{93ccaee token=Token{9ba3069 ActivityRecord{73e22f0 u0 com.android.todolist/.MainActivity t23735}}})/@0xa088b9b - animation-bounds#0
07-16 13:51:04.654  3869  3869 I Layer   : id=23721[1] Destroyed Surface(name=AppWindowToken{93ccaee token=Token{9ba3069 ActivityRecord{73e22f0 u0 com.android.todolist/.MainActivity t23735}}})/@0xa088b9b - animation-leash#0
07-16 13:51:04.658  3869  5053 E BufferQueueProducer: [com.android.todolist/com.android.todolist.ListActivity$_26005#0] disconnect: not connected (req=1)
07-16 13:51:04.660  4311  4345 V WindowManager: Relayout Window{d7eb151 u0 com.android.todolist/com.android.todolist.ListActivity}: viewVisibility=8 req=720x1560
07-16 13:51:04.675  4311  4345 I WindowManager: Destroying surface Surface(name=com.android.todolist/com.android.todolist.ListActivity$_26005)/@0xf5f918b called by com.android.server.wm.WindowStateAnimator.destroySurface:1734 com.android.server.wm.WindowStateAnimator.destroySurfaceLocked:693 com.android.server.wm.WindowState.removeImmediately:2282 com.android.server.wm.WindowState.removeIfPossible:2418 com.android.server.wm.WindowState.removeIfPossible:2297 com.android.server.wm.WindowManagerService.removeWindow:2024 com.android.server.wm.Session.remove:184 android.view.IWindowSession$Stub.onTransact:658 
07-16 13:51:04.675  3869  5053 I Layer   : id=23706 removeFromCurrentState com.android.todolist/com.android.todolist.ListActivity$_26005#0 (117)
07-16 13:51:04.675  3869  3935 I SurfaceFlinger: id=23706 Removed com.android.todolist/com.android.todolist.ListActivity$_26005#0 (117)
07-16 13:51:04.677  3869  3935 I Layer   : id=23705 removeFromCurrentState d7eb151 com.android.todolist/com.android.todolist.ListActivity#0 (117)
07-16 13:51:04.678  3869  3935 I SurfaceFlinger: id=23705 Removed d7eb151 com.android.todolist/com.android.todolist.ListActivity#0 (117)
07-16 13:51:04.687  3869  3869 I Layer   : id=23705[1] Destroyed d7eb151 com.android.todolist/com.android.todolist.ListActivity#0
07-16 13:51:04.687  3869  3869 I Layer   : id=23706[1] Destroyed com.android.todolist/com.android.todolist.ListActivity$_26005#0
07-16 13:51:04.689  3869  3935 I Layer   : id=23701 removeFromCurrentState AppWindowToken{ce9b3f4 token=Token{30a1c7 ActivityRecord{ef82706 u0 com.android.todolist/.ListActivity t23735}}}#0 (115)
07-16 13:51:06.209  3869  5402 I SurfaceFlinger: createSurf start. lock debugging [6c570fe com.android.todolist/com.android.todolist.MainActivity]
07-16 13:51:06.209  3869  5402 I SurfaceFlinger: id=23723 createSurf (0x0),-1 flag=80004, 6c570fe com.android.todolist/com.android.todolist.MainActivity#0
07-16 13:51:06.210  4311  5424 V WindowManager: Changing focus from Window{5bf6008 u0 com.android.todolist/com.android.todolist.MainActivity} to Window{6c570fe u0 com.android.todolist/com.android.todolist.MainActivity} displayId=0 Callers=com.android.server.wm.RootWindowContainer.updateFocusedWindowLocked:203 com.android.server.wm.WindowManagerService.updateFocusedWindowLocked:6107 com.android.server.wm.WindowManagerService.addWindow:1822 com.android.server.wm.Session.addToDisplay:167 android.view.IWindowSession$Stub.onTransact:549 com.android.server.wm.Session.onTransact:142 
07-16 13:51:06.243  4311  5424 V WindowManager: Relayout Window{6c570fe u0 com.android.todolist/com.android.todolist.MainActivity}: viewVisibility=0 req=683x389
07-16 13:51:06.247  3869  5402 I SurfaceFlinger: createSurf start. lock debugging [com.android.todolist/com.android.todolist.MainActivity$_26005]
07-16 13:51:06.247  3869  5402 I SurfaceFlinger: id=23724 createSurf (795x501),1 flag=4, com.android.todolist/com.android.todolist.MainActivity$_26005#1
07-16 13:51:06.248  4311  5424 D WindowManager: makeSurface duration=2 name=com.android.todolist/com.android.todolist.MainActivity$_26005
07-16 13:51:06.282  4311  5424 D WindowManager: finishDrawingWindow: Window{6c570fe u0 com.android.todolist/com.android.todolist.MainActivity} mDrawState=DRAW_PENDING
07-16 13:51:06.290  4311  4356 I WindowManager: Reparenting to leash, surface=Surface(name=6c570fe com.android.todolist/com.android.todolist.MainActivity)/@0xcf2b05f
07-16 13:51:06.290  3869  5053 I SurfaceFlinger: createSurf start. lock debugging [Surface(name=6c570fe com.android.todolist/com.android.todolist.MainActivity)/@0xcf2b05f - animation-leash]
07-16 13:51:06.291  3869  5053 I SurfaceFlinger: id=23725 createSurf (0x0),-1 flag=80004, Surface(name=6c570fe com.android.todolist/com.android.todolist.MainActivity)/@0xcf2b05f - animation-leash#0
07-16 13:51:06.291 26005 26005 V InputMethodManager: Starting input: tba=com.android.todolist ic=null mNaviBarColor -855310 mIsGetNaviBarColorSuccess true , NavVisible : true , NavTrans : false
07-16 13:51:06.291  4311  4356 D WindowManager: makeSurface duration=1 leash=Surface(name=Surface(name=6c570fe com.android.todolist/com.android.todolist.MainActivity)/@0xcf2b05f - animation-leash)/@0xd8c3aac
07-16 13:51:06.311  4311  4353 D WindowManager: setSystemUiVisibility: displayId=0, vis=0x8008, fullVis=0x0, dockVis=0x0, win=Window{6c570fe u0 com.android.todolist/com.android.todolist.MainActivity}
07-16 13:51:06.343  3869  3869 I SurfaceFlinger:      DEVICE | 0x7bc40a4d00 | 0002 | RGBA_8888 |   0.0    0.0  720.0 1560.0 |    0    0  720 1560 | com.android.todolist/com.android.todolist.MainActivity$_26005#0
07-16 13:51:06.343  3869  3869 I SurfaceFlinger:      DEVICE | 0x7bc40a41c0 | 0000 | RGBA_8888 |  38.0    0.0  758.0  501.0 |    0  514  720 1015 | com.android.todolist/com.android.todolist.MainActivity$_26005#1
07-16 13:51:06.453  4311  4356 I WindowManager: Reparenting to original parent: Surface(name=AppWindowToken{93ccaee token=Token{9ba3069 ActivityRecord{73e22f0 u0 com.android.todolist/.MainActivity t23735}}})/@0xa088b9b, destroyLeash=true, surface=Surface(name=6c570fe com.android.todolist/com.android.todolist.MainActivity)/@0xcf2b05f
07-16 13:51:06.457  3869  5053 I Layer   : id=23725 removeFromCurrentState Surface(name=6c570fe com.android.todolist/com.android.todolist.MainActivity)/@0xcf2b05f - animation-leash#0 (120)
07-16 13:51:06.459  3869  4295 I SurfaceFlinger: id=23725 Removed Surface(name=6c570fe com.android.todolist/com.android.todolist.MainActivity)/@0xcf2b05f - animation-leash#0 (120)
07-16 13:51:06.469  3869  3869 I Layer   : id=23725[1] Destroyed Surface(name=6c570fe com.android.todolist/com.android.todolist.MainActivity)/@0xcf2b05f - animation-leash#0
07-16 13:51:07.454  3869  4295 E BufferQueueProducer: [com.android.todolist/com.android.todolist.MainActivity$_26005#1] disconnect: not connected (req=1)
07-16 13:51:07.458  4311 13758 I WindowManager: Reparenting to leash, surface=Surface(name=6c570fe com.android.todolist/com.android.todolist.MainActivity)/@0xcf2b05f
07-16 13:51:07.458  3869  4295 I SurfaceFlinger: createSurf start. lock debugging [Surface(name=6c570fe com.android.todolist/com.android.todolist.MainActivity)/@0xcf2b05f - animation-leash]
07-16 13:51:07.459  3869  4295 I SurfaceFlinger: id=23729 createSurf (0x0),-1 flag=80004, Surface(name=6c570fe com.android.todolist/com.android.todolist.MainActivity)/@0xcf2b05f - animation-leash#0
07-16 13:51:07.459  4311 13758 D WindowManager: makeSurface duration=1 leash=Surface(name=Surface(name=6c570fe com.android.todolist/com.android.todolist.MainActivity)/@0xcf2b05f - animation-leash)/@0x1f56f3
07-16 13:51:07.460  4311 13758 V WindowManager: Changing focus from Window{6c570fe u0 com.android.todolist/com.android.todolist.MainActivity EXITING} to Window{5bf6008 u0 com.android.todolist/com.android.todolist.MainActivity} displayId=0 Callers=com.android.server.wm.RootWindowContainer.updateFocusedWindowLocked:203 com.android.server.wm.WindowManagerService.updateFocusedWindowLocked:6107 com.android.server.wm.WindowState.setupWindowForRemoveOnExit:2441 com.android.server.wm.WindowState.removeIfPossible:2410 com.android.server.wm.WindowState.removeIfPossible:2297 com.android.server.wm.WindowManagerService.removeWindow:2024 
07-16 13:51:07.468  4311  4353 D WindowManager: setSystemUiVisibility: displayId=0, vis=0x8018, fullVis=0x0, dockVis=0x0, win=Window{5bf6008 u0 com.android.todolist/com.android.todolist.MainActivity}
07-16 13:51:07.471  4311 13758 E InputDispatcher: Window handle Window{6c570fe u0 com.android.todolist/com.android.todolist.MainActivity} has no registered input channel
07-16 13:51:07.480  4311  4369 V MARsPolicyManager: onAlertToastWindowStarted pkgName = com.android.todolist, userId = 0
07-16 13:51:07.491 26005 26005 V InputMethodManager: Starting input: tba=com.android.todolist ic=null mNaviBarColor -855310 mIsGetNaviBarColorSuccess true , NavVisible : true , NavTrans : false
07-16 13:51:07.590  3869  3869 I SurfaceFlinger:      DEVICE | 0x7bc41ce480 | 0002 | RGBA_8888 |   0.0    0.0  720.0 1560.0 |    0    0  720 1560 | com.android.todolist/com.android.todolist.MainActivity$_26005#0
07-16 13:51:07.590  3869  3869 I SurfaceFlinger:      DEVICE | 0x7bc40a41c0 | 0000 | RGBA_8888 |  38.0    0.0  758.0  501.0 |    0  514  720 1015 | com.android.todolist/com.android.todolist.MainActivity$_26005#1
07-16 13:51:07.618  4311  4356 I WindowManager: Reparenting to original parent: Surface(name=AppWindowToken{93ccaee token=Token{9ba3069 ActivityRecord{73e22f0 u0 com.android.todolist/.MainActivity t23735}}})/@0xa088b9b, destroyLeash=true, surface=Surface(name=6c570fe com.android.todolist/com.android.todolist.MainActivity)/@0xcf2b05f
07-16 13:51:07.619  4311  4356 E WindowManager: win=Window{6c570fe u0 com.android.todolist/com.android.todolist.MainActivity EXITING} destroySurfaces: appStopped=false win.mWindowRemovalAllowed=true win.mRemoveOnExit=true win.mViewVisibility=0 caller=com.android.server.wm.AppWindowToken.destroySurfaces:1199 com.android.server.wm.AppWindowToken.destroySurfaces:1180 com.android.server.wm.WindowState.onExitAnimationDone:5030 com.android.server.wm.WindowStateAnimator.onAnimationFinished:287 com.android.server.wm.WindowState.onAnimationFinished:5471 com.android.server.wm.-$$Lambda$yVRF8YoeNdTa8GR1wDStVsHu8xM.run:2 com.android.server.wm.SurfaceAnimator.lambda$getFinishedCallback$0$SurfaceAnimator:100 
07-16 13:51:07.620  4311  4356 I WindowManager: Destroying surface Surface(name=com.android.todolist/com.android.todolist.MainActivity$_26005)/@0xd570a9d called by com.android.server.wm.WindowStateAnimator.destroySurface:1734 com.android.server.wm.WindowStateAnimator.destroySurfaceLocked:693 com.android.server.wm.WindowState.destroySurfaceUnchecked:3482 com.android.server.wm.WindowState.destroySurface:3456 com.android.server.wm.AppWindowToken.destroySurfaces:1199 com.android.server.wm.AppWindowToken.destroySurfaces:1180 com.android.server.wm.WindowState.onExitAnimationDone:5030 com.android.server.wm.WindowStateAnimator.onAnimationFinished:287 
07-16 13:51:07.620  3869  4295 I Layer   : id=23724 removeFromCurrentState com.android.todolist/com.android.todolist.MainActivity$_26005#1 (124)
07-16 13:51:07.626  3869  5053 I Layer   : id=23723 removeFromCurrentState 6c570fe com.android.todolist/com.android.todolist.MainActivity#0 (124)
07-16 13:51:07.626  3869  5053 I Layer   : id=23729 removeFromCurrentState Surface(name=6c570fe com.android.todolist/com.android.todolist.MainActivity)/@0xcf2b05f - animation-leash#0 (124)
07-16 13:51:07.628  3869  5053 I SurfaceFlinger: id=23729 Removed Surface(name=6c570fe com.android.todolist/com.android.todolist.MainActivity)/@0xcf2b05f - animation-leash#0 (124)
07-16 13:51:07.628  3869  5053 I SurfaceFlinger: id=23724 Removed com.android.todolist/com.android.todolist.MainActivity$_26005#1 (124)
07-16 13:51:07.635  3869  3869 I Layer   : id=23729[1] Destroyed Surface(name=6c570fe com.android.todolist/com.android.todolist.MainActivity)/@0xcf2b05f - animation-leash#0
07-16 13:51:07.639  3869  3869 I Layer   : id=23724[1] Destroyed com.android.todolist/com.android.todolist.MainActivity$_26005#1
07-16 13:51:07.643  3869  3869 I SurfaceFlinger:      DEVICE | 0x7bc41ce480 | 0002 | RGBA_8888 |   0.0    0.0  720.0 1560.0 |    0    0  720 1560 | com.android.todolist/com.android.todolist.MainActivity$_26005#0
07-16 13:51:08.325  4311  5424 I ActivityTaskManager: START u0 {cmp=com.android.todolist/.ListActivity (has extras)} from uid 10263
07-16 13:51:08.335  3869  4295 I SurfaceFlinger: createSurf start. lock debugging [AppWindowToken{e9a3cd1 token=Token{62e7ff8 ActivityRecord{680cb5b u0 com.android.todolist/.ListActivity t23735}}}]
07-16 13:51:08.335  3869  4295 I SurfaceFlinger: id=23735 createSurf (0x0),-1 flag=80004, AppWindowToken{e9a3cd1 token=Token{62e7ff8 ActivityRecord{680cb5b u0 com.android.todolist/.ListActivity t23735}}}#0
07-16 13:51:08.347  4311  4345 D GamePkgDataHelper: notifyAppCreate(), pkgName: com.android.todolist, sendRet: true
07-16 13:51:08.347  4311  4607 D GamePkgDataHelper: getGamePkgData(). com.android.todolist
07-16 13:51:08.347  4311  4607 D GameManagerService: handleMessage(), MSG_APP_CREATE. ignore. pkgName: com.android.todolist
07-16 13:51:08.348  4311  4345 V WindowManager: Changing focus from Window{5bf6008 u0 com.android.todolist/com.android.todolist.MainActivity} to null displayId=0 Callers=com.android.server.wm.RootWindowContainer.updateFocusedWindowLocked:203 com.android.server.wm.WindowManagerService.updateFocusedWindowLocked:6107 com.android.server.wm.ActivityDisplay.setFocusedApp:1529 com.android.server.wm.ActivityTaskManagerService.setResumedActivityUncheckLocked:6719 com.android.server.wm.ActivityStack.onActivityStateChanged:642 com.android.server.wm.TaskRecord.onActivityStateChanged:2216 
07-16 13:51:08.349  4311  4345 D MARsPolicyManager: onPackageResumedFG pkgName = com.android.todolist, userId = 0
07-16 13:51:08.364  4311  4355 D GameManagerService: noteResumeComponent(), resumeComponent: com.android.todolist
07-16 13:51:08.364  4311  4607 D GameManagerService: handleForegroundChange(). pkgName: com.android.todolist, clsName: com.android.todolist.ListActivity,FgActivityName:com.android.todolist/.ListActivity,userID:0
07-16 13:51:08.450  3869  5053 I SurfaceFlinger: createSurf start. lock debugging [3f6dcc2 com.android.todolist/com.android.todolist.ListActivity]
07-16 13:51:08.450  3869  5053 I SurfaceFlinger: id=23736 createSurf (0x0),-1 flag=80004, 3f6dcc2 com.android.todolist/com.android.todolist.ListActivity#0
07-16 13:51:08.475  4311  5424 V WindowManager: Relayout Window{3f6dcc2 u0 com.android.todolist/com.android.todolist.ListActivity}: viewVisibility=0 req=720x1560
07-16 13:51:08.478  3869  5053 I SurfaceFlinger: createSurf start. lock debugging [com.android.todolist/com.android.todolist.ListActivity$_26005]
07-16 13:51:08.479  3869  5053 I SurfaceFlinger: id=23737 createSurf (720x1560),1 flag=404, com.android.todolist/com.android.todolist.ListActivity$_26005#0
07-16 13:51:08.480  4311  5424 D WindowManager: makeSurface duration=2 name=com.android.todolist/com.android.todolist.ListActivity$_26005
07-16 13:51:08.481  4311  5424 V WindowManager: Changing focus from null to Window{3f6dcc2 u0 com.android.todolist/com.android.todolist.ListActivity} displayId=0 Callers=com.android.server.wm.RootWindowContainer.updateFocusedWindowLocked:203 com.android.server.wm.WindowManagerService.updateFocusedWindowLocked:6107 com.android.server.wm.WindowManagerService.relayoutWindow:2554 com.android.server.wm.Session.relayout:202 android.view.IWindowSession$Stub.onTransact:708 com.android.server.wm.Session.onTransact:142 
