07-16 13:51:08.481  4311  4353 D WindowManager: setSystemUiVisibility: displayId=0, vis=0x8018, fullVis=0x0, dockVis=0x0, win=Window{3f6dcc2 u0 com.android.todolist/com.android.todolist.ListActivity}
07-16 13:51:08.513  4311  5424 D WindowManager: finishDrawingWindow: Window{3f6dcc2 u0 com.android.todolist/com.android.todolist.ListActivity} mDrawState=DRAW_PENDING
07-16 13:51:08.518  4311  4356 I WindowManager: Reparenting to leash, surface=Surface(name=AppWindowToken{93ccaee token=Token{9ba3069 ActivityRecord{73e22f0 u0 com.android.todolist/.MainActivity t23735}}})/@0xa088b9b
07-16 13:51:08.518  3869  4295 I SurfaceFlinger: createSurf start. lock debugging [Surface(name=AppWindowToken{93ccaee token=Token{9ba3069 ActivityRecord{73e22f0 u0 com.android.todolist/.MainActivity t23735}}})/@0xa088b9b - animation-leash]
07-16 13:51:08.519  3869  4295 I SurfaceFlinger: id=23738 createSurf (0x0),-1 flag=80004, Surface(name=AppWindowToken{93ccaee token=Token{9ba3069 ActivityRecord{73e22f0 u0 com.android.todolist/.MainActivity t23735}}})/@0xa088b9b - animation-leash#0
07-16 13:51:08.520  4311  4356 D WindowManager: makeSurface duration=1 leash=Surface(name=Surface(name=AppWindowToken{93ccaee token=Token{9ba3069 ActivityRecord{73e22f0 u0 com.android.todolist/.MainActivity t23735}}})/@0xa088b9b - animation-leash)/@0xef9c33c
07-16 13:51:08.520  3869  4295 I SurfaceFlinger: createSurf start. lock debugging [Surface(name=AppWindowToken{93ccaee token=Token{9ba3069 ActivityRecord{73e22f0 u0 com.android.todolist/.MainActivity t23735}}})/@0xa088b9b - animation-bounds]
07-16 13:51:08.520  3869  4295 I SurfaceFlinger: id=23739 createSurf (0x0),-1 flag=80004, Surface(name=AppWindowToken{93ccaee token=Token{9ba3069 ActivityRecord{73e22f0 u0 com.android.todolist/.MainActivity t23735}}})/@0xa088b9b - animation-bounds#0
07-16 13:51:08.527  4311  4356 I WindowManager: Reparenting to leash, surface=Surface(name=AppWindowToken{e9a3cd1 token=Token{62e7ff8 ActivityRecord{680cb5b u0 com.android.todolist/.ListActivity t23735}}})/@0x1121b7d
07-16 13:51:08.527  3869  4295 I SurfaceFlinger: createSurf start. lock debugging [Surface(name=AppWindowToken{e9a3cd1 token=Token{62e7ff8 ActivityRecord{680cb5b u0 com.android.todolist/.ListActivity t23735}}})/@0x1121b7d - animation-leash]
07-16 13:51:08.527  3869  4295 I SurfaceFlinger: id=23742 createSurf (0x0),-1 flag=80004, Surface(name=AppWindowToken{e9a3cd1 token=Token{62e7ff8 ActivityRecord{680cb5b u0 com.android.todolist/.ListActivity t23735}}})/@0x1121b7d - animation-leash#0
07-16 13:51:08.528  4311  4356 D WindowManager: makeSurface duration=2 leash=Surface(name=Surface(name=AppWindowToken{e9a3cd1 token=Token{62e7ff8 ActivityRecord{680cb5b u0 com.android.todolist/.ListActivity t23735}}})/@0x1121b7d - animation-leash)/@0x8c3fa72
07-16 13:51:08.528  3869  4295 I SurfaceFlinger: createSurf start. lock debugging [Surface(name=AppWindowToken{e9a3cd1 token=Token{62e7ff8 ActivityRecord{680cb5b u0 com.android.todolist/.ListActivity t23735}}})/@0x1121b7d - animation-bounds]
07-16 13:51:08.529  3869  4295 I SurfaceFlinger: id=23743 createSurf (0x0),-1 flag=80004, Surface(name=AppWindowToken{e9a3cd1 token=Token{62e7ff8 ActivityRecord{680cb5b u0 com.android.todolist/.ListActivity t23735}}})/@0x1121b7d - animation-bounds#0
07-16 13:51:08.550 26005 26005 V InputMethodManager: Starting input: tba=com.android.todolist ic=null mNaviBarColor -855310 mIsGetNaviBarColorSuccess true , NavVisible : true , NavTrans : false
07-16 13:51:08.562  3869  3869 I SurfaceFlinger:      CLIENT | 0x7bc40a4d00 | 0002 | RGBA_8888 |   0.0    0.0  720.0 1560.0 |    0    0  720 1560 | com.android.todolist/com.android.todolist.MainActivity$_26005#0
07-16 13:51:08.562  3869  3869 I SurfaceFlinger:      CLIENT | 0x7bc7c69200 | 0002 | RGBA_8888 |   0.0    0.0  720.0 1195.0 |    0  364  720 1560 | com.android.todolist/com.android.todolist.ListActivity$_26005#0
07-16 13:51:08.573  3869  3869 I SurfaceFlinger:      DEVICE | 0x7bc40a4d00 | 0002 | RGBA_8888 |   0.0    2.0  720.0 1560.0 |    0    0  720 1558 | com.android.todolist/com.android.todolist.MainActivity$_26005#0
07-16 13:51:08.573  3869  3869 I SurfaceFlinger:      DEVICE | 0x7bc7c695c0 | 0002 | RGBA_8888 |   0.0    0.0  720.0 1211.0 |    0  348  720 1560 | com.android.todolist/com.android.todolist.ListActivity$_26005#0
07-16 13:51:08.817  4311  4356 I WindowManager: Reparenting to original parent: Surface(name=Task=23735)/@0x2954c8d, destroyLeash=true, surface=Surface(name=AppWindowToken{93ccaee token=Token{9ba3069 ActivityRecord{73e22f0 u0 com.android.todolist/.MainActivity t23735}}})/@0xa088b9b
07-16 13:51:08.817  4311  4356 V WindowManager: Setting visibility of Window{5bf6008 u0 com.android.todolist/com.android.todolist.MainActivity}: false, caller=com.android.server.wm.WindowContainer.sendAppVisibilityToClients:640 com.android.server.wm.AppWindowToken.setClientHidden:621 com.android.server.wm.AppWindowToken.onAnimationFinished:3516 com.android.server.wm.-$$Lambda$yVRF8YoeNdTa8GR1wDStVsHu8xM.run:2 com.android.server.wm.SurfaceAnimator.lambda$getFinishedCallback$0$SurfaceAnimator:100 
07-16 13:51:08.818  4311  4356 I WindowManager: Reparenting to original parent: Surface(name=Task=23735)/@0x2954c8d, destroyLeash=true, surface=Surface(name=AppWindowToken{e9a3cd1 token=Token{62e7ff8 ActivityRecord{680cb5b u0 com.android.todolist/.ListActivity t23735}}})/@0x1121b7d
07-16 13:51:08.824  3869  4295 I Layer   : id=23738 removeFromCurrentState Surface(name=AppWindowToken{93ccaee token=Token{9ba3069 ActivityRecord{73e22f0 u0 com.android.todolist/.MainActivity t23735}}})/@0xa088b9b - animation-leash#0 (129)
07-16 13:51:08.824  3869  4295 I Layer   : id=23739 removeFromCurrentState Surface(name=AppWindowToken{93ccaee token=Token{9ba3069 ActivityRecord{73e22f0 u0 com.android.todolist/.MainActivity t23735}}})/@0xa088b9b - animation-bounds#0 (129)
07-16 13:51:08.824  3869  4295 I Layer   : id=23742 removeFromCurrentState Surface(name=AppWindowToken{e9a3cd1 token=Token{62e7ff8 ActivityRecord{680cb5b u0 com.android.todolist/.ListActivity t23735}}})/@0x1121b7d - animation-leash#0 (129)
07-16 13:51:08.824  3869  4295 I Layer   : id=23743 removeFromCurrentState Surface(name=AppWindowToken{e9a3cd1 token=Token{62e7ff8 ActivityRecord{680cb5b u0 com.android.todolist/.ListActivity t23735}}})/@0x1121b7d - animation-bounds#0 (129)
07-16 13:51:08.825  3869  5402 I SurfaceFlinger: id=23743 Removed Surface(name=AppWindowToken{e9a3cd1 token=Token{62e7ff8 ActivityRecord{680cb5b u0 com.android.todolist/.ListActivity t23735}}})/@0x1121b7d - animation-bounds#0 (129)
07-16 13:51:08.825  3869  4295 I SurfaceFlinger: id=23738 Removed Surface(name=AppWindowToken{93ccaee token=Token{9ba3069 ActivityRecord{73e22f0 u0 com.android.todolist/.MainActivity t23735}}})/@0xa088b9b - animation-leash#0 (129)
07-16 13:51:08.826  3869  4295 I SurfaceFlinger: id=23739 Removed Surface(name=AppWindowToken{93ccaee token=Token{9ba3069 ActivityRecord{73e22f0 u0 com.android.todolist/.MainActivity t23735}}})/@0xa088b9b - animation-bounds#0 (129)
07-16 13:51:08.826  3869  4295 I SurfaceFlinger: id=23742 Removed Surface(name=AppWindowToken{e9a3cd1 token=Token{62e7ff8 ActivityRecord{680cb5b u0 com.android.todolist/.ListActivity t23735}}})/@0x1121b7d - animation-leash#0 (129)
07-16 13:51:08.833  3869  3869 I Layer   : id=23739[1] Destroyed Surface(name=AppWindowToken{93ccaee token=Token{9ba3069 ActivityRecord{73e22f0 u0 com.android.todolist/.MainActivity t23735}}})/@0xa088b9b - animation-bounds#0
07-16 13:51:08.833  3869  3869 I Layer   : id=23738[1] Destroyed Surface(name=AppWindowToken{93ccaee token=Token{9ba3069 ActivityRecord{73e22f0 u0 com.android.todolist/.MainActivity t23735}}})/@0xa088b9b - animation-leash#0
07-16 13:51:08.833  3869  3869 I Layer   : id=23743[1] Destroyed Surface(name=AppWindowToken{e9a3cd1 token=Token{62e7ff8 ActivityRecord{680cb5b u0 com.android.todolist/.ListActivity t23735}}})/@0x1121b7d - animation-bounds#0
07-16 13:51:08.833  3869  3869 I Layer   : id=23742[1] Destroyed Surface(name=AppWindowToken{e9a3cd1 token=Token{62e7ff8 ActivityRecord{680cb5b u0 com.android.todolist/.ListActivity t23735}}})/@0x1121b7d - animation-leash#0
07-16 13:51:08.837  3869  5053 E BufferQueueProducer: [com.android.todolist/com.android.todolist.MainActivity$_26005#0] disconnect: not connected (req=1)
07-16 13:51:08.839  4311  5424 V WindowManager: Relayout Window{5bf6008 u0 com.android.todolist/com.android.todolist.MainActivity}: viewVisibility=8 req=720x1560
07-16 13:51:08.843  3869  3869 I SurfaceFlinger:      CLIENT | 0x7bc7c695c0 | 0002 | RGBA_8888 |   0.0    0.0  720.0 1560.0 |    0    0  720 1560 | com.android.todolist/com.android.todolist.ListActivity$_26005#0
07-16 13:51:08.867  4311  4345 V WindowManager: Relayout Window{5bf6008 u0 com.android.todolist/com.android.todolist.MainActivity}: viewVisibility=8 req=720x1560
07-16 13:51:08.875  4311 13758 E WindowManager: win=Window{5bf6008 u0 com.android.todolist/com.android.todolist.MainActivity} destroySurfaces: appStopped=true win.mWindowRemovalAllowed=false win.mRemoveOnExit=false win.mViewVisibility=8 caller=com.android.server.wm.AppWindowToken.destroySurfaces:1199 com.android.server.wm.AppWindowToken.destroySurfaces:1180 com.android.server.wm.AppWindowToken.notifyAppStopped:1235 com.android.server.wm.ActivityRecord.activityStoppedLocked:2597 com.android.server.wm.ActivityTaskManagerService.activityStopped:2380 android.app.IActivityTaskManager$Stub.onTransact:2180 android.os.Binder.execTransactInternal:1056 
07-16 13:51:08.875  4311 13758 I WindowManager: Destroying surface Surface(name=com.android.todolist/com.android.todolist.MainActivity$_26005)/@0x191a817 called by com.android.server.wm.WindowStateAnimator.destroySurface:1734 com.android.server.wm.WindowStateAnimator.destroySurfaceLocked:693 com.android.server.wm.WindowState.destroySurfaceUnchecked:3482 com.android.server.wm.WindowState.destroySurface:3456 com.android.server.wm.AppWindowToken.destroySurfaces:1199 com.android.server.wm.AppWindowToken.destroySurfaces:1180 com.android.server.wm.AppWindowToken.notifyAppStopped:1235 com.android.server.wm.ActivityRecord.activityStoppedLocked:2597 
07-16 13:51:08.876  3869  5053 I Layer   : id=23716 removeFromCurrentState com.android.todolist/com.android.todolist.MainActivity$_26005#0 (123)
07-16 13:51:08.886  3869  5053 I SurfaceFlinger: id=23716 Removed com.android.todolist/com.android.todolist.MainActivity$_26005#0 (123)
07-16 13:51:08.900  3869  3869 I Layer   : id=23716[1] Destroyed com.android.todolist/com.android.todolist.MainActivity$_26005#0
07-16 13:51:09.472  4311 13758 W NotificationService: Toast already killed. pkg=com.android.todolist callback=android.app.ITransientNotification$Stub$Proxy@9c8206e
07-16 13:51:09.493  4311  4369 V MARsPolicyManager: onAlertToastWindowStarted pkgName = com.android.todolist, userId = 0
07-16 13:51:09.626  3869  3869 I SurfaceFlinger:      DEVICE | 0x7bc7c695c0 | 0002 | RGBA_8888 |   0.0    0.0  720.0 1560.0 |    0    0  720 1560 | com.android.todolist/com.android.todolist.ListActivity$_26005#0
07-16 13:51:09.740  4311  5424 I ActivityTaskManager: START u0 {cmp=com.android.todolist/.MainActivity} from uid 10263
07-16 13:51:09.761  3869  4295 I SurfaceFlinger: createSurf start. lock debugging [AppWindowToken{590aaa3 token=Token{4f999d2 ActivityRecord{7e71c5d u0 com.android.todolist/.MainActivity t23735}}}]
07-16 13:51:09.761  3869  4295 I SurfaceFlinger: id=23748 createSurf (0x0),-1 flag=80004, AppWindowToken{590aaa3 token=Token{4f999d2 ActivityRecord{7e71c5d u0 com.android.todolist/.MainActivity t23735}}}#0
07-16 13:51:09.792  4311  5424 D GamePkgDataHelper: notifyAppCreate(), pkgName: com.android.todolist, sendRet: true
07-16 13:51:09.792  4311  4607 D GamePkgDataHelper: getGamePkgData(). com.android.todolist
07-16 13:51:09.792  4311  4607 D GameManagerService: handleMessage(), MSG_APP_CREATE. ignore. pkgName: com.android.todolist
07-16 13:51:09.794  4311  5424 V WindowManager: Changing focus from Window{3f6dcc2 u0 com.android.todolist/com.android.todolist.ListActivity} to null displayId=0 Callers=com.android.server.wm.RootWindowContainer.updateFocusedWindowLocked:203 com.android.server.wm.WindowManagerService.updateFocusedWindowLocked:6107 com.android.server.wm.ActivityDisplay.setFocusedApp:1529 com.android.server.wm.ActivityTaskManagerService.setResumedActivityUncheckLocked:6719 com.android.server.wm.ActivityStack.onActivityStateChanged:642 com.android.server.wm.TaskRecord.onActivityStateChanged:2216 
07-16 13:51:09.795  4311  5424 D MARsPolicyManager: onPackageResumedFG pkgName = com.android.todolist, userId = 0
07-16 13:51:09.813  4311  4355 D GameManagerService: noteResumeComponent(), resumeComponent: com.android.todolist
07-16 13:51:09.813  4311  4607 D GameManagerService: handleForegroundChange(). pkgName: com.android.todolist, clsName: com.android.todolist.MainActivity,FgActivityName:com.android.todolist/.MainActivity,userID:0
07-16 13:51:09.908  3869  5402 I SurfaceFlinger: createSurf start. lock debugging [3794dff com.android.todolist/com.android.todolist.MainActivity]
07-16 13:51:09.908  3869  5402 I SurfaceFlinger: id=23749 createSurf (0x0),-1 flag=80004, 3794dff com.android.todolist/com.android.todolist.MainActivity#0
07-16 13:51:09.974  3869  3869 I SurfaceFlinger:      DEVICE | 0x7bc7c69200 | 0002 | RGBA_8888 |   0.0    0.0  720.0 1560.0 |    0    0  720 1560 | com.android.todolist/com.android.todolist.ListActivity$_26005#0
07-16 13:51:09.978  4311  5424 V WindowManager: Relayout Window{3794dff u0 com.android.todolist/com.android.todolist.MainActivity}: viewVisibility=0 req=720x1560
07-16 13:51:09.982  3869  3928 I SurfaceFlinger: createSurf start. lock debugging [com.android.todolist/com.android.todolist.MainActivity$_26005]
07-16 13:51:09.984  3869  3928 I SurfaceFlinger: id=23750 createSurf (720x1560),1 flag=404, com.android.todolist/com.android.todolist.MainActivity$_26005#0
07-16 13:51:09.985  4311  5424 D WindowManager: makeSurface duration=4 name=com.android.todolist/com.android.todolist.MainActivity$_26005
07-16 13:51:09.986  4311  5424 V WindowManager: Changing focus from null to Window{3794dff u0 com.android.todolist/com.android.todolist.MainActivity} displayId=0 Callers=com.android.server.wm.RootWindowContainer.updateFocusedWindowLocked:203 com.android.server.wm.WindowManagerService.updateFocusedWindowLocked:6107 com.android.server.wm.WindowManagerService.relayoutWindow:2554 com.android.server.wm.Session.relayout:202 android.view.IWindowSession$Stub.onTransact:708 com.android.server.wm.Session.onTransact:142 
07-16 13:51:09.986  4311  4353 D WindowManager: setSystemUiVisibility: displayId=0, vis=0x8018, fullVis=0x0, dockVis=0x0, win=Window{3794dff u0 com.android.todolist/com.android.todolist.MainActivity}
07-16 13:51:10.005  3869  4295 I SurfaceFlinger: id=23672 Removed 39a528b com.android.todolist/com.android.todolist.MainActivity#0 (125)
07-16 13:51:10.005  3869  5053 I SurfaceFlinger: id=23686 Removed 4cc0104 com.android.todolist/com.android.todolist.MainActivity#0 (125)
07-16 13:51:10.006  3869  5053 I SurfaceFlinger: id=23701 Removed AppWindowToken{ce9b3f4 token=Token{30a1c7 ActivityRecord{ef82706 u0 com.android.todolist/.ListActivity t23735}}}#0 (125)
07-16 13:51:10.006  3869  4295 I SurfaceFlinger: id=23723 Removed 6c570fe com.android.todolist/com.android.todolist.MainActivity#0 (125)
07-16 13:51:10.015  3869  3869 I Layer   : id=23701[1] Destroyed AppWindowToken{ce9b3f4 token=Token{30a1c7 ActivityRecord{ef82706 u0 com.android.todolist/.ListActivity t23735}}}#0
07-16 13:51:10.015  3869  3869 I Layer   : id=23686[1] Destroyed 4cc0104 com.android.todolist/com.android.todolist.MainActivity#0
07-16 13:51:10.016  3869  3869 I Layer   : id=23672[1] Destroyed 39a528b com.android.todolist/com.android.todolist.MainActivity#0
07-16 13:51:10.016  3869  3869 I Layer   : id=23723[1] Destroyed 6c570fe com.android.todolist/com.android.todolist.MainActivity#0
07-16 13:51:10.080  4311  5424 D WindowManager: finishDrawingWindow: Window{3794dff u0 com.android.todolist/com.android.todolist.MainActivity} mDrawState=DRAW_PENDING
07-16 13:51:10.085  4311  4356 I WindowManager: Reparenting to leash, surface=Surface(name=AppWindowToken{e9a3cd1 token=Token{62e7ff8 ActivityRecord{680cb5b u0 com.android.todolist/.ListActivity t23735}}})/@0x1121b7d
07-16 13:51:10.086  3869  5053 I SurfaceFlinger: createSurf start. lock debugging [Surface(name=AppWindowToken{e9a3cd1 token=Token{62e7ff8 ActivityRecord{680cb5b u0 com.android.todolist/.ListActivity t23735}}})/@0x1121b7d - animation-leash]
07-16 13:51:10.086  3869  5053 I SurfaceFlinger: id=23751 createSurf (0x0),-1 flag=80004, Surface(name=AppWindowToken{e9a3cd1 token=Token{62e7ff8 ActivityRecord{680cb5b u0 com.android.todolist/.ListActivity t23735}}})/@0x1121b7d - animation-leash#0
07-16 13:51:10.086  4311  4356 D WindowManager: makeSurface duration=1 leash=Surface(name=Surface(name=AppWindowToken{e9a3cd1 token=Token{62e7ff8 ActivityRecord{680cb5b u0 com.android.todolist/.ListActivity t23735}}})/@0x1121b7d - animation-leash)/@0xd4fdf7
07-16 13:51:10.087  3869  5053 I SurfaceFlinger: createSurf start. lock debugging [Surface(name=AppWindowToken{e9a3cd1 token=Token{62e7ff8 ActivityRecord{680cb5b u0 com.android.todolist/.ListActivity t23735}}})/@0x1121b7d - animation-bounds]
07-16 13:51:10.087  3869  5053 I SurfaceFlinger: id=23752 createSurf (0x0),-1 flag=80004, Surface(name=AppWindowToken{e9a3cd1 token=Token{62e7ff8 ActivityRecord{680cb5b u0 com.android.todolist/.ListActivity t23735}}})/@0x1121b7d - animation-bounds#0
07-16 13:51:10.093  4311  4356 I WindowManager: Reparenting to leash, surface=Surface(name=AppWindowToken{590aaa3 token=Token{4f999d2 ActivityRecord{7e71c5d u0 com.android.todolist/.MainActivity t23735}}})/@0x1430bfc
07-16 13:51:10.094  3869  5053 I SurfaceFlinger: createSurf start. lock debugging [Surface(name=AppWindowToken{590aaa3 token=Token{4f999d2 ActivityRecord{7e71c5d u0 com.android.todolist/.MainActivity t23735}}})/@0x1430bfc - animation-leash]
07-16 13:51:10.094  3869  5053 I SurfaceFlinger: id=23755 createSurf (0x0),-1 flag=80004, Surface(name=AppWindowToken{590aaa3 token=Token{4f999d2 ActivityRecord{7e71c5d u0 com.android.todolist/.MainActivity t23735}}})/@0x1430bfc - animation-leash#0
07-16 13:51:10.094  4311  4356 D WindowManager: makeSurface duration=1 leash=Surface(name=Surface(name=AppWindowToken{590aaa3 token=Token{4f999d2 ActivityRecord{7e71c5d u0 com.android.todolist/.MainActivity t23735}}})/@0x1430bfc - animation-leash)/@0x81b1285
07-16 13:51:10.095  3869  5053 I SurfaceFlinger: createSurf start. lock debugging [Surface(name=AppWindowToken{590aaa3 token=Token{4f999d2 ActivityRecord{7e71c5d u0 com.android.todolist/.MainActivity t23735}}})/@0x1430bfc - animation-bounds]
07-16 13:51:10.095  3869  5053 I SurfaceFlinger: id=23756 createSurf (0x0),-1 flag=80004, Surface(name=AppWindowToken{590aaa3 token=Token{4f999d2 ActivityRecord{7e71c5d u0 com.android.todolist/.MainActivity t23735}}})/@0x1430bfc - animation-bounds#0
07-16 13:51:10.118 26005 26005 V InputMethodManager: Starting input: tba=com.android.todolist ic=null mNaviBarColor -855310 mIsGetNaviBarColorSuccess true , NavVisible : true , NavTrans : false
07-16 13:51:10.139  3869  3869 I SurfaceFlinger:      DEVICE | 0x7bc7c695c0 | 0002 | RGBA_8888 |   0.0    2.0  720.0 1560.0 |    0    0  720 1558 | com.android.todolist/com.android.todolist.ListActivity$_26005#0
07-16 13:51:10.139  3869  3869 I SurfaceFlinger:      DEVICE | 0x7bc40a3f40 | 0002 | RGBA_8888 |   0.0    0.0  720.0 1210.0 |    0  350  720 1560 | com.android.todolist/com.android.todolist.MainActivity$_26005#0
07-16 13:51:10.399  4311  4356 I WindowManager: Reparenting to original parent: Surface(name=Task=23735)/@0x2954c8d, destroyLeash=true, surface=Surface(name=AppWindowToken{e9a3cd1 token=Token{62e7ff8 ActivityRecord{680cb5b u0 com.android.todolist/.ListActivity t23735}}})/@0x1121b7d
07-16 13:51:10.399  4311  4356 V WindowManager: Setting visibility of Window{3f6dcc2 u0 com.android.todolist/com.android.todolist.ListActivity}: false, caller=com.android.server.wm.WindowContainer.sendAppVisibilityToClients:640 com.android.server.wm.AppWindowToken.setClientHidden:621 com.android.server.wm.AppWindowToken.onAnimationFinished:3516 com.android.server.wm.-$$Lambda$yVRF8YoeNdTa8GR1wDStVsHu8xM.run:2 com.android.server.wm.SurfaceAnimator.lambda$getFinishedCallback$0$SurfaceAnimator:100 
07-16 13:51:10.400  4311  4356 I WindowManager: Reparenting to original parent: Surface(name=Task=23735)/@0x2954c8d, destroyLeash=true, surface=Surface(name=AppWindowToken{590aaa3 token=Token{4f999d2 ActivityRecord{7e71c5d u0 com.android.todolist/.MainActivity t23735}}})/@0x1430bfc
07-16 13:51:10.404  3869  3928 I Layer   : id=23751 removeFromCurrentState Surface(name=AppWindowToken{e9a3cd1 token=Token{62e7ff8 ActivityRecord{680cb5b u0 com.android.todolist/.ListActivity t23735}}})/@0x1121b7d - animation-leash#0 (126)
07-16 13:51:10.404  3869  3928 I Layer   : id=23752 removeFromCurrentState Surface(name=AppWindowToken{e9a3cd1 token=Token{62e7ff8 ActivityRecord{680cb5b u0 com.android.todolist/.ListActivity t23735}}})/@0x1121b7d - animation-bounds#0 (126)
07-16 13:51:10.404  3869  3928 I Layer   : id=23755 removeFromCurrentState Surface(name=AppWindowToken{590aaa3 token=Token{4f999d2 ActivityRecord{7e71c5d u0 com.android.todolist/.MainActivity t23735}}})/@0x1430bfc - animation-leash#0 (126)
07-16 13:51:10.404  3869  3928 I Layer   : id=23756 removeFromCurrentState Surface(name=AppWindowToken{590aaa3 token=Token{4f999d2 ActivityRecord{7e71c5d u0 com.android.todolist/.MainActivity t23735}}})/@0x1430bfc - animation-bounds#0 (126)
07-16 13:51:10.404  3869  3869 I SurfaceFlinger:      DEVICE | 0x7bc40a3cc0 | 0002 | RGBA_8888 |   0.0    0.0  720.0 1560.0 |    0    0  720 1560 | com.android.todolist/com.android.todolist.MainActivity$_26005#0
07-16 13:51:10.406  3869  5053 I SurfaceFlinger: id=23751 Removed Surface(name=AppWindowToken{e9a3cd1 token=Token{62e7ff8 ActivityRecord{680cb5b u0 com.android.todolist/.ListActivity t23735}}})/@0x1121b7d - animation-leash#0 (126)
07-16 13:51:10.406  3869  5053 I SurfaceFlinger: id=23752 Removed Surface(name=AppWindowToken{e9a3cd1 token=Token{62e7ff8 ActivityRecord{680cb5b u0 com.android.todolist/.ListActivity t23735}}})/@0x1121b7d - animation-bounds#0 (126)
07-16 13:51:10.406  3869  5053 I SurfaceFlinger: id=23756 Removed Surface(name=AppWindowToken{590aaa3 token=Token{4f999d2 ActivityRecord{7e71c5d u0 com.android.todolist/.MainActivity t23735}}})/@0x1430bfc - animation-bounds#0 (126)
07-16 13:51:10.406  3869  3928 I SurfaceFlinger: id=23755 Removed Surface(name=AppWindowToken{590aaa3 token=Token{4f999d2 ActivityRecord{7e71c5d u0 com.android.todolist/.MainActivity t23735}}})/@0x1430bfc - animation-leash#0 (126)
07-16 13:51:10.415  3869  3869 I Layer   : id=23752[1] Destroyed Surface(name=AppWindowToken{e9a3cd1 token=Token{62e7ff8 ActivityRecord{680cb5b u0 com.android.todolist/.ListActivity t23735}}})/@0x1121b7d - animation-bounds#0
07-16 13:51:10.415  3869  3869 I Layer   : id=23751[1] Destroyed Surface(name=AppWindowToken{e9a3cd1 token=Token{62e7ff8 ActivityRecord{680cb5b u0 com.android.todolist/.ListActivity t23735}}})/@0x1121b7d - animation-leash#0
07-16 13:51:10.415  3869  3869 I Layer   : id=23756[1] Destroyed Surface(name=AppWindowToken{590aaa3 token=Token{4f999d2 ActivityRecord{7e71c5d u0 com.android.todolist/.MainActivity t23735}}})/@0x1430bfc - animation-bounds#0
07-16 13:51:10.415  3869  3869 I Layer   : id=23755[1] Destroyed Surface(name=AppWindowToken{590aaa3 token=Token{4f999d2 ActivityRecord{7e71c5d u0 com.android.todolist/.MainActivity t23735}}})/@0x1430bfc - animation-leash#0
07-16 13:51:10.421  3869  5053 E BufferQueueProducer: [com.android.todolist/com.android.todolist.ListActivity$_26005#0] disconnect: not connected (req=1)
07-16 13:51:10.422  4311 13758 V WindowManager: Relayout Window{3f6dcc2 u0 com.android.todolist/com.android.todolist.ListActivity}: viewVisibility=8 req=720x1560
07-16 13:51:10.440  4311  5424 I WindowManager: Destroying surface Surface(name=com.android.todolist/com.android.todolist.ListActivity$_26005)/@0xae9ec8a called by com.android.server.wm.WindowStateAnimator.destroySurface:1734 com.android.server.wm.WindowStateAnimator.destroySurfaceLocked:693 com.android.server.wm.WindowState.removeImmediately:2282 com.android.server.wm.WindowState.removeIfPossible:2418 com.android.server.wm.WindowState.removeIfPossible:2297 com.android.server.wm.WindowManagerService.removeWindow:2024 com.android.server.wm.Session.remove:184 android.view.IWindowSession$Stub.onTransact:658 
07-16 13:51:10.440  3869  3928 I Layer   : id=23737 removeFromCurrentState com.android.todolist/com.android.todolist.ListActivity$_26005#0 (120)
07-16 13:51:10.441  3869  3928 I SurfaceFlinger: id=23737 Removed com.android.todolist/com.android.todolist.ListActivity$_26005#0 (120)
07-16 13:51:10.443  3869  3928 I Layer   : id=23736 removeFromCurrentState 3f6dcc2 com.android.todolist/com.android.todolist.ListActivity#0 (120)
07-16 13:51:10.444  3869  3928 I SurfaceFlinger: id=23736 Removed 3f6dcc2 com.android.todolist/com.android.todolist.ListActivity#0 (120)
07-16 13:51:10.448  3869  3869 I Layer   : id=23736[1] Destroyed 3f6dcc2 com.android.todolist/com.android.todolist.ListActivity#0
07-16 13:51:10.449  3869  3869 I Layer   : id=23737[1] Destroyed com.android.todolist/com.android.todolist.ListActivity$_26005#0
07-16 13:51:10.450  3869  3928 I Layer   : id=23735 removeFromCurrentState AppWindowToken{e9a3cd1 token=Token{62e7ff8 ActivityRecord{680cb5b u0 com.android.todolist/.ListActivity t23735}}}#0 (118)
07-16 13:51:11.040  4311  4311 D GameManagerService: identifyGamePackage. com.android.todolist, mCurrentUserId: 0, callerUserId: 0
07-16 13:51:11.040  4311  4311 D GamePkgDataHelper: getGamePkgData(). com.android.todolist
07-16 13:51:11.494  4311 13758 W NotificationService: Toast already killed. pkg=com.android.todolist callback=android.app.ITransientNotification$Stub$Proxy@6dbc673
07-16 13:51:11.573  4311 13758 I ActivityTaskManager: START u0 {cmp=com.android.todolist/.ListActivity (has extras)} from uid 10263
07-16 13:51:11.583  3869  5402 I SurfaceFlinger: createSurf start. lock debugging [AppWindowToken{e9e4e1 token=Token{2727e48 ActivityRecord{f9790eb u0 com.android.todolist/.ListActivity t23735}}}]
07-16 13:51:11.583  3869  5402 I SurfaceFlinger: id=23759 createSurf (0x0),-1 flag=80004, AppWindowToken{e9e4e1 token=Token{2727e48 ActivityRecord{f9790eb u0 com.android.todolist/.ListActivity t23735}}}#0
07-16 13:51:11.598  4311  4369 V MARsPolicyManager: onAlertToastWindowStarted pkgName = com.android.todolist, userId = 0
07-16 13:51:11.609  4311  5424 D GamePkgDataHelper: notifyAppCreate(), pkgName: com.android.todolist, sendRet: true
07-16 13:51:11.609  4311  4607 D GamePkgDataHelper: getGamePkgData(). com.android.todolist
07-16 13:51:11.609  4311  4607 D GameManagerService: handleMessage(), MSG_APP_CREATE. ignore. pkgName: com.android.todolist
07-16 13:51:11.610  4311  5424 V WindowManager: Changing focus from Window{3794dff u0 com.android.todolist/com.android.todolist.MainActivity} to null displayId=0 Callers=com.android.server.wm.RootWindowContainer.updateFocusedWindowLocked:203 com.android.server.wm.WindowManagerService.updateFocusedWindowLocked:6107 com.android.server.wm.ActivityDisplay.setFocusedApp:1529 com.android.server.wm.ActivityTaskManagerService.setResumedActivityUncheckLocked:6719 com.android.server.wm.ActivityStack.onActivityStateChanged:642 com.android.server.wm.TaskRecord.onActivityStateChanged:2216 
07-16 13:51:11.611  4311  5424 D MARsPolicyManager: onPackageResumedFG pkgName = com.android.todolist, userId = 0
07-16 13:51:11.633  4311  4355 D GameManagerService: noteResumeComponent(), resumeComponent: com.android.todolist
07-16 13:51:11.633  4311  4607 D GameManagerService: handleForegroundChange(). pkgName: com.android.todolist, clsName: com.android.todolist.ListActivity,FgActivityName:com.android.todolist/.ListActivity,userID:0
07-16 13:51:11.685  3869  3869 I SurfaceFlinger:      DEVICE | 0x7bc40a3040 | 0002 | RGBA_8888 |   0.0    0.0  720.0 1560.0 |    0    0  720 1560 | com.android.todolist/com.android.todolist.MainActivity$_26005#0
07-16 13:51:11.727  3869  5053 I SurfaceFlinger: createSurf start. lock debugging [22ec3d5 com.android.todolist/com.android.todolist.ListActivity]
07-16 13:51:11.727  3869  5053 I SurfaceFlinger: id=23763 createSurf (0x0),-1 flag=80004, 22ec3d5 com.android.todolist/com.android.todolist.ListActivity#0
07-16 13:51:11.818  4311  5424 V WindowManager: Relayout Window{22ec3d5 u0 com.android.todolist/com.android.todolist.ListActivity}: viewVisibility=0 req=720x1560
07-16 13:51:11.823  3869  5402 I SurfaceFlinger: createSurf start. lock debugging [com.android.todolist/com.android.todolist.ListActivity$_26005]
07-16 13:51:11.824  3869  5402 I SurfaceFlinger: id=23764 createSurf (720x1560),1 flag=404, com.android.todolist/com.android.todolist.ListActivity$_26005#0
07-16 13:51:11.824  4311  5424 D WindowManager: makeSurface duration=1 name=com.android.todolist/com.android.todolist.ListActivity$_26005
07-16 13:51:11.826  4311  5424 V WindowManager: Changing focus from null to Window{22ec3d5 u0 com.android.todolist/com.android.todolist.ListActivity} displayId=0 Callers=com.android.server.wm.RootWindowContainer.updateFocusedWindowLocked:203 com.android.server.wm.WindowManagerService.updateFocusedWindowLocked:6107 com.android.server.wm.WindowManagerService.relayoutWindow:2554 com.android.server.wm.Session.relayout:202 android.view.IWindowSession$Stub.onTransact:708 com.android.server.wm.Session.onTransact:142 
07-16 13:51:11.826  4311  4353 D WindowManager: setSystemUiVisibility: displayId=0, vis=0x8018, fullVis=0x0, dockVis=0x0, win=Window{22ec3d5 u0 com.android.todolist/com.android.todolist.ListActivity}
07-16 13:51:11.873  4311 13758 D WindowManager: finishDrawingWindow: Window{22ec3d5 u0 com.android.todolist/com.android.todolist.ListActivity} mDrawState=DRAW_PENDING
07-16 13:51:11.878  4311  4356 I WindowManager: Reparenting to leash, surface=Surface(name=AppWindowToken{590aaa3 token=Token{4f999d2 ActivityRecord{7e71c5d u0 com.android.todolist/.MainActivity t23735}}})/@0x1430bfc
07-16 13:51:11.878  3869  3928 I SurfaceFlinger: createSurf start. lock debugging [Surface(name=AppWindowToken{590aaa3 token=Token{4f999d2 ActivityRecord{7e71c5d u0 com.android.todolist/.MainActivity t23735}}})/@0x1430bfc - animation-leash]
07-16 13:51:11.879  3869  3928 I SurfaceFlinger: id=23765 createSurf (0x0),-1 flag=80004, Surface(name=AppWindowToken{590aaa3 token=Token{4f999d2 ActivityRecord{7e71c5d u0 com.android.todolist/.MainActivity t23735}}})/@0x1430bfc - animation-leash#0
07-16 13:51:11.879  4311  4356 D WindowManager: makeSurface duration=1 leash=Surface(name=Surface(name=AppWindowToken{590aaa3 token=Token{4f999d2 ActivityRecord{7e71c5d u0 com.android.todolist/.MainActivity t23735}}})/@0x1430bfc - animation-leash)/@0x52e4524
07-16 13:51:11.879  3869  5053 I SurfaceFlinger: createSurf start. lock debugging [Surface(name=AppWindowToken{590aaa3 token=Token{4f999d2 ActivityRecord{7e71c5d u0 com.android.todolist/.MainActivity t23735}}})/@0x1430bfc - animation-bounds]
07-16 13:51:11.881  3869  5053 I SurfaceFlinger: id=23766 createSurf (0x0),-1 flag=80004, Surface(name=AppWindowToken{590aaa3 token=Token{4f999d2 ActivityRecord{7e71c5d u0 com.android.todolist/.MainActivity t23735}}})/@0x1430bfc - animation-bounds#0
07-16 13:51:11.887  4311  4356 I WindowManager: Reparenting to leash, surface=Surface(name=AppWindowToken{e9e4e1 token=Token{2727e48 ActivityRecord{f9790eb u0 com.android.todolist/.ListActivity t23735}}})/@0x9e94c45
07-16 13:51:11.887  3869  3928 I SurfaceFlinger: createSurf start. lock debugging [Surface(name=AppWindowToken{e9e4e1 token=Token{2727e48 ActivityRecord{f9790eb u0 com.android.todolist/.ListActivity t23735}}})/@0x9e94c45 - animation-leash]
07-16 13:51:11.888  3869  3928 I SurfaceFlinger: id=23769 createSurf (0x0),-1 flag=80004, Surface(name=AppWindowToken{e9e4e1 token=Token{2727e48 ActivityRecord{f9790eb u0 com.android.todolist/.ListActivity t23735}}})/@0x9e94c45 - animation-leash#0
07-16 13:51:11.888  4311  4356 D WindowManager: makeSurface duration=1 leash=Surface(name=Surface(name=AppWindowToken{e9e4e1 token=Token{2727e48 ActivityRecord{f9790eb u0 com.android.todolist/.ListActivity t23735}}})/@0x9e94c45 - animation-leash)/@0xff0af9a
07-16 13:51:11.889  3869  3928 I SurfaceFlinger: createSurf start. lock debugging [Surface(name=AppWindowToken{e9e4e1 token=Token{2727e48 ActivityRecord{f9790eb u0 com.android.todolist/.ListActivity t23735}}})/@0x9e94c45 - animation-bounds]
07-16 13:51:11.890  3869  3928 I SurfaceFlinger: id=23770 createSurf (0x0),-1 flag=80004, Surface(name=AppWindowToken{e9e4e1 token=Token{2727e48 ActivityRecord{f9790eb u0 com.android.todolist/.ListActivity t23735}}})/@0x9e94c45 - animation-bounds#0
07-16 13:51:11.915 26005 26005 V InputMethodManager: Starting input: tba=com.android.todolist ic=null mNaviBarColor -855310 mIsGetNaviBarColorSuccess true , NavVisible : true , NavTrans : false
07-16 13:51:11.924  3869  3869 I SurfaceFlinger:      DEVICE | 0x7bc40a3f40 | 0002 | RGBA_8888 |   0.0    0.0  720.0 1560.0 |    0    0  720 1560 | com.android.todolist/com.android.todolist.MainActivity$_26005#0
07-16 13:51:11.924  3869  3869 I SurfaceFlinger:      DEVICE | 0x7bc7c6a240 | 0002 | RGBA_8888 |   0.0    0.0  720.0 1195.0 |    0  364  720 1560 | com.android.todolist/com.android.todolist.ListActivity$_26005#0
07-16 13:51:11.936  3869  3869 I SurfaceFlinger:      DEVICE | 0x7bc40a3040 | 0002 | RGBA_8888 |   0.0    2.0  720.0 1560.0 |    0    0  720 1558 | com.android.todolist/com.android.todolist.MainActivity$_26005#0
07-16 13:51:11.936  3869  3869 I SurfaceFlinger:      DEVICE | 0x7bc7c6a240 | 0002 | RGBA_8888 |   0.0    0.0  720.0 1211.0 |    0  348  720 1560 | com.android.todolist/com.android.todolist.ListActivity$_26005#0
07-16 13:51:12.022  3869  3869 I SurfaceFlinger:      CLIENT | 0x7bc40a3040 | 0002 | RGBA_8888 |   0.0   32.0  720.0 1560.0 |    0    0  720 1528 | com.android.todolist/com.android.todolist.MainActivity$_26005#0
07-16 13:51:12.022  3869  3869 I SurfaceFlinger:      CLIENT | 0x7bc7c69fc0 | 0002 | RGBA_8888 |   0.0    0.0  720.0 1449.0 |    0  110  720 1560 | com.android.todolist/com.android.todolist.ListActivity$_26005#0
07-16 13:51:12.197  4311  4356 I WindowManager: Reparenting to original parent: Surface(name=Task=23735)/@0x2954c8d, destroyLeash=true, surface=Surface(name=AppWindowToken{590aaa3 token=Token{4f999d2 ActivityRecord{7e71c5d u0 com.android.todolist/.MainActivity t23735}}})/@0x1430bfc
07-16 13:51:12.198  4311  4356 V WindowManager: Setting visibility of Window{3794dff u0 com.android.todolist/com.android.todolist.MainActivity}: false, caller=com.android.server.wm.WindowContainer.sendAppVisibilityToClients:640 com.android.server.wm.AppWindowToken.setClientHidden:621 com.android.server.wm.AppWindowToken.onAnimationFinished:3516 com.android.server.wm.-$$Lambda$yVRF8YoeNdTa8GR1wDStVsHu8xM.run:2 com.android.server.wm.SurfaceAnimator.lambda$getFinishedCallback$0$SurfaceAnimator:100 
07-16 13:51:12.198  4311  4356 I WindowManager: Reparenting to original parent: Surface(name=Task=23735)/@0x2954c8d, destroyLeash=true, surface=Surface(name=AppWindowToken{e9e4e1 token=Token{2727e48 ActivityRecord{f9790eb u0 com.android.todolist/.ListActivity t23735}}})/@0x9e94c45
07-16 13:51:12.202  3869  3869 I SurfaceFlinger:      DEVICE | 0x7bc7c69fc0 | 0002 | RGBA_8888 |   0.0    0.0  720.0 1560.0 |    0    0  720 1560 | com.android.todolist/com.android.todolist.ListActivity$_26005#0
07-16 13:51:12.202  3869  3928 I Layer   : id=23765 removeFromCurrentState Surface(name=AppWindowToken{590aaa3 token=Token{4f999d2 ActivityRecord{7e71c5d u0 com.android.todolist/.MainActivity t23735}}})/@0x1430bfc - animation-leash#0 (127)
07-16 13:51:12.202  3869  3928 I Layer   : id=23766 removeFromCurrentState Surface(name=AppWindowToken{590aaa3 token=Token{4f999d2 ActivityRecord{7e71c5d u0 com.android.todolist/.MainActivity t23735}}})/@0x1430bfc - animation-bounds#0 (127)
07-16 13:51:12.202  3869  3928 I Layer   : id=23769 removeFromCurrentState Surface(name=AppWindowToken{e9e4e1 token=Token{2727e48 ActivityRecord{f9790eb u0 com.android.todolist/.ListActivity t23735}}})/@0x9e94c45 - animation-leash#0 (127)
07-16 13:51:12.202  3869  3928 I Layer   : id=23770 removeFromCurrentState Surface(name=AppWindowToken{e9e4e1 token=Token{2727e48 ActivityRecord{f9790eb u0 com.android.todolist/.ListActivity t23735}}})/@0x9e94c45 - animation-bounds#0 (127)
07-16 13:51:12.204  3869  3928 I SurfaceFlinger: id=23765 Removed Surface(name=AppWindowToken{590aaa3 token=Token{4f999d2 ActivityRecord{7e71c5d u0 com.android.todolist/.MainActivity t23735}}})/@0x1430bfc - animation-leash#0 (127)
07-16 13:51:12.204  3869  3928 I SurfaceFlinger: id=23766 Removed Surface(name=AppWindowToken{590aaa3 token=Token{4f999d2 ActivityRecord{7e71c5d u0 com.android.todolist/.MainActivity t23735}}})/@0x1430bfc - animation-bounds#0 (127)
07-16 13:51:12.204  3869  3928 I SurfaceFlinger: id=23769 Removed Surface(name=AppWindowToken{e9e4e1 token=Token{2727e48 ActivityRecord{f9790eb u0 com.android.todolist/.ListActivity t23735}}})/@0x9e94c45 - animation-leash#0 (127)
07-16 13:51:12.204  3869  5053 I SurfaceFlinger: id=23770 Removed Surface(name=AppWindowToken{e9e4e1 token=Token{2727e48 ActivityRecord{f9790eb u0 com.android.todolist/.ListActivity t23735}}})/@0x9e94c45 - animation-bounds#0 (127)
07-16 13:51:12.213  3869  3869 I Layer   : id=23766[1] Destroyed Surface(name=AppWindowToken{590aaa3 token=Token{4f999d2 ActivityRecord{7e71c5d u0 com.android.todolist/.MainActivity t23735}}})/@0x1430bfc - animation-bounds#0
07-16 13:51:12.213  3869  3869 I Layer   : id=23765[1] Destroyed Surface(name=AppWindowToken{590aaa3 token=Token{4f999d2 ActivityRecord{7e71c5d u0 com.android.todolist/.MainActivity t23735}}})/@0x1430bfc - animation-leash#0
07-16 13:51:12.213  3869  3869 I Layer   : id=23770[1] Destroyed Surface(name=AppWindowToken{e9e4e1 token=Token{2727e48 ActivityRecord{f9790eb u0 com.android.todolist/.ListActivity t23735}}})/@0x9e94c45 - animation-bounds#0
07-16 13:51:12.213  3869  3869 I Layer   : id=23769[1] Destroyed Surface(name=AppWindowToken{e9e4e1 token=Token{2727e48 ActivityRecord{f9790eb u0 com.android.todolist/.ListActivity t23735}}})/@0x9e94c45 - animation-leash#0
07-16 13:51:12.218  3869  3928 E BufferQueueProducer: [com.android.todolist/com.android.todolist.MainActivity$_26005#0] disconnect: not connected (req=1)
07-16 13:51:12.219  4311 13758 V WindowManager: Relayout Window{3794dff u0 com.android.todolist/com.android.todolist.MainActivity}: viewVisibility=8 req=720x1560
07-16 13:51:12.233  4311  5424 V WindowManager: Relayout Window{3794dff u0 com.android.todolist/com.android.todolist.MainActivity}: viewVisibility=8 req=720x1560
07-16 13:51:12.240  4311  4345 E WindowManager: win=Window{3794dff u0 com.android.todolist/com.android.todolist.MainActivity} destroySurfaces: appStopped=true win.mWindowRemovalAllowed=false win.mRemoveOnExit=false win.mViewVisibility=8 caller=com.android.server.wm.AppWindowToken.destroySurfaces:1199 com.android.server.wm.AppWindowToken.destroySurfaces:1180 com.android.server.wm.AppWindowToken.notifyAppStopped:1235 com.android.server.wm.ActivityRecord.activityStoppedLocked:2597 com.android.server.wm.ActivityTaskManagerService.activityStopped:2380 android.app.IActivityTaskManager$Stub.onTransact:2180 android.os.Binder.execTransactInternal:1056 
07-16 13:51:12.240  4311  4345 I WindowManager: Destroying surface Surface(name=com.android.todolist/com.android.todolist.MainActivity$_26005)/@0x64692bb called by com.android.server.wm.WindowStateAnimator.destroySurface:1734 com.android.server.wm.WindowStateAnimator.destroySurfaceLocked:693 com.android.server.wm.WindowState.destroySurfaceUnchecked:3482 com.android.server.wm.WindowState.destroySurface:3456 com.android.server.wm.AppWindowToken.destroySurfaces:1199 com.android.server.wm.AppWindowToken.destroySurfaces:1180 com.android.server.wm.AppWindowToken.notifyAppStopped:1235 com.android.server.wm.ActivityRecord.activityStoppedLocked:2597 
07-16 13:51:12.241  3869  3928 I Layer   : id=23750 removeFromCurrentState com.android.todolist/com.android.todolist.MainActivity$_26005#0 (121)
07-16 13:51:12.249  3869  3928 I SurfaceFlinger: id=23750 Removed com.android.todolist/com.android.todolist.MainActivity$_26005#0 (121)
07-16 13:51:12.263  3869  3869 I Layer   : id=23750[1] Destroyed com.android.todolist/com.android.todolist.MainActivity$_26005#0
07-16 13:51:13.630  4311  5424 W NotificationService: Toast already killed. pkg=com.android.todolist callback=android.app.ITransientNotification$Stub$Proxy@32715f0
07-16 13:51:14.130  3869  3869 I SurfaceFlinger:      DEVICE | 0x7bc7c6ad80 | 0002 | RGBA_8888 |   0.0    0.0  720.0 1560.0 |    0    0  720 1560 | com.android.todolist/com.android.todolist.ListActivity$_26005#0
07-16 13:51:45.366  4311  4311 D GameManagerService: identifyGamePackage. com.android.todolist, mCurrentUserId: 0, callerUserId: 0
07-16 13:51:45.366  4311  4311 D GamePkgDataHelper: getGamePkgData(). com.android.todolist
07-16 13:51:45.390  4311  4353 V WindowManager: Changing focus from Window{22ec3d5 u0 com.android.todolist/com.android.todolist.ListActivity} to null displayId=0 Callers=com.android.server.wm.RootWindowContainer.updateFocusedWindowLocked:203 com.android.server.wm.WindowManagerService.updateFocusedWindowLocked:6107 com.android.server.wm.ActivityDisplay.setFocusedApp:1529 com.android.server.wm.ActivityTaskManagerService.setResumedActivityUncheckLocked:6719 com.android.server.wm.ActivityRecord.moveFocusableActivityToTop:1810 com.android.server.wm.ActivityStack.moveTaskToFrontLocked:5557 
07-16 13:51:45.478  4311  4356 I WindowManager: Reparenting to leash, surface=Surface(name=AppWindowToken{e9e4e1 token=Token{2727e48 ActivityRecord{f9790eb u0 com.android.todolist/.ListActivity t23735}}})/@0x9e94c45
07-16 13:51:45.478  3869  5053 I SurfaceFlinger: createSurf start. lock debugging [Surface(name=AppWindowToken{e9e4e1 token=Token{2727e48 ActivityRecord{f9790eb u0 com.android.todolist/.ListActivity t23735}}})/@0x9e94c45 - animation-leash]
07-16 13:51:45.479  3869  5053 I SurfaceFlinger: id=23774 createSurf (0x0),-1 flag=80004, Surface(name=AppWindowToken{e9e4e1 token=Token{2727e48 ActivityRecord{f9790eb u0 com.android.todolist/.ListActivity t23735}}})/@0x9e94c45 - animation-leash#0
07-16 13:51:45.480  4311  4356 D WindowManager: makeSurface duration=2 leash=Surface(name=Surface(name=AppWindowToken{e9e4e1 token=Token{2727e48 ActivityRecord{f9790eb u0 com.android.todolist/.ListActivity t23735}}})/@0x9e94c45 - animation-leash)/@0x60c603
07-16 13:51:45.523  3869  3869 I SurfaceFlinger:      DEVICE | 0x7bc7c6a240 | 0002 | RGBA_8888 |   0.0    0.0  720.0 1560.0 |    0    0  720 1560 | com.android.todolist/com.android.todolist.ListActivity$_26005#0
07-16 13:51:45.544  3869  3869 I SurfaceFlinger:      CLIENT | 0x7bc7c6a240 | 0002 | RGBA_8888 |   0.0    0.0  720.0 1560.0 |    2    6  718 1554 | com.android.todolist/com.android.todolist.ListActivity$_26005#0
07-16 13:51:45.635  4311  4855 I WindowManager: Reparenting to original parent: Surface(name=Task=23735)/@0x2954c8d, destroyLeash=true, surface=Surface(name=AppWindowToken{e9e4e1 token=Token{2727e48 ActivityRecord{f9790eb u0 com.android.todolist/.ListActivity t23735}}})/@0x9e94c45
07-16 13:51:45.635  4311  4855 V WindowManager: Setting visibility of Window{22ec3d5 u0 com.android.todolist/com.android.todolist.ListActivity}: false, caller=com.android.server.wm.WindowContainer.sendAppVisibilityToClients:640 com.android.server.wm.AppWindowToken.setClientHidden:621 com.android.server.wm.AppWindowToken.onAnimationFinished:3516 com.android.server.wm.-$$Lambda$yVRF8YoeNdTa8GR1wDStVsHu8xM.run:2 com.android.server.wm.SurfaceAnimator.lambda$getFinishedCallback$0$SurfaceAnimator:100 
07-16 13:51:45.639  3869  4295 I Layer   : id=23774 removeFromCurrentState Surface(name=AppWindowToken{e9e4e1 token=Token{2727e48 ActivityRecord{f9790eb u0 com.android.todolist/.ListActivity t23735}}})/@0x9e94c45 - animation-leash#0 (122)
07-16 13:51:45.639  3869  4295 I Layer   : id=23763 removeFromCurrentState 22ec3d5 com.android.todolist/com.android.todolist.ListActivity#0 (122)
07-16 13:51:45.639  3869  4295 I Layer   : id=23759 removeFromCurrentState AppWindowToken{e9e4e1 token=Token{2727e48 ActivityRecord{f9790eb u0 com.android.todolist/.ListActivity t23735}}}#0 (122)
07-16 13:51:45.639  3869  4295 I Layer   : id=23764 removeFromCurrentState com.android.todolist/com.android.todolist.ListActivity$_26005#0 (122)
07-16 13:51:45.650  3869  3869 E Layer   : [Surface(name=AppWindowToken{e9e4e1 token=Token{2727e48 ActivityRecord{f9790eb u0 com.android.todolist/.ListActivity t23735}}})/@0x9e94c45 - animation-leash#0] No local sync point found
07-16 13:51:45.658  3869  4295 E BufferQueueProducer: [com.android.todolist/com.android.todolist.ListActivity$_26005#0] disconnect: not connected (req=1)
07-16 13:51:45.660  4311  4855 V WindowManager: Relayout Window{22ec3d5 u0 com.android.todolist/com.android.todolist.ListActivity}: viewVisibility=8 req=720x1560
07-16 13:51:45.684  4311  4855 V WindowManager: Relayout Window{22ec3d5 u0 com.android.todolist/com.android.todolist.ListActivity}: viewVisibility=8 req=720x1560
07-16 13:51:45.695  4311  4492 E WindowManager: win=Window{22ec3d5 u0 com.android.todolist/com.android.todolist.ListActivity} destroySurfaces: appStopped=true win.mWindowRemovalAllowed=false win.mRemoveOnExit=false win.mViewVisibility=8 caller=com.android.server.wm.AppWindowToken.destroySurfaces:1199 com.android.server.wm.AppWindowToken.destroySurfaces:1180 com.android.server.wm.AppWindowToken.notifyAppStopped:1235 com.android.server.wm.ActivityRecord.activityStoppedLocked:2597 com.android.server.wm.ActivityTaskManagerService.activityStopped:2380 android.app.IActivityTaskManager$Stub.onTransact:2180 android.os.Binder.execTransactInternal:1056 
07-16 13:51:45.695  4311  4492 I WindowManager: Destroying surface Surface(name=com.android.todolist/com.android.todolist.ListActivity$_26005)/@0x636c910 called by com.android.server.wm.WindowStateAnimator.destroySurface:1734 com.android.server.wm.WindowStateAnimator.destroySurfaceLocked:693 com.android.server.wm.WindowState.destroySurfaceUnchecked:3482 com.android.server.wm.WindowState.destroySurface:3456 com.android.server.wm.AppWindowToken.destroySurfaces:1199 com.android.server.wm.AppWindowToken.destroySurfaces:1180 com.android.server.wm.AppWindowToken.notifyAppStopped:1235 com.android.server.wm.ActivityRecord.activityStoppedLocked:2597 
07-16 13:51:45.695  3869  4295 I Layer   : id=23764 removeFromCurrentState com.android.todolist/com.android.todolist.ListActivity$_26005#0 (122)
07-16 13:51:45.705  3869  4295 I SurfaceFlinger: id=23764 Removed com.android.todolist/com.android.todolist.ListActivity$_26005#0 (122)
07-16 13:51:45.716  3869  3869 I Layer   : id=23764[1] Destroyed com.android.todolist/com.android.todolist.ListActivity$_26005#0
07-16 13:51:57.936  3869  3935 I SurfaceFlinger: id=23735 Removed AppWindowToken{e9a3cd1 token=Token{62e7ff8 ActivityRecord{680cb5b u0 com.android.todolist/.ListActivity t23735}}}#0 (121)
07-16 13:51:57.938  3869  3869 I Layer   : id=23735[1] Destroyed AppWindowToken{e9a3cd1 token=Token{62e7ff8 ActivityRecord{680cb5b u0 com.android.todolist/.ListActivity t23735}}}#0
07-16 13:53:28.905 26355 26372 I SmProvider: makeValuesForFasUpdate contentValues=package_name=com.android.todolist extras=0 uid=10263 level=1 resetTime=1626432705391
07-16 14:00:04.699  3869  4295 I SurfaceFlinger: id=23648 Removed Surface(name=AppWindowToken{117fc1a token=Token{a23fac5 ActivityRecord{2396d3c u0 com.android.todolist/.MainActivity t23735}}})/@0xc1279b1 - animation-leash#0 (133)
07-16 14:00:04.704  3869  4295 I SurfaceFlinger: id=23774 Removed Surface(name=AppWindowToken{e9e4e1 token=Token{2727e48 ActivityRecord{f9790eb u0 com.android.todolist/.ListActivity t23735}}})/@0x9e94c45 - animation-leash#0 (133)
07-16 14:00:04.707  3869  3869 I Layer   : id=23774[1] Destroyed Surface(name=AppWindowToken{e9e4e1 token=Token{2727e48 ActivityRecord{f9790eb u0 com.android.todolist/.ListActivity t23735}}})/@0x9e94c45 - animation-leash#0
07-16 14:00:04.707  3869  3869 I Layer   : id=23648[1] Destroyed Surface(name=AppWindowToken{117fc1a token=Token{a23fac5 ActivityRecord{2396d3c u0 com.android.todolist/.MainActivity t23735}}})/@0xc1279b1 - animation-leash#0
07-16 14:07:38.320  4311  4346 I ActivityTaskManager: START u0 {act=android.intent.action.MAIN cat=[android.intent.category.LAUNCHER] flg=0x10200000 cmp=com.android.todolist/.MainActivity bnds=[26,918][191,1162]} from uid 10086
07-16 14:07:38.347  4311  4355 D GameSDKService: MultiWindowEventListener.onFocusStackChanged(), state=0, top=ComponentInfo{com.android.todolist/com.android.todolist.ListActivity}
07-16 14:07:38.361  4311  4345 V WindowManager: Setting visibility of Window{22ec3d5 u0 com.android.todolist/com.android.todolist.ListActivity}: true, caller=com.android.server.wm.WindowContainer.sendAppVisibilityToClients:640 com.android.server.wm.AppWindowToken.setClientHidden:621 com.android.server.wm.AppWindowToken.setVisibility:717 com.android.server.wm.ActivityRecord.setVisibility:2135 com.android.server.wm.ActivityStack.resumeTopActivityInnerLocked:3376 
07-16 14:07:38.369  4311  4345 D MARsPolicyManager: onPackageResumedFG pkgName = com.android.todolist, userId = 0
07-16 14:07:38.381  4311  4345 I WindowManager: Reparenting to leash, surface=Surface(name=AppWindowToken{e9e4e1 token=Token{2727e48 ActivityRecord{f9790eb u0 com.android.todolist/.ListActivity t23735}}})/@0x9e94c45
